Archive member included to satisfy reference by file (symbol)

C:/PROGRA~2/ARMGNU~1/14EFD8~1.2RE/bin/../lib/gcc/arm-none-eabi/14.2.1/thumb/v7e-m/nofp\libgcc.a(_arm_muldf3.o)
                              CMakeFiles/h723.elf.dir/Libraries/mongoose/mongoose.c.obj (__aeabi_dmul)
C:/PROGRA~2/ARMGNU~1/14EFD8~1.2RE/bin/../lib/gcc/arm-none-eabi/14.2.1/thumb/v7e-m/nofp\libgcc.a(_arm_mulsf3.o)
                              CMakeFiles/h723.elf.dir/Core/Src/system_stm32h7xx.c.obj (__aeabi_fmul)
C:/PROGRA~2/ARMGNU~1/14EFD8~1.2RE/bin/../lib/gcc/arm-none-eabi/14.2.1/thumb/v7e-m/nofp\libgcc.a(_arm_addsubdf3.o)
                              CMakeFiles/h723.elf.dir/Libraries/mongoose/mongoose.c.obj (__aeabi_dsub)
C:/PROGRA~2/ARMGNU~1/14EFD8~1.2RE/bin/../lib/gcc/arm-none-eabi/14.2.1/thumb/v7e-m/nofp\libgcc.a(_arm_muldivdf3.o)
                              CMakeFiles/h723.elf.dir/Libraries/mongoose/mongoose.c.obj (__aeabi_ddiv)
C:/PROGRA~2/ARMGNU~1/14EFD8~1.2RE/bin/../lib/gcc/arm-none-eabi/14.2.1/thumb/v7e-m/nofp\libgcc.a(_arm_cmpdf2.o)
                              CMakeFiles/h723.elf.dir/Libraries/mongoose/mongoose.c.obj (__aeabi_dcmpeq)
C:/PROGRA~2/ARMGNU~1/14EFD8~1.2RE/bin/../lib/gcc/arm-none-eabi/14.2.1/thumb/v7e-m/nofp\libgcc.a(_arm_fixdfsi.o)
                              CMakeFiles/h723.elf.dir/Libraries/mongoose/mongoose.c.obj (__aeabi_d2iz)
C:/PROGRA~2/ARMGNU~1/14EFD8~1.2RE/bin/../lib/gcc/arm-none-eabi/14.2.1/thumb/v7e-m/nofp\libgcc.a(_arm_fixunsdfsi.o)
                              CMakeFiles/h723.elf.dir/Libraries/mongoose/mongoose.c.obj (__aeabi_d2uiz)
C:/PROGRA~2/ARMGNU~1/14EFD8~1.2RE/bin/../lib/gcc/arm-none-eabi/14.2.1/thumb/v7e-m/nofp\libgcc.a(_arm_addsubsf3.o)
                              CMakeFiles/h723.elf.dir/Core/Src/system_stm32h7xx.c.obj (__aeabi_fadd)
C:/PROGRA~2/ARMGNU~1/14EFD8~1.2RE/bin/../lib/gcc/arm-none-eabi/14.2.1/thumb/v7e-m/nofp\libgcc.a(_arm_muldivsf3.o)
                              CMakeFiles/h723.elf.dir/Core/Src/system_stm32h7xx.c.obj (__aeabi_fdiv)
C:/PROGRA~2/ARMGNU~1/14EFD8~1.2RE/bin/../lib/gcc/arm-none-eabi/14.2.1/thumb/v7e-m/nofp\libgcc.a(_arm_fixsfsi.o)
                              CMakeFiles/h723.elf.dir/Libraries/canopenlibrary/CANopenNode/301/CO_PDO.c.obj (__aeabi_f2iz)
C:/PROGRA~2/ARMGNU~1/14EFD8~1.2RE/bin/../lib/gcc/arm-none-eabi/14.2.1/thumb/v7e-m/nofp\libgcc.a(_arm_fixunssfsi.o)
                              CMakeFiles/h723.elf.dir/Core/Src/system_stm32h7xx.c.obj (__aeabi_f2uiz)
C:/PROGRA~2/ARMGNU~1/14EFD8~1.2RE/bin/../lib/gcc/arm-none-eabi/14.2.1/thumb/v7e-m/nofp\libgcc.a(_aeabi_ldivmod.o)
                              CMakeFiles/h723.elf.dir/Libraries/mongoose/mongoose.c.obj (__aeabi_ldivmod)
C:/PROGRA~2/ARMGNU~1/14EFD8~1.2RE/bin/../lib/gcc/arm-none-eabi/14.2.1/thumb/v7e-m/nofp\libgcc.a(_aeabi_uldivmod.o)
                              CMakeFiles/h723.elf.dir/Drivers/STM32H7xx_HAL_Driver/Src/stm32h7xx_hal_uart.c.obj (__aeabi_uldivmod)
C:/PROGRA~2/ARMGNU~1/14EFD8~1.2RE/bin/../lib/gcc/arm-none-eabi/14.2.1/thumb/v7e-m/nofp\libgcc.a(_fixdfdi.o)
                              CMakeFiles/h723.elf.dir/Libraries/mongoose/mongoose.c.obj (__aeabi_d2lz)
C:/PROGRA~2/ARMGNU~1/14EFD8~1.2RE/bin/../lib/gcc/arm-none-eabi/14.2.1/thumb/v7e-m/nofp\libgcc.a(_fixunsdfdi.o)
                              C:/PROGRA~2/ARMGNU~1/14EFD8~1.2RE/bin/../lib/gcc/arm-none-eabi/14.2.1/thumb/v7e-m/nofp\libgcc.a(_fixdfdi.o) (__aeabi_d2ulz)
C:/PROGRA~2/ARMGNU~1/14EFD8~1.2RE/bin/../lib/gcc/arm-none-eabi/14.2.1/thumb/v7e-m/nofp\libgcc.a(_udivmoddi4.o)
                              C:/PROGRA~2/ARMGNU~1/14EFD8~1.2RE/bin/../lib/gcc/arm-none-eabi/14.2.1/thumb/v7e-m/nofp\libgcc.a(_aeabi_ldivmod.o) (__udivmoddi4)
C:/PROGRA~2/ARMGNU~1/14EFD8~1.2RE/bin/../lib/gcc/arm-none-eabi/14.2.1/thumb/v7e-m/nofp\libgcc.a(_dvmd_tls.o)
                              C:/PROGRA~2/ARMGNU~1/14EFD8~1.2RE/bin/../lib/gcc/arm-none-eabi/14.2.1/thumb/v7e-m/nofp\libgcc.a(_aeabi_ldivmod.o) (__aeabi_ldiv0)
C:/PROGRA~2/ARMGNU~1/14EFD8~1.2RE/bin/../lib/gcc/arm-none-eabi/14.2.1/thumb/v7e-m/nofp\libg.a(libc_a-abort.o)
                              CMakeFiles/h723.elf.dir/Libraries/mongoose/mongoose.c.obj (abort)
C:/PROGRA~2/ARMGNU~1/14EFD8~1.2RE/bin/../lib/gcc/arm-none-eabi/14.2.1/thumb/v7e-m/nofp\libg.a(libc_a-atoi.o)
                              CMakeFiles/h723.elf.dir/Libraries/mongoose/mongoose.c.obj (atoi)
C:/PROGRA~2/ARMGNU~1/14EFD8~1.2RE/bin/../lib/gcc/arm-none-eabi/14.2.1/thumb/v7e-m/nofp\libg.a(libc_a-calloc.o)
                              CMakeFiles/h723.elf.dir/Libraries/canopenlibrary/CANopenNode/CANopen.c.obj (calloc)
C:/PROGRA~2/ARMGNU~1/14EFD8~1.2RE/bin/../lib/gcc/arm-none-eabi/14.2.1/thumb/v7e-m/nofp\libg.a(libc_a-callocr.o)
                              C:/PROGRA~2/ARMGNU~1/14EFD8~1.2RE/bin/../lib/gcc/arm-none-eabi/14.2.1/thumb/v7e-m/nofp\libg.a(libc_a-calloc.o) (_calloc_r)
C:/PROGRA~2/ARMGNU~1/14EFD8~1.2RE/bin/../lib/gcc/arm-none-eabi/14.2.1/thumb/v7e-m/nofp\libg.a(libc_a-exit.o)
[...]
Memory Configuration

Name             Origin             Length             Attributes
ITCMRAM          0x00000000         0x00010000         xrw
DTCMRAM          0x20000000         0x00020000         xrw
FLASH            0x08000000         0x00040000         xr
HISTORY_SAVE     0x08040000         0x00020000         xr
FILE_SAVE        0x08060000         0x000a0000         xr
RAM_D1           0x24000000         0x00050000         xrw
RAM_D2           0x30000000         0x00008000         xrw
RAM_D3           0x38000000         0x00004000         xrw
*default*        0x00000000         0xffffffff

Linker script and memory map

LOAD C:/PROGRA~2/ARMGNU~1/14EFD8~1.2RE/bin/../lib/gcc/arm-none-eabi/14.2.1/thumb/v7e-m/nofp/crti.o
LOAD C:/PROGRA~2/ARMGNU~1/14EFD8~1.2RE/bin/../lib/gcc/arm-none-eabi/14.2.1/thumb/v7e-m/nofp/crtbegin.o
LOAD C:/PROGRA~2/ARMGNU~1/14EFD8~1.2RE/bin/../lib/gcc/arm-none-eabi/14.2.1/thumb/v7e-m/nofp/crt0.o
LOAD CMakeFiles/h723.elf.dir/Core/ODCrit.c.obj
LOAD CMakeFiles/h723.elf.dir/Core/ODGen.c.obj
LOAD CMakeFiles/h723.elf.dir/Core/Src/eth.c.obj
LOAD CMakeFiles/h723.elf.dir/Core/Src/fdcan.c.obj
LOAD CMakeFiles/h723.elf.dir/Core/Src/gpio.c.obj
LOAD CMakeFiles/h723.elf.dir/Core/Src/main.c.obj
LOAD CMakeFiles/h723.elf.dir/Core/Src/memorymap.c.obj
LOAD CMakeFiles/h723.elf.dir/Core/Src/rng.c.obj
LOAD CMakeFiles/h723.elf.dir/Core/Src/stm32h7xx_hal_msp.c.obj
LOAD CMakeFiles/h723.elf.dir/Core/Src/stm32h7xx_it.c.obj
LOAD CMakeFiles/h723.elf.dir/Core/Src/syscalls.c.obj
LOAD CMakeFiles/h723.elf.dir/Core/Src/sysmem.c.obj
LOAD CMakeFiles/h723.elf.dir/Core/Src/system_stm32h7xx.c.obj
LOAD CMakeFiles/h723.elf.dir/Core/Src/usart.c.obj
LOAD CMakeFiles/h723.elf.dir/Core/Startup/startup_stm32h723zgtx.s.obj
LOAD CMakeFiles/h723.elf.dir/Core/boards.c.obj
LOAD CMakeFiles/h723.elf.dir/Core/errors.c.obj
LOAD CMakeFiles/h723.elf.dir/Core/flash_over_can.c.obj
LOAD CMakeFiles/h723.elf.dir/Core/flashing_history.c.obj
LOAD CMakeFiles/h723.elf.dir/Core/globals.c.obj
LOAD CMakeFiles/h723.elf.dir/Core/init.c.obj
LOAD CMakeFiles/h723.elf.dir/Core/remote_reboot.c.obj
LOAD CMakeFiles/h723.elf.dir/Drivers/STM32H7xx_HAL_Driver/Src/stm32h7xx_hal.c.obj
LOAD CMakeFiles/h723.elf.dir/Drivers/STM32H7xx_HAL_Driver/Src/stm32h7xx_hal_cortex.c.obj
LOAD CMakeFiles/h723.elf.dir/Drivers/STM32H7xx_HAL_Driver/Src/stm32h7xx_hal_dma.c.obj
LOAD CMakeFiles/h723.elf.dir/Drivers/STM32H7xx_HAL_Driver/Src/stm32h7xx_hal_dma_ex.c.obj
LOAD CMakeFiles/h723.elf.dir/Drivers/STM32H7xx_HAL_Driver/Src/stm32h7xx_hal_eth.c.obj
LOAD CMakeFiles/h723.elf.dir/Drivers/STM32H7xx_HAL_Driver/Src/stm32h7xx_hal_eth_ex.c.obj
LOAD CMakeFiles/h723.elf.dir/Drivers/STM32H7xx_HAL_Driver/Src/stm32h7xx_hal_exti.c.obj
LOAD CMakeFiles/h723.elf.dir/Drivers/STM32H7xx_HAL_Driver/Src/stm32h7xx_hal_fdcan.c.obj
LOAD CMakeFiles/h723.elf.dir/Drivers/STM32H7xx_HAL_Driver/Src/stm32h7xx_hal_flash.c.obj
LOAD CMakeFiles/h723.elf.dir/Drivers/STM32H7xx_HAL_Driver/Src/stm32h7xx_hal_flash_ex.c.obj
LOAD CMakeFiles/h723.elf.dir/Drivers/STM32H7xx_HAL_Driver/Src/stm32h7xx_hal_gpio.c.obj
LOAD CMakeFiles/h723.elf.dir/Drivers/STM32H7xx_HAL_Driver/Src/stm32h7xx_hal_hsem.c.obj
LOAD CMakeFiles/h723.elf.dir/Drivers/STM32H7xx_HAL_Driver/Src/stm32h7xx_hal_i2c.c.obj
LOAD CMakeFiles/h723.elf.dir/Drivers/STM32H7xx_HAL_Driver/Src/stm32h7xx_hal_i2c_ex.c.obj
LOAD CMakeFiles/h723.elf.dir/Drivers/STM32H7xx_HAL_Driver/Src/stm32h7xx_hal_mdma.c.obj
LOAD CMakeFiles/h723.elf.dir/Drivers/STM32H7xx_HAL_Driver/Src/stm32h7xx_hal_pwr.c.obj
LOAD CMakeFiles/h723.elf.dir/Drivers/STM32H7xx_HAL_Driver/Src/stm32h7xx_hal_pwr_ex.c.obj
LOAD CMakeFiles/h723.elf.dir/Drivers/STM32H7xx_HAL_Driver/Src/stm32h7xx_hal_rcc.c.obj
LOAD CMakeFiles/h723.elf.dir/Drivers/STM32H7xx_HAL_Driver/Src/stm32h7xx_hal_rcc_ex.c.obj
LOAD CMakeFiles/h723.elf.dir/Drivers/STM32H7xx_HAL_Driver/Src/stm32h7xx_hal_rng.c.obj
LOAD CMakeFiles/h723.elf.dir/Drivers/STM32H7xx_HAL_Driver/Src/stm32h7xx_hal_rng_ex.c.obj
LOAD CMakeFiles/h723.elf.dir/Drivers/STM32H7xx_HAL_Driver/Src/stm32h7xx_hal_tim.c.obj
LOAD CMakeFiles/h723.elf.dir/Drivers/STM32H7xx_HAL_Driver/Src/stm32h7xx_hal_tim_ex.c.obj
LOAD CMakeFiles/h723.elf.dir/Drivers/STM32H7xx_HAL_Driver/Src/stm32h7xx_hal_uart.c.obj
LOAD CMakeFiles/h723.elf.dir/Drivers/STM32H7xx_HAL_Driver/Src/stm32h7xx_hal_uart_ex.c.obj
LOAD CMakeFiles/h723.elf.dir/Libraries/canopenlibrary/CANopenNode/301/CO_Emergency.c.obj
LOAD CMakeFiles/h723.elf.dir/Libraries/canopenlibrary/CANopenNode/301/CO_HBconsumer.c.obj
LOAD CMakeFiles/h723.elf.dir/Libraries/canopenlibrary/CANopenNode/301/CO_NMT_Heartbeat.c.obj
LOAD CMakeFiles/h723.elf.dir/Libraries/canopenlibrary/CANopenNode/301/CO_ODinterface.c.obj
LOAD CMakeFiles/h723.elf.dir/Libraries/canopenlibrary/CANopenNode/301/CO_PDO.c.obj
LOAD CMakeFiles/h723.elf.dir/Libraries/canopenlibrary/CANopenNode/301/CO_SDOclient.c.obj
LOAD CMakeFiles/h723.elf.dir/Libraries/canopenlibrary/CANopenNode/301/CO_SDOserver.c.obj
LOAD CMakeFiles/h723.elf.dir/Libraries/canopenlibrary/CANopenNode/301/CO_SYNC.c.obj
LOAD CMakeFiles/h723.elf.dir/Libraries/canopenlibrary/CANopenNode/301/CO_TIME.c.obj
LOAD CMakeFiles/h723.elf.dir/Libraries/canopenlibrary/CANopenNode/301/CO_fifo.c.obj
LOAD CMakeFiles/h723.elf.dir/Libraries/canopenlibrary/CANopenNode/301/crc16-ccitt.c.obj
LOAD CMakeFiles/h723.elf.dir/Libraries/canopenlibrary/CANopenNode/303/CO_LEDs.c.obj
LOAD CMakeFiles/h723.elf.dir/Libraries/canopenlibrary/CANopenNode/304/CO_GFC.c.obj
LOAD CMakeFiles/h723.elf.dir/Libraries/canopenlibrary/CANopenNode/304/CO_SRDO.c.obj
LOAD CMakeFiles/h723.elf.dir/Libraries/canopenlibrary/CANopenNode/305/CO_LSSmaster.c.obj
LOAD CMakeFiles/h723.elf.dir/Libraries/canopenlibrary/CANopenNode/305/CO_LSSslave.c.obj
LOAD CMakeFiles/h723.elf.dir/Libraries/canopenlibrary/CANopenNode/309/CO_gateway_ascii.c.obj
LOAD CMakeFiles/h723.elf.dir/Libraries/canopenlibrary/CANopenNode/CANopen.c.obj
LOAD CMakeFiles/h723.elf.dir/Libraries/canopenlibrary/CANopenNode/extra/CO_trace.c.obj
LOAD CMakeFiles/h723.elf.dir/Libraries/canopenlibrary/CANopenNode/storage/CO_storage.c.obj
LOAD CMakeFiles/h723.elf.dir/Libraries/canopenlibrary/CANopenNode/storage/CO_storageEeprom.c.obj
LOAD CMakeFiles/h723.elf.dir/Libraries/canopenlibrary/CO_Can_Driver.c.obj
LOAD CMakeFiles/h723.elf.dir/Libraries/canopenlibrary/CO_FDCan_Driver.c.obj
LOAD CMakeFiles/h723.elf.dir/Libraries/canopenlibrary/Canopen_EEPROM.c.obj
LOAD CMakeFiles/h723.elf.dir/Libraries/canopenlibrary/Canopen_Main.c.obj
LOAD CMakeFiles/h723.elf.dir/Libraries/mongoose/mongoose.c.obj
LOAD CMakeFiles/h723.elf.dir/Libraries/mongoose/mongoose_fs.c.obj
LOAD CMakeFiles/h723.elf.dir/Libraries/mongoose/mongoose_glue.c.obj
LOAD CMakeFiles/h723.elf.dir/Libraries/mongoose/mongoose_impl.c.obj
START GROUP
LOAD C:/PROGRA~2/ARMGNU~1/14EFD8~1.2RE/bin/../lib/gcc/arm-none-eabi/14.2.1/thumb/v7e-m/nofp\libgcc.a
LOAD C:/PROGRA~2/ARMGNU~1/14EFD8~1.2RE/bin/../lib/gcc/arm-none-eabi/14.2.1/thumb/v7e-m/nofp\libg.a
LOAD C:/PROGRA~2/ARMGNU~1/14EFD8~1.2RE/bin/../lib/gcc/arm-none-eabi/14.2.1/thumb/v7e-m/nofp\libc.a
END GROUP
LOAD C:/PROGRA~2/ARMGNU~1/14EFD8~1.2RE/bin/../lib/gcc/arm-none-eabi/14.2.1/thumb/v7e-m/nofp/crtend.o
LOAD C:/PROGRA~2/ARMGNU~1/14EFD8~1.2RE/bin/../lib/gcc/arm-none-eabi/14.2.1/thumb/v7e-m/nofp/crtn.o
                0x24050000                        _estack = (ORIGIN (RAM_D1) + LENGTH (RAM_D1))
                0x00000200                        _Min_Heap_Size = 0x200
                0x00000400                        _Min_Stack_Size = 0x400

.isr_vector     0x08000000      0x2cc
                0x08000000                        . = ALIGN (0x4)
 *(.isr_vector)
 .isr_vector    0x08000000      0x2cc CMakeFiles/h723.elf.dir/Core/Startup/startup_stm32h723zgtx.s.obj
                0x08000000                g_pfnVectors
                0x080002cc                        . = ALIGN (0x4)

.text           0x08000300    0x25960
                0x08000300                        . = ALIGN (0x4)
 *(.text)
 .text          0x08000300      0x378 C:/PROGRA~2/ARMGNU~1/14EFD8~1.2RE/bin/../lib/gcc/arm-none-eabi/14.2.1/thumb/v7e-m/nofp\libgcc.a(_arm_addsubdf3.o)
                0x08000300                __aeabi_drsub
                0x08000308                __aeabi_dsub
                0x08000308                __subdf3
                0x0800030c                __aeabi_dadd
                0x0800030c                __adddf3
                0x08000584                __floatunsidf
                0x08000584                __aeabi_ui2d
                0x080005a4                __floatsidf
                0x080005a4                __aeabi_i2d
                0x080005c8                __aeabi_f2d
                0x080005c8                __extendsfdf2
                0x0800060c                __floatundidf
                0x0800060c                __aeabi_ul2d
                0x0800061c                __floatdidf
                0x0800061c                __aeabi_l2d
 .text          0x08000678      0x424 C:/PROGRA~2/ARMGNU~1/14EFD8~1.2RE/bin/../lib/gcc/arm-none-eabi/14.2.1/thumb/v7e-m/nofp\libgcc.a(_arm_muldivdf3.o)
                0x08000678                __aeabi_dmul
                0x08000678                __muldf3
                0x080008cc                __divdf3
                0x080008cc                __aeabi_ddiv
 .text          0x08000a9c      0x110 C:/PROGRA~2/ARMGNU~1/14EFD8~1.2RE/bin/../lib/gcc/arm-none-eabi/14.2.1/thumb/v7e-m/nofp\libgcc.a(_arm_cmpdf2.o)
                0x08000a9c                __gtdf2
                0x08000a9c                __gedf2
                0x08000aa4                __ltdf2
                0x08000aa4                __ledf2
                0x08000aac                __nedf2
                0x08000aac                __eqdf2
                0x08000aac                __cmpdf2
                0x08000b28                __aeabi_cdrcmple
                0x08000b38                __aeabi_cdcmpeq
                0x08000b38                __aeabi_cdcmple
                0x08000b48                __aeabi_dcmpeq
                0x08000b5c                __aeabi_dcmplt
                0x08000b70                __aeabi_dcmple
                0x08000b84                __aeabi_dcmpge
                0x08000b98                __aeabi_dcmpgt
 .text          0x08000bac       0x50 C:/PROGRA~2/ARMGNU~1/14EFD8~1.2RE/bin/../lib/gcc/arm-none-eabi/14.2.1/thumb/v7e-m/nofp\libgcc.a(_arm_fixdfsi.o)
                0x08000bac                __aeabi_d2iz
                0x08000bac                __fixdfsi
 .text          0x08000bfc      0x21c C:/PROGRA~2/ARMGNU~1/14EFD8~1.2RE/bin/../lib/gcc/arm-none-eabi/14.2.1/thumb/v7e-m/nofp\libgcc.a(_arm_addsubsf3.o)
                0x08000bfc                __aeabi_frsub
                0x08000c04                __subsf3
                0x08000c04                __aeabi_fsub
                0x08000c08                __aeabi_fadd
                0x08000c08                __addsf3
                0x08000d68                __aeabi_ui2f
                0x08000d68                __floatunsisf
                0x08000d70                __aeabi_i2f
                0x08000d70                __floatsisf
                0x08000d8c                __aeabi_ul2f
                0x08000d8c                __floatundisf
                0x08000d9c                __aeabi_l2f
                0x08000d9c                __floatdisf
 .text          0x08000e18      0x2a0 C:/PROGRA~2/ARMGNU~1/14EFD8~1.2RE/bin/../lib/gcc/arm-none-eabi/14.2.1/thumb/v7e-m/nofp\libgcc.a(_arm_muldivsf3.o)
                0x08000e18                __mulsf3
                0x08000e18                __aeabi_fmul
                0x08000f80                __aeabi_fdiv
                0x08000f80                __divsf3
 .text          0x080010b8       0x4c C:/PROGRA~2/ARMGNU~1/14EFD8~1.2RE/bin/../lib/gcc/arm-none-eabi/14.2.1/thumb/v7e-m/nofp\libgcc.a(_arm_fixsfsi.o)
                0x080010b8                __aeabi_f2iz
                0x080010b8                __fixsfsi
 .text          0x08001104       0x40 C:/PROGRA~2/ARMGNU~1/14EFD8~1.2RE/bin/../lib/gcc/arm-none-eabi/14.2.1/thumb/v7e-m/nofp\libgcc.a(_arm_fixunssfsi.o)
                0x08001104                __fixunssfsi
                0x08001104                __aeabi_f2uiz
 .text          0x08001144       0x30 C:/PROGRA~2/ARMGNU~1/14EFD8~1.2RE/bin/../lib/gcc/arm-none-eabi/14.2.1/thumb/v7e-m/nofp\libgcc.a(_aeabi_uldivmod.o)
                0x08001144                __aeabi_uldivmod
 .text          0x08001174        0x4 C:/PROGRA~2/ARMGNU~1/14EFD8~1.2RE/bin/../lib/gcc/arm-none-eabi/14.2.1/thumb/v7e-m/nofp\libgcc.a(_dvmd_tls.o)
                0x08001174                __aeabi_idiv0
                0x08001174                __aeabi_ldiv0
 *fill*         0x08001178        0x8 
 .text          0x08001180      0x2e0 C:/PROGRA~2/ARMGNU~1/14EFD8~1.2RE/bin/../lib/gcc/arm-none-eabi/14.2.1/thumb/v7e-m/nofp\libg.a(libc_a-strcmp.o)
                0x08001180                strcmp
 .text          0x08001460       0xa0 C:/PROGRA~2/ARMGNU~1/14EFD8~1.2RE/bin/../lib/gcc/arm-none-eabi/14.2.1/thumb/v7e-m/nofp\libg.a(libc_a-memchr.o)
                0x08001460                memchr
 .text          0x08001500      0x134 C:/PROGRA~2/ARMGNU~1/14EFD8~1.2RE/bin/../lib/gcc/arm-none-eabi/14.2.1/thumb/v7e-m/nofp\libg.a(libc_a-memcpy.o)
                0x08001500                memcpy
 *fill*         0x08001634        0xc 
 .text          0x08001640       0xd8 C:/PROGRA~2/ARMGNU~1/14EFD8~1.2RE/bin/../lib/gcc/arm-none-eabi/14.2.1/thumb/v7e-m/nofp\libg.a(libc_a-strlen.o)
                0x08001640                strlen
 .text          0x08001718       0x2c C:/PROGRA~2/ARMGNU~1/14EFD8~1.2RE/bin/../lib/gcc/arm-none-eabi/14.2.1/thumb/v7e-m/nofp\libgcc.a(_arm_unorddf2.o)
                0x08001718                __unorddf2
                0x08001718                __aeabi_dcmpun
 *(.text*)
 .text.deregister_tm_clones
                0x08001744       0x1c C:/PROGRA~2/ARMGNU~1/14EFD8~1.2RE/bin/../lib/gcc/arm-none-eabi/14.2.1/thumb/v7e-m/nofp/crtbegin.o
 .text.register_tm_clones
                0x08001760       0x24 C:/PROGRA~2/ARMGNU~1/14EFD8~1.2RE/bin/../lib/gcc/arm-none-eabi/14.2.1/thumb/v7e-m/nofp/crtbegin.o
 .text.__do_global_dtors_aux
                0x08001784       0x28 C:/PROGRA~2/ARMGNU~1/14EFD8~1.2RE/bin/../lib/gcc/arm-none-eabi/14.2.1/thumb/v7e-m/nofp/crtbegin.o
 .text.frame_dummy
                0x080017ac       0x24 C:/PROGRA~2/ARMGNU~1/14EFD8~1.2RE/bin/../lib/gcc/arm-none-eabi/14.2.1/thumb/v7e-m/nofp/crtbegin.o
 .text.MX_ETH_Init
                0x080017d0       0x6c CMakeFiles/h723.elf.dir/Core/Src/eth.c.obj
                0x080017d0                MX_ETH_Init
 .text.HAL_ETH_MspInit
                0x0800183c      0x148 CMakeFiles/h723.elf.dir/Core/Src/eth.c.obj
                0x0800183c                HAL_ETH_MspInit
 .text.MX_FDCAN1_Init
                0x08001984       0x64 CMakeFiles/h723.elf.dir/Core/Src/fdcan.c.obj
                0x08001984                MX_FDCAN1_Init
 .text.MX_FDCAN2_Init
                0x080019e8       0x64 CMakeFiles/h723.elf.dir/Core/Src/fdcan.c.obj
                0x080019e8                MX_FDCAN2_Init
 .text.HAL_FDCAN_MspInit
                0x08001a4c      0x180 CMakeFiles/h723.elf.dir/Core/Src/fdcan.c.obj
                0x08001a4c                HAL_FDCAN_MspInit
 .text.MX_GPIO_Init
                0x08001bcc      0x18c CMakeFiles/h723.elf.dir/Core/Src/gpio.c.obj
                0x08001bcc                MX_GPIO_Init
 .text.mg_random
                0x08001d58       0x38 CMakeFiles/h723.elf.dir/Core/Src/main.c.obj
                0x08001d58                mg_random
 .text.mg_millis
                0x08001d90        0xa CMakeFiles/h723.elf.dir/Core/Src/main.c.obj
                0x08001d90                mg_millis
 *fill*         0x08001d9a        0x2 
 .text._write   0x08001d9c       0x20 CMakeFiles/h723.elf.dir/Core/Src/main.c.obj
                0x08001d9c                _write
 .text.Error_Handler
                0x08001dbc        0x4 CMakeFiles/h723.elf.dir/Core/Src/main.c.obj
                0x08001dbc                Error_Handler
 .text.SystemClock_Config
                0x08001dc0       0xb0 CMakeFiles/h723.elf.dir/Core/Src/main.c.obj
                0x08001dc0                SystemClock_Config
 .text.main     0x08001e70       0x30 CMakeFiles/h723.elf.dir/Core/Src/main.c.obj
                0x08001e70                main
 .text.MX_RNG_Init
                0x08001ea0       0x24 CMakeFiles/h723.elf.dir/Core/Src/rng.c.obj
                0x08001ea0                MX_RNG_Init
 .text.HAL_RNG_MspInit
                0x08001ec4       0x58 CMakeFiles/h723.elf.dir/Core/Src/rng.c.obj
                0x08001ec4                HAL_RNG_MspInit
 .text.HAL_MspInit
                0x08001f1c       0x24 CMakeFiles/h723.elf.dir/Core/Src/stm32h7xx_hal_msp.c.obj
                0x08001f1c                HAL_MspInit
 .text.NMI_Handler
                0x08001f40        0x2 CMakeFiles/h723.elf.dir/Core/Src/stm32h7xx_it.c.obj
                0x08001f40                NMI_Handler
 .text.HardFault_Handler
                0x08001f42        0x2 CMakeFiles/h723.elf.dir/Core/Src/stm32h7xx_it.c.obj
                0x08001f42                HardFault_Handler
 .text.MemManage_Handler
                0x08001f44        0x2 CMakeFiles/h723.elf.dir/Core/Src/stm32h7xx_it.c.obj
                0x08001f44                MemManage_Handler
 .text.BusFault_Handler
                0x08001f46        0x2 CMakeFiles/h723.elf.dir/Core/Src/stm32h7xx_it.c.obj
                0x08001f46                BusFault_Handler
 .text.UsageFault_Handler
                0x08001f48        0x2 CMakeFiles/h723.elf.dir/Core/Src/stm32h7xx_it.c.obj
                0x08001f48                UsageFault_Handler
 .text.SVC_Handler
                0x08001f4a        0x2 CMakeFiles/h723.elf.dir/Core/Src/stm32h7xx_it.c.obj
                0x08001f4a                SVC_Handler
 .text.DebugMon_Handler
                0x08001f4c        0x2 CMakeFiles/h723.elf.dir/Core/Src/stm32h7xx_it.c.obj
                0x08001f4c                DebugMon_Handler
 .text.PendSV_Handler
                0x08001f4e        0x2 CMakeFiles/h723.elf.dir/Core/Src/stm32h7xx_it.c.obj
                0x08001f4e                PendSV_Handler
 .text.SysTick_Handler
                0x08001f50        0x8 CMakeFiles/h723.elf.dir/Core/Src/stm32h7xx_it.c.obj
                0x08001f50                SysTick_Handler
 .text.FDCAN1_IT0_IRQHandler
                0x08001f58       0x10 CMakeFiles/h723.elf.dir/Core/Src/stm32h7xx_it.c.obj
                0x08001f58                FDCAN1_IT0_IRQHandler
 .text.FDCAN2_IT0_IRQHandler
                0x08001f68       0x10 CMakeFiles/h723.elf.dir/Core/Src/stm32h7xx_it.c.obj
                0x08001f68                FDCAN2_IT0_IRQHandler
 .text.FDCAN1_IT1_IRQHandler
                0x08001f78       0x10 CMakeFiles/h723.elf.dir/Core/Src/stm32h7xx_it.c.obj
                0x08001f78                FDCAN1_IT1_IRQHandler
 .text.FDCAN2_IT1_IRQHandler
                0x08001f88       0x10 CMakeFiles/h723.elf.dir/Core/Src/stm32h7xx_it.c.obj
                0x08001f88                FDCAN2_IT1_IRQHandler
 .text._getpid  0x08001f98        0x4 CMakeFiles/h723.elf.dir/Core/Src/syscalls.c.obj
                0x08001f98                _getpid
 .text._kill    0x08001f9c       0x10 CMakeFiles/h723.elf.dir/Core/Src/syscalls.c.obj
                0x08001f9c                _kill
 .text._exit    0x08001fac        0xc CMakeFiles/h723.elf.dir/Core/Src/syscalls.c.obj
                0x08001fac                _exit
 .text._read    0x08001fb8       0x20 CMakeFiles/h723.elf.dir/Core/Src/syscalls.c.obj
                0x08001fb8                _read
 .text._close   0x08001fd8        0x6 CMakeFiles/h723.elf.dir/Core/Src/syscalls.c.obj
                0x08001fd8                _close
 .text._fstat   0x08001fde        0xa CMakeFiles/h723.elf.dir/Core/Src/syscalls.c.obj
                0x08001fde                _fstat
 .text._isatty  0x08001fe8        0x4 CMakeFiles/h723.elf.dir/Core/Src/syscalls.c.obj
                0x08001fe8                _isatty
 .text._lseek   0x08001fec        0x4 CMakeFiles/h723.elf.dir/Core/Src/syscalls.c.obj
                0x08001fec                _lseek
 .text._sbrk    0x08001ff0       0x48 CMakeFiles/h723.elf.dir/Core/Src/sysmem.c.obj
                0x08001ff0                _sbrk
 .text.SystemInit
                0x08002038       0x98 CMakeFiles/h723.elf.dir/Core/Src/system_stm32h7xx.c.obj
                0x08002038                SystemInit
 .text.MX_USART3_UART_Init
                0x080020d0       0x68 CMakeFiles/h723.elf.dir/Core/Src/usart.c.obj
                0x080020d0                MX_USART3_UART_Init
 .text.HAL_UART_MspInit
                0x08002138       0x98 CMakeFiles/h723.elf.dir/Core/Src/usart.c.obj
                0x08002138                HAL_UART_MspInit
 .text.Reset_Handler
                0x080021d0       0x50 CMakeFiles/h723.elf.dir/Core/Startup/startup_stm32h723zgtx.s.obj
                0x080021d0                Reset_Handler
 .text.Default_Handler
                0x08002220        0x2 CMakeFiles/h723.elf.dir/Core/Startup/startup_stm32h723zgtx.s.obj
                0x08002220                RTC_Alarm_IRQHandler
                0x08002220                EXTI2_IRQHandler
                0x08002220                TIM8_CC_IRQHandler
                0x08002220                UART8_IRQHandler
                0x08002220                SPI4_IRQHandler
                0x08002220                FDCAN3_IT0_IRQHandler
                0x08002220                TIM1_CC_IRQHandler
                0x08002220                BDMA_Channel6_IRQHandler
                0x08002220                DMA2_Stream5_IRQHandler
                0x08002220                DMA1_Stream5_IRQHandler
                0x08002220                CORDIC_IRQHandler
                0x08002220                BDMA_Channel1_IRQHandler
                0x08002220                TAMP_STAMP_IRQHandler
                0x08002220                EXTI3_IRQHandler
                0x08002220                LPTIM4_IRQHandler
                0x08002220                TIM8_TRG_COM_TIM14_IRQHandler
                0x08002220                LPTIM2_IRQHandler
                0x08002220                DFSDM1_FLT1_IRQHandler
                0x08002220                DMAMUX2_OVR_IRQHandler
                0x08002220                TIM8_UP_TIM13_IRQHandler
                0x08002220                I2C3_ER_IRQHandler
                0x08002220                DFSDM1_FLT2_IRQHandler
                0x08002220                I2C5_EV_IRQHandler
                0x08002220                USART10_IRQHandler
                0x08002220                MDMA_IRQHandler
                0x08002220                LPTIM3_IRQHandler
                0x08002220                HSEM1_IRQHandler
                0x08002220                EXTI0_IRQHandler
                0x08002220                I2C2_EV_IRQHandler
                0x08002220                DMA1_Stream2_IRQHandler
                0x08002220                FPU_IRQHandler
                0x08002220                OTG_HS_WKUP_IRQHandler
                0x08002220                LTDC_ER_IRQHandler
                0x08002220                DMA2_Stream2_IRQHandler
                0x08002220                SPI1_IRQHandler
                0x08002220                OCTOSPI1_IRQHandler
                0x08002220                TIM6_DAC_IRQHandler
                0x08002220                DMA2_Stream3_IRQHandler
                0x08002220                OCTOSPI2_IRQHandler
                0x08002220                DFSDM1_FLT3_IRQHandler
                0x08002220                TIM23_IRQHandler
                0x08002220                USART6_IRQHandler
                0x08002220                TIM17_IRQHandler
                0x08002220                USART3_IRQHandler
                0x08002220                BDMA_Channel7_IRQHandler
                0x08002220                LPTIM5_IRQHandler
                0x08002220                UART5_IRQHandler
                0x08002220                ADC3_IRQHandler
                0x08002220                DMA2_Stream0_IRQHandler
                0x08002220                TIM4_IRQHandler
                0x08002220                BDMA_Channel2_IRQHandler
                0x08002220                I2C1_EV_IRQHandler
                0x08002220                DMA1_Stream6_IRQHandler
                0x08002220                DMAMUX1_OVR_IRQHandler
                0x08002220                DMA1_Stream1_IRQHandler
                0x08002220                TIM16_IRQHandler
                0x08002220                UART4_IRQHandler
                0x08002220                BDMA_Channel5_IRQHandler
                0x08002220                TIM3_IRQHandler
                0x08002220                RCC_IRQHandler
                0x08002220                UART9_IRQHandler
                0x08002220                TIM8_BRK_TIM12_IRQHandler
                0x08002220                TIM1_TRG_COM_IRQHandler
                0x08002220                Default_Handler
                0x08002220                ECC_IRQHandler
                0x08002220                FMAC_IRQHandler
                0x08002220                CEC_IRQHandler
                0x08002220                EXTI15_10_IRQHandler
                0x08002220                BDMA_Channel0_IRQHandler
                0x08002220                ADC_IRQHandler
                0x08002220                I2C5_ER_IRQHandler
                0x08002220                DMA1_Stream7_IRQHandler
                0x08002220                SPI5_IRQHandler
                0x08002220                TIM7_IRQHandler
                0x08002220                FDCAN3_IT1_IRQHandler
                0x08002220                SDMMC1_IRQHandler
                0x08002220                TIM5_IRQHandler
                0x08002220                DMA2_Stream7_IRQHandler
                0x08002220                TIM15_IRQHandler
                0x08002220                PVD_AVD_IRQHandler
                0x08002220                I2C3_EV_IRQHandler
                0x08002220                EXTI9_5_IRQHandler
                0x08002220                RTC_WKUP_IRQHandler
                0x08002220                LTDC_IRQHandler
                0x08002220                ETH_WKUP_IRQHandler
                0x08002220                SPDIF_RX_IRQHandler
                0x08002220                SPI2_IRQHandler
                0x08002220                OTG_HS_EP1_IN_IRQHandler
                0x08002220                DMA1_Stream0_IRQHandler
                0x08002220                TIM24_IRQHandler
                0x08002220                CRS_IRQHandler
                0x08002220                EXTI4_IRQHandler
                0x08002220                RNG_IRQHandler
                0x08002220                TIM1_UP_IRQHandler
                0x08002220                BDMA_Channel4_IRQHandler
                0x08002220                OTG_HS_EP1_OUT_IRQHandler
                0x08002220                WWDG_IRQHandler
                0x08002220                SPI6_IRQHandler
                0x08002220                MDIOS_IRQHandler
                0x08002220                I2C4_EV_IRQHandler
                0x08002220                LPUART1_IRQHandler
                0x08002220                TIM2_IRQHandler
                0x08002220                OTG_HS_IRQHandler
                0x08002220                DMA2D_IRQHandler
                0x08002220                TIM1_BRK_IRQHandler
                0x08002220                EXTI1_IRQHandler
                0x08002220                SDMMC2_IRQHandler
                0x08002220                BDMA_Channel3_IRQHandler
                0x08002220                DTS_IRQHandler
                0x08002220                UART7_IRQHandler
                0x08002220                MDIOS_WKUP_IRQHandler
                0x08002220                USART2_IRQHandler
                0x08002220                DFSDM1_FLT0_IRQHandler
                0x08002220                SAI4_IRQHandler
                0x08002220                I2C2_ER_IRQHandler
                0x08002220                DMA2_Stream1_IRQHandler
                0x08002220                FLASH_IRQHandler
                0x08002220                DMA2_Stream4_IRQHandler
                0x08002220                USART1_IRQHandler
                0x08002220                SPI3_IRQHandler
                0x08002220                WAKEUP_PIN_IRQHandler
                0x08002220                DMA1_Stream4_IRQHandler
                0x08002220                I2C1_ER_IRQHandler
                0x08002220                FMC_IRQHandler
                0x08002220                FDCAN_CAL_IRQHandler
                0x08002220                SWPMI1_IRQHandler
                0x08002220                COMP1_IRQHandler
                0x08002220                LPTIM1_IRQHandler
                0x08002220                DCMI_PSSI_IRQHandler
                0x08002220                I2C4_ER_IRQHandler
                0x08002220                DMA2_Stream6_IRQHandler
                0x08002220                SAI1_IRQHandler
                0x08002220                DMA1_Stream3_IRQHandler
 .text.update_boards_state
                0x08002222        0x8 CMakeFiles/h723.elf.dir/Core/boards.c.obj
                0x08002222                update_boards_state
 *fill*         0x0800222a        0x2 
 .text.get_boards_state_json
                0x0800222c       0xe4 CMakeFiles/h723.elf.dir/Core/boards.c.obj
                0x0800222c                get_boards_state_json
 .text.board_name_to_board_index
                0x08002310       0x2c CMakeFiles/h723.elf.dir/Core/boards.c.obj
                0x08002310                board_name_to_board_index
 .text.remove_errors
                0x0800233c       0x4c CMakeFiles/h723.elf.dir/Core/errors.c.obj
                0x0800233c                remove_errors
 .text.remove_errors_periodic_check
                0x08002388       0x48 CMakeFiles/h723.elf.dir/Core/errors.c.obj
                0x08002388                remove_errors_periodic_check
 .text.set_flashing_state
                0x080023d0        0xc CMakeFiles/h723.elf.dir/Core/flash_over_can.c.obj
                0x080023d0                set_flashing_state
 .text.SDO_write_init
                0x080023dc       0xa8 CMakeFiles/h723.elf.dir/Core/flash_over_can.c.obj
                0x080023dc                SDO_write_init
 .text.SDO_write_repeated_part
                0x08002484      0x124 CMakeFiles/h723.elf.dir/Core/flash_over_can.c.obj
                0x08002484                SDO_write_repeated_part
 .text.SDO_write_expedited
                0x080025a8       0x7c CMakeFiles/h723.elf.dir/Core/flash_over_can.c.obj
                0x080025a8                SDO_write_expedited
 .text.begin_can_flash
                0x08002624      0x1a0 CMakeFiles/h723.elf.dir/Core/flash_over_can.c.obj
                0x08002624                begin_can_flash
 .text.flashing_start
                0x080027c4      0x124 CMakeFiles/h723.elf.dir/Core/flash_over_can.c.obj
                0x080027c4                flashing_start
 .text.periodic_can_flash
                0x080028e8       0xa4 CMakeFiles/h723.elf.dir/Core/flash_over_can.c.obj
                0x080028e8                periodic_can_flash
 .text.read_flashing_history_entry
                0x0800298c       0x14 CMakeFiles/h723.elf.dir/Core/flashing_history.c.obj
                0x0800298c                read_flashing_history_entry
 .text.read_flashing_history
                0x080029a0       0x3c CMakeFiles/h723.elf.dir/Core/flashing_history.c.obj
                0x080029a0                read_flashing_history
 .text.get_flashing_history_json
                0x080029dc       0xd0 CMakeFiles/h723.elf.dir/Core/flashing_history.c.obj
                0x080029dc                get_flashing_history_json
 .text.save_flashing_history_entry
                0x08002aac       0xa8 CMakeFiles/h723.elf.dir/Core/flashing_history.c.obj
                0x08002aac                save_flashing_history_entry
 .text.canopen_init
                0x08002b54      0x24c CMakeFiles/h723.elf.dir/Core/init.c.obj
                0x08002b54                canopen_init
 .text.remote_reboot
                0x08002da0      0x110 CMakeFiles/h723.elf.dir/Core/remote_reboot.c.obj
                0x08002da0                remote_reboot
 .text.HAL_InitTick
                0x08002eb0       0x50 CMakeFiles/h723.elf.dir/Drivers/STM32H7xx_HAL_Driver/Src/stm32h7xx_hal.c.obj
                0x08002eb0                HAL_InitTick
 .text.HAL_Init
                0x08002f00       0x5c CMakeFiles/h723.elf.dir/Drivers/STM32H7xx_HAL_Driver/Src/stm32h7xx_hal.c.obj
                0x08002f00                HAL_Init
 .text.HAL_IncTick
                0x08002f5c       0x18 CMakeFiles/h723.elf.dir/Drivers/STM32H7xx_HAL_Driver/Src/stm32h7xx_hal.c.obj
                0x08002f5c                HAL_IncTick
 .text.HAL_GetTick
                0x08002f74        0xc CMakeFiles/h723.elf.dir/Drivers/STM32H7xx_HAL_Driver/Src/stm32h7xx_hal.c.obj
                0x08002f74                HAL_GetTick
 .text.HAL_SYSCFG_ETHInterfaceSelect
                0x08002f80       0x14 CMakeFiles/h723.elf.dir/Drivers/STM32H7xx_HAL_Driver/Src/stm32h7xx_hal.c.obj
                0x08002f80                HAL_SYSCFG_ETHInterfaceSelect
 .text.__NVIC_EnableIRQ
                0x08002f94       0x1c CMakeFiles/h723.elf.dir/Drivers/STM32H7xx_HAL_Driver/Src/stm32h7xx_hal_cortex.c.obj
 .text.__NVIC_SetPriority
                0x08002fb0       0x24 CMakeFiles/h723.elf.dir/Drivers/STM32H7xx_HAL_Driver/Src/stm32h7xx_hal_cortex.c.obj
 .text.NVIC_EncodePriority
                0x08002fd4       0x3e CMakeFiles/h723.elf.dir/Drivers/STM32H7xx_HAL_Driver/Src/stm32h7xx_hal_cortex.c.obj
 *fill*         0x08003012        0x2 
 .text.__NVIC_SystemReset
                0x08003014       0x24 CMakeFiles/h723.elf.dir/Drivers/STM32H7xx_HAL_Driver/Src/stm32h7xx_hal_cortex.c.obj
 .text.HAL_NVIC_SetPriorityGrouping
                0x08003038       0x24 CMakeFiles/h723.elf.dir/Drivers/STM32H7xx_HAL_Driver/Src/stm32h7xx_hal_cortex.c.obj
                0x08003038                HAL_NVIC_SetPriorityGrouping
 .text.HAL_NVIC_SetPriority
                0x0800305c       0x20 CMakeFiles/h723.elf.dir/Drivers/STM32H7xx_HAL_Driver/Src/stm32h7xx_hal_cortex.c.obj
                0x0800305c                HAL_NVIC_SetPriority
 .text.HAL_NVIC_EnableIRQ
                0x0800307c        0x8 CMakeFiles/h723.elf.dir/Drivers/STM32H7xx_HAL_Driver/Src/stm32h7xx_hal_cortex.c.obj
                0x0800307c                HAL_NVIC_EnableIRQ
 .text.HAL_NVIC_SystemReset
                0x08003084        0x6 CMakeFiles/h723.elf.dir/Drivers/STM32H7xx_HAL_Driver/Src/stm32h7xx_hal_cortex.c.obj
                0x08003084                HAL_NVIC_SystemReset
 *fill*         0x0800308a        0x2 
 .text.HAL_SYSTICK_Config
                0x0800308c       0x28 CMakeFiles/h723.elf.dir/Drivers/STM32H7xx_HAL_Driver/Src/stm32h7xx_hal_cortex.c.obj
                0x0800308c                HAL_SYSTICK_Config
 .text.ETH_SetMACConfig
                0x080030b4      0x1b0 CMakeFiles/h723.elf.dir/Drivers/STM32H7xx_HAL_Driver/Src/stm32h7xx_hal_eth.c.obj
 .text.ETH_SetDMAConfig
                0x08003264       0xac CMakeFiles/h723.elf.dir/Drivers/STM32H7xx_HAL_Driver/Src/stm32h7xx_hal_eth.c.obj
 .text.ETH_MACDMAConfig
                0x08003310       0xdc CMakeFiles/h723.elf.dir/Drivers/STM32H7xx_HAL_Driver/Src/stm32h7xx_hal_eth.c.obj
 .text.ETH_DMATxDescListInit
                0x080033ec       0x58 CMakeFiles/h723.elf.dir/Drivers/STM32H7xx_HAL_Driver/Src/stm32h7xx_hal_eth.c.obj
 .text.ETH_DMARxDescListInit
                0x08003444       0x6a CMakeFiles/h723.elf.dir/Drivers/STM32H7xx_HAL_Driver/Src/stm32h7xx_hal_eth.c.obj
 *fill*         0x080034ae        0x2 
 .text.HAL_ETH_SetMDIOClockRange
                0x080034b0       0x68 CMakeFiles/h723.elf.dir/Drivers/STM32H7xx_HAL_Driver/Src/stm32h7xx_hal_eth.c.obj
                0x080034b0                HAL_ETH_SetMDIOClockRange
 .text.HAL_ETH_Init
                0x08003518      0x16c CMakeFiles/h723.elf.dir/Drivers/STM32H7xx_HAL_Driver/Src/stm32h7xx_hal_eth.c.obj
                0x08003518                HAL_ETH_Init
 .text.FDCAN_CalcultateRamBlockAddresses
                0x08003684      0x1e0 CMakeFiles/h723.elf.dir/Drivers/STM32H7xx_HAL_Driver/Src/stm32h7xx_hal_fdcan.c.obj
 .text.FDCAN_CopyMessageToRAM
                0x08003864       0x8c CMakeFiles/h723.elf.dir/Drivers/STM32H7xx_HAL_Driver/Src/stm32h7xx_hal_fdcan.c.obj
 .text.HAL_FDCAN_Init
                0x080038f0      0x294 CMakeFiles/h723.elf.dir/Drivers/STM32H7xx_HAL_Driver/Src/stm32h7xx_hal_fdcan.c.obj
                0x080038f0                HAL_FDCAN_Init
 .text.HAL_FDCAN_ConfigFilter
                0x08003b84       0x84 CMakeFiles/h723.elf.dir/Drivers/STM32H7xx_HAL_Driver/Src/stm32h7xx_hal_fdcan.c.obj
                0x08003b84                HAL_FDCAN_ConfigFilter
 .text.HAL_FDCAN_ConfigGlobalFilter
                0x08003c08       0x32 CMakeFiles/h723.elf.dir/Drivers/STM32H7xx_HAL_Driver/Src/stm32h7xx_hal_fdcan.c.obj
                0x08003c08                HAL_FDCAN_ConfigGlobalFilter
 .text.HAL_FDCAN_Start
                0x08003c3a       0x32 CMakeFiles/h723.elf.dir/Drivers/STM32H7xx_HAL_Driver/Src/stm32h7xx_hal_fdcan.c.obj
                0x08003c3a                HAL_FDCAN_Start
 .text.HAL_FDCAN_Stop
                0x08003c6c       0x96 CMakeFiles/h723.elf.dir/Drivers/STM32H7xx_HAL_Driver/Src/stm32h7xx_hal_fdcan.c.obj
                0x08003c6c                HAL_FDCAN_Stop
 .text.HAL_FDCAN_AddMessageToTxFifoQ
                0x08003d02       0x74 CMakeFiles/h723.elf.dir/Drivers/STM32H7xx_HAL_Driver/Src/stm32h7xx_hal_fdcan.c.obj
                0x08003d02                HAL_FDCAN_AddMessageToTxFifoQ
 *fill*         0x08003d76        0x2 
 .text.HAL_FDCAN_GetRxMessage
                0x08003d78      0x1dc CMakeFiles/h723.elf.dir/Drivers/STM32H7xx_HAL_Driver/Src/stm32h7xx_hal_fdcan.c.obj
                0x08003d78                HAL_FDCAN_GetRxMessage
 .text.HAL_FDCAN_GetErrorCounters
                0x08003f54       0x1e CMakeFiles/h723.elf.dir/Drivers/STM32H7xx_HAL_Driver/Src/stm32h7xx_hal_fdcan.c.obj
                0x08003f54                HAL_FDCAN_GetErrorCounters
 *fill*         0x08003f72        0x2 
 .text.HAL_FDCAN_ActivateNotification
                0x08003f74       0x90 CMakeFiles/h723.elf.dir/Drivers/STM32H7xx_HAL_Driver/Src/stm32h7xx_hal_fdcan.c.obj
                0x08003f74                HAL_FDCAN_ActivateNotification
 .text.HAL_FDCAN_ClockCalibrationCallback
                0x08004004        0x2 CMakeFiles/h723.elf.dir/Drivers/STM32H7xx_HAL_Driver/Src/stm32h7xx_hal_fdcan.c.obj
                0x08004004                HAL_FDCAN_ClockCalibrationCallback
 .text.HAL_FDCAN_TxEventFifoCallback
                0x08004006        0x2 CMakeFiles/h723.elf.dir/Drivers/STM32H7xx_HAL_Driver/Src/stm32h7xx_hal_fdcan.c.obj
                0x08004006                HAL_FDCAN_TxEventFifoCallback
 .text.HAL_FDCAN_TxFifoEmptyCallback
                0x08004008        0x2 CMakeFiles/h723.elf.dir/Drivers/STM32H7xx_HAL_Driver/Src/stm32h7xx_hal_fdcan.c.obj
                0x08004008                HAL_FDCAN_TxFifoEmptyCallback
 .text.HAL_FDCAN_TxBufferAbortCallback
                0x0800400a        0x2 CMakeFiles/h723.elf.dir/Drivers/STM32H7xx_HAL_Driver/Src/stm32h7xx_hal_fdcan.c.obj
                0x0800400a                HAL_FDCAN_TxBufferAbortCallback
 .text.HAL_FDCAN_RxBufferNewMessageCallback
                0x0800400c        0x2 CMakeFiles/h723.elf.dir/Drivers/STM32H7xx_HAL_Driver/Src/stm32h7xx_hal_fdcan.c.obj
                0x0800400c                HAL_FDCAN_RxBufferNewMessageCallback
 .text.HAL_FDCAN_TimestampWraparoundCallback
                0x0800400e        0x2 CMakeFiles/h723.elf.dir/Drivers/STM32H7xx_HAL_Driver/Src/stm32h7xx_hal_fdcan.c.obj
                0x0800400e                HAL_FDCAN_TimestampWraparoundCallback
 .text.HAL_FDCAN_TimeoutOccurredCallback
                0x08004010        0x2 CMakeFiles/h723.elf.dir/Drivers/STM32H7xx_HAL_Driver/Src/stm32h7xx_hal_fdcan.c.obj
                0x08004010                HAL_FDCAN_TimeoutOccurredCallback
 .text.HAL_FDCAN_HighPriorityMessageCallback
                0x08004012        0x2 CMakeFiles/h723.elf.dir/Drivers/STM32H7xx_HAL_Driver/Src/stm32h7xx_hal_fdcan.c.obj
                0x08004012                HAL_FDCAN_HighPriorityMessageCallback
 .text.HAL_FDCAN_ErrorCallback
                0x08004014        0x2 CMakeFiles/h723.elf.dir/Drivers/STM32H7xx_HAL_Driver/Src/stm32h7xx_hal_fdcan.c.obj
                0x08004014                HAL_FDCAN_ErrorCallback
 .text.HAL_FDCAN_ErrorStatusCallback
                0x08004016        0x2 CMakeFiles/h723.elf.dir/Drivers/STM32H7xx_HAL_Driver/Src/stm32h7xx_hal_fdcan.c.obj
                0x08004016                HAL_FDCAN_ErrorStatusCallback
 .text.HAL_FDCAN_TT_ScheduleSyncCallback
                0x08004018        0x2 CMakeFiles/h723.elf.dir/Drivers/STM32H7xx_HAL_Driver/Src/stm32h7xx_hal_fdcan.c.obj
                0x08004018                HAL_FDCAN_TT_ScheduleSyncCallback
 .text.HAL_FDCAN_TT_TimeMarkCallback
                0x0800401a        0x2 CMakeFiles/h723.elf.dir/Drivers/STM32H7xx_HAL_Driver/Src/stm32h7xx_hal_fdcan.c.obj
                0x0800401a                HAL_FDCAN_TT_TimeMarkCallback
 .text.HAL_FDCAN_TT_StopWatchCallback
                0x0800401c        0x2 CMakeFiles/h723.elf.dir/Drivers/STM32H7xx_HAL_Driver/Src/stm32h7xx_hal_fdcan.c.obj
                0x0800401c                HAL_FDCAN_TT_StopWatchCallback
 .text.HAL_FDCAN_TT_GlobalTimeCallback
                0x0800401e        0x2 CMakeFiles/h723.elf.dir/Drivers/STM32H7xx_HAL_Driver/Src/stm32h7xx_hal_fdcan.c.obj
                0x0800401e                HAL_FDCAN_TT_GlobalTimeCallback
 .text.HAL_FDCAN_IRQHandler
                0x08004020      0x320 CMakeFiles/h723.elf.dir/Drivers/STM32H7xx_HAL_Driver/Src/stm32h7xx_hal_fdcan.c.obj
                0x08004020                HAL_FDCAN_IRQHandler
 .text.HAL_GPIO_Init
                0x08004340      0x21c CMakeFiles/h723.elf.dir/Drivers/STM32H7xx_HAL_Driver/Src/stm32h7xx_hal_gpio.c.obj
                0x08004340                HAL_GPIO_Init
 .text.HAL_GPIO_WritePin
                0x0800455c        0xc CMakeFiles/h723.elf.dir/Drivers/STM32H7xx_HAL_Driver/Src/stm32h7xx_hal_gpio.c.obj
                0x0800455c                HAL_GPIO_WritePin
 .text.HAL_PWREx_ConfigSupply
                0x08004568       0x54 CMakeFiles/h723.elf.dir/Drivers/STM32H7xx_HAL_Driver/Src/stm32h7xx_hal_pwr_ex.c.obj
                0x08004568                HAL_PWREx_ConfigSupply
 .text.HAL_RCC_OscConfig
                0x080045bc      0x5e4 CMakeFiles/h723.elf.dir/Drivers/STM32H7xx_HAL_Driver/Src/stm32h7xx_hal_rcc.c.obj
                0x080045bc                HAL_RCC_OscConfig
 .text.HAL_RCC_GetSysClockFreq
                0x08004ba0      0x224 CMakeFiles/h723.elf.dir/Drivers/STM32H7xx_HAL_Driver/Src/stm32h7xx_hal_rcc.c.obj
                0x08004ba0                HAL_RCC_GetSysClockFreq
 .text.HAL_RCC_ClockConfig
                0x08004dc4      0x294 CMakeFiles/h723.elf.dir/Drivers/STM32H7xx_HAL_Driver/Src/stm32h7xx_hal_rcc.c.obj
                0x08004dc4                HAL_RCC_ClockConfig
 .text.HAL_RCC_GetHCLKFreq
                0x08005058       0x44 CMakeFiles/h723.elf.dir/Drivers/STM32H7xx_HAL_Driver/Src/stm32h7xx_hal_rcc.c.obj
                0x08005058                HAL_RCC_GetHCLKFreq
 .text.HAL_RCC_GetPCLK1Freq
                0x0800509c       0x24 CMakeFiles/h723.elf.dir/Drivers/STM32H7xx_HAL_Driver/Src/stm32h7xx_hal_rcc.c.obj
                0x0800509c                HAL_RCC_GetPCLK1Freq
 .text.HAL_RCC_GetPCLK2Freq
                0x080050c0       0x24 CMakeFiles/h723.elf.dir/Drivers/STM32H7xx_HAL_Driver/Src/stm32h7xx_hal_rcc.c.obj
                0x080050c0                HAL_RCC_GetPCLK2Freq
 .text.RCCEx_PLL2_Config
                0x080050e4      0x108 CMakeFiles/h723.elf.dir/Drivers/STM32H7xx_HAL_Driver/Src/stm32h7xx_hal_rcc_ex.c.obj
 .text.RCCEx_PLL3_Config
                0x080051ec      0x108 CMakeFiles/h723.elf.dir/Drivers/STM32H7xx_HAL_Driver/Src/stm32h7xx_hal_rcc_ex.c.obj
 .text.HAL_RCCEx_PeriphCLKConfig
                0x080052f4      0xa38 CMakeFiles/h723.elf.dir/Drivers/STM32H7xx_HAL_Driver/Src/stm32h7xx_hal_rcc_ex.c.obj
                0x080052f4                HAL_RCCEx_PeriphCLKConfig
 .text.HAL_RCCEx_GetD3PCLK1Freq
                0x08005d2c       0x24 CMakeFiles/h723.elf.dir/Drivers/STM32H7xx_HAL_Driver/Src/stm32h7xx_hal_rcc_ex.c.obj
                0x08005d2c                HAL_RCCEx_GetD3PCLK1Freq
 .text.HAL_RCCEx_GetPLL2ClockFreq
                0x08005d50      0x238 CMakeFiles/h723.elf.dir/Drivers/STM32H7xx_HAL_Driver/Src/stm32h7xx_hal_rcc_ex.c.obj
                0x08005d50                HAL_RCCEx_GetPLL2ClockFreq
 .text.HAL_RCCEx_GetPLL3ClockFreq
                0x08005f88      0x238 CMakeFiles/h723.elf.dir/Drivers/STM32H7xx_HAL_Driver/Src/stm32h7xx_hal_rcc_ex.c.obj
                0x08005f88                HAL_RCCEx_GetPLL3ClockFreq
 .text.HAL_RNG_Init
                0x080061c0       0xdc CMakeFiles/h723.elf.dir/Drivers/STM32H7xx_HAL_Driver/Src/stm32h7xx_hal_rng.c.obj
                0x080061c0                HAL_RNG_Init
 .text.HAL_RNG_ErrorCallback
                0x0800629c        0x2 CMakeFiles/h723.elf.dir/Drivers/STM32H7xx_HAL_Driver/Src/stm32h7xx_hal_rng.c.obj
                0x0800629c                HAL_RNG_ErrorCallback
 .text.RNG_RecoverSeedError
                0x0800629e       0xac CMakeFiles/h723.elf.dir/Drivers/STM32H7xx_HAL_Driver/Src/stm32h7xx_hal_rng.c.obj
                0x0800629e                RNG_RecoverSeedError
 .text.HAL_RNG_GenerateRandomNumber
                0x0800634a       0xa0 CMakeFiles/h723.elf.dir/Drivers/STM32H7xx_HAL_Driver/Src/stm32h7xx_hal_rng.c.obj
                0x0800634a                HAL_RNG_GenerateRandomNumber
 *fill*         0x080063ea        0x2 
 .text.UART_EndRxTransfer
                0x080063ec       0x58 CMakeFiles/h723.elf.dir/Drivers/STM32H7xx_HAL_Driver/Src/stm32h7xx_hal_uart.c.obj
 .text.UART_SetConfig
                0x08006444      0x6bc CMakeFiles/h723.elf.dir/Drivers/STM32H7xx_HAL_Driver/Src/stm32h7xx_hal_uart.c.obj
                0x08006444                UART_SetConfig
 .text.UART_AdvFeatureConfig
                0x08006b00       0xca CMakeFiles/h723.elf.dir/Drivers/STM32H7xx_HAL_Driver/Src/stm32h7xx_hal_uart.c.obj
                0x08006b00                UART_AdvFeatureConfig
 .text.UART_WaitOnFlagUntilTimeout
                0x08006bca       0xa6 CMakeFiles/h723.elf.dir/Drivers/STM32H7xx_HAL_Driver/Src/stm32h7xx_hal_uart.c.obj
                0x08006bca                UART_WaitOnFlagUntilTimeout
 .text.HAL_UART_Transmit
                0x08006c70       0xd0 CMakeFiles/h723.elf.dir/Drivers/STM32H7xx_HAL_Driver/Src/stm32h7xx_hal_uart.c.obj
                0x08006c70                HAL_UART_Transmit
 .text.UART_CheckIdleState
                0x08006d40       0xca CMakeFiles/h723.elf.dir/Drivers/STM32H7xx_HAL_Driver/Src/stm32h7xx_hal_uart.c.obj
                0x08006d40                UART_CheckIdleState
 .text.HAL_UART_Init
                0x08006e0a       0x66 CMakeFiles/h723.elf.dir/Drivers/STM32H7xx_HAL_Driver/Src/stm32h7xx_hal_uart.c.obj
                0x08006e0a                HAL_UART_Init
 .text.UARTEx_SetNbDataToProcess
                0x08006e70       0x4c CMakeFiles/h723.elf.dir/Drivers/STM32H7xx_HAL_Driver/Src/stm32h7xx_hal_uart_ex.c.obj
 .text.HAL_UARTEx_DisableFifoMode
                0x08006ebc       0x3e CMakeFiles/h723.elf.dir/Drivers/STM32H7xx_HAL_Driver/Src/stm32h7xx_hal_uart_ex.c.obj
                0x08006ebc                HAL_UARTEx_DisableFifoMode
 .text.HAL_UARTEx_SetTxFifoThreshold
                0x08006efa       0x4a CMakeFiles/h723.elf.dir/Drivers/STM32H7xx_HAL_Driver/Src/stm32h7xx_hal_uart_ex.c.obj
                0x08006efa                HAL_UARTEx_SetTxFifoThreshold
 .text.HAL_UARTEx_SetRxFifoThreshold
                0x08006f44       0x4a CMakeFiles/h723.elf.dir/Drivers/STM32H7xx_HAL_Driver/Src/stm32h7xx_hal_uart_ex.c.obj
                0x08006f44                HAL_UARTEx_SetRxFifoThreshold
 .text.OD_read_1014_default
                0x08006f8e       0x48 CMakeFiles/h723.elf.dir/Libraries/canopenlibrary/CANopenNode/301/CO_Emergency.c.obj
 .text.OD_read_1003
                0x08006fd6       0x7e CMakeFiles/h723.elf.dir/Libraries/canopenlibrary/CANopenNode/301/CO_Emergency.c.obj
 .text.OD_write_1003
                0x08007054       0x3a CMakeFiles/h723.elf.dir/Libraries/canopenlibrary/CANopenNode/301/CO_Emergency.c.obj
 *fill*         0x0800708e        0x2 
 .text.CO_EM_init
                0x08007090      0x16c CMakeFiles/h723.elf.dir/Libraries/canopenlibrary/CANopenNode/301/CO_Emergency.c.obj
                0x08007090                CO_EM_init
 .text.CO_error
                0x080071fc       0xac CMakeFiles/h723.elf.dir/Libraries/canopenlibrary/CANopenNode/301/CO_Emergency.c.obj
                0x080071fc                CO_error
 .text.CO_EM_process
                0x080072a8      0x198 CMakeFiles/h723.elf.dir/Libraries/canopenlibrary/CANopenNode/301/CO_Emergency.c.obj
                0x080072a8                CO_EM_process
 .text.CO_NMT_receive
                0x08007440       0x28 CMakeFiles/h723.elf.dir/Libraries/canopenlibrary/CANopenNode/301/CO_NMT_Heartbeat.c.obj
 .text.OD_write_1017
                0x08007468       0x42 CMakeFiles/h723.elf.dir/Libraries/canopenlibrary/CANopenNode/301/CO_NMT_Heartbeat.c.obj
 *fill*         0x080074aa        0x2 
 .text.CO_NMT_init
                0x080074ac      0x160 CMakeFiles/h723.elf.dir/Libraries/canopenlibrary/CANopenNode/301/CO_NMT_Heartbeat.c.obj
                0x080074ac                CO_NMT_init
 .text.CO_NMT_process
                0x0800760c      0x15c CMakeFiles/h723.elf.dir/Libraries/canopenlibrary/CANopenNode/301/CO_NMT_Heartbeat.c.obj
                0x0800760c                CO_NMT_process
 .text.CO_NMT_sendCommand
                0x08007768       0x28 CMakeFiles/h723.elf.dir/Libraries/canopenlibrary/CANopenNode/301/CO_NMT_Heartbeat.c.obj
                0x08007768                CO_NMT_sendCommand
 .text.OD_readDisabled
                0x08007790        0x4 CMakeFiles/h723.elf.dir/Libraries/canopenlibrary/CANopenNode/301/CO_ODinterface.c.obj
 .text.OD_writeDisabled
                0x08007794        0x4 CMakeFiles/h723.elf.dir/Libraries/canopenlibrary/CANopenNode/301/CO_ODinterface.c.obj
 .text.OD_readOriginal
                0x08007798       0x66 CMakeFiles/h723.elf.dir/Libraries/canopenlibrary/CANopenNode/301/CO_ODinterface.c.obj
                0x08007798                OD_readOriginal
 .text.OD_writeOriginal
                0x080077fe       0x68 CMakeFiles/h723.elf.dir/Libraries/canopenlibrary/CANopenNode/301/CO_ODinterface.c.obj
                0x080077fe                OD_writeOriginal
 .text.OD_find  0x08007866       0x66 CMakeFiles/h723.elf.dir/Libraries/canopenlibrary/CANopenNode/301/CO_ODinterface.c.obj
                0x08007866                OD_find
 .text.OD_getSub
                0x080078cc      0x104 CMakeFiles/h723.elf.dir/Libraries/canopenlibrary/CANopenNode/301/CO_ODinterface.c.obj
                0x080078cc                OD_getSub
 .text.OD_getSDOabCode
                0x080079d0       0x1c CMakeFiles/h723.elf.dir/Libraries/canopenlibrary/CANopenNode/301/CO_ODinterface.c.obj
                0x080079d0                OD_getSDOabCode
 .text.OD_get_value
                0x080079ec       0x36 CMakeFiles/h723.elf.dir/Libraries/canopenlibrary/CANopenNode/301/CO_ODinterface.c.obj
                0x080079ec                OD_get_value
 .text.OD_set_value
                0x08007a22       0x30 CMakeFiles/h723.elf.dir/Libraries/canopenlibrary/CANopenNode/301/CO_ODinterface.c.obj
                0x08007a22                OD_set_value
 .text.OD_getPtr
                0x08007a52       0x3c CMakeFiles/h723.elf.dir/Libraries/canopenlibrary/CANopenNode/301/CO_ODinterface.c.obj
                0x08007a52                OD_getPtr
 .text.CO_PDO_receive
                0x08007a8e       0x4e CMakeFiles/h723.elf.dir/Libraries/canopenlibrary/CANopenNode/301/CO_PDO.c.obj
 .text.PDO_initMapping
                0x08007adc      0x1b8 CMakeFiles/h723.elf.dir/Libraries/canopenlibrary/CANopenNode/301/CO_PDO.c.obj
 .text.CO_TPDOsend
                0x08007c94       0xd0 CMakeFiles/h723.elf.dir/Libraries/canopenlibrary/CANopenNode/301/CO_PDO.c.obj
 .text.CO_RPDO_init
                0x08007d64      0x15c CMakeFiles/h723.elf.dir/Libraries/canopenlibrary/CANopenNode/301/CO_PDO.c.obj
                0x08007d64                CO_RPDO_init
 .text.CO_RPDO_process
                0x08007ec0      0x120 CMakeFiles/h723.elf.dir/Libraries/canopenlibrary/CANopenNode/301/CO_PDO.c.obj
                0x08007ec0                CO_RPDO_process
 .text.CO_TPDO_init
                0x08007fe0      0x1d6 CMakeFiles/h723.elf.dir/Libraries/canopenlibrary/CANopenNode/301/CO_PDO.c.obj
                0x08007fe0                CO_TPDO_init
 .text.CO_TPDO_process
                0x080081b6       0x92 CMakeFiles/h723.elf.dir/Libraries/canopenlibrary/CANopenNode/301/CO_PDO.c.obj
                0x080081b6                CO_TPDO_process
 .text.CO_SDOclient_receive
                0x08008248       0xd2 CMakeFiles/h723.elf.dir/Libraries/canopenlibrary/CANopenNode/301/CO_SDOclient.c.obj
 *fill*         0x0800831a        0x2 
 .text.CO_SDOclient_setup
                0x0800831c       0x8c CMakeFiles/h723.elf.dir/Libraries/canopenlibrary/CANopenNode/301/CO_SDOclient.c.obj
                0x0800831c                CO_SDOclient_setup
 .text.CO_SDOclient_init
                0x080083a8       0xf6 CMakeFiles/h723.elf.dir/Libraries/canopenlibrary/CANopenNode/301/CO_SDOclient.c.obj
                0x080083a8                CO_SDOclient_init
 .text.CO_SDOclientDownloadInitiate
                0x0800849e       0x6c CMakeFiles/h723.elf.dir/Libraries/canopenlibrary/CANopenNode/301/CO_SDOclient.c.obj
                0x0800849e                CO_SDOclientDownloadInitiate
 .text.CO_SDOclientDownloadBufWrite
                0x0800850a       0x18 CMakeFiles/h723.elf.dir/Libraries/canopenlibrary/CANopenNode/301/CO_SDOclient.c.obj
                0x0800850a                CO_SDOclientDownloadBufWrite
 *fill*         0x08008522        0x2 
 .text.CO_SDOclientDownload
                0x08008524      0x5c0 CMakeFiles/h723.elf.dir/Libraries/canopenlibrary/CANopenNode/301/CO_SDOclient.c.obj
                0x08008524                CO_SDOclientDownload
 .text.CO_SDOclientClose
                0x08008ae4        0xa CMakeFiles/h723.elf.dir/Libraries/canopenlibrary/CANopenNode/301/CO_SDOclient.c.obj
                0x08008ae4                CO_SDOclientClose
 *fill*         0x08008aee        0x2 
 .text.CO_SDOserver_init_canRxTx
                0x08008af0       0x80 CMakeFiles/h723.elf.dir/Libraries/canopenlibrary/CANopenNode/301/CO_SDOserver.c.obj
 .text.CO_SDO_receive
                0x08008b70      0x11c CMakeFiles/h723.elf.dir/Libraries/canopenlibrary/CANopenNode/301/CO_SDOserver.c.obj
 .text.validateAndWriteToOD
                0x08008c8c      0x164 CMakeFiles/h723.elf.dir/Libraries/canopenlibrary/CANopenNode/301/CO_SDOserver.c.obj
 .text.readFromOd
                0x08008df0      0x100 CMakeFiles/h723.elf.dir/Libraries/canopenlibrary/CANopenNode/301/CO_SDOserver.c.obj
 .text.CO_SDOserver_init
                0x08008ef0      0x18e CMakeFiles/h723.elf.dir/Libraries/canopenlibrary/CANopenNode/301/CO_SDOserver.c.obj
                0x08008ef0                CO_SDOserver_init
 *fill*         0x0800907e        0x2 
 .text.CO_SDOserver_process
                0x08009080      0xb74 CMakeFiles/h723.elf.dir/Libraries/canopenlibrary/CANopenNode/301/CO_SDOserver.c.obj
                0x08009080                CO_SDOserver_process
 .text.CO_fifo_init
                0x08009bf4       0x18 CMakeFiles/h723.elf.dir/Libraries/canopenlibrary/CANopenNode/301/CO_fifo.c.obj
                0x08009bf4                CO_fifo_init
 .text.CO_fifo_write
                0x08009c0c       0x7c CMakeFiles/h723.elf.dir/Libraries/canopenlibrary/CANopenNode/301/CO_fifo.c.obj
                0x08009c0c                CO_fifo_write
 .text.CO_fifo_read
                0x08009c88       0x5c CMakeFiles/h723.elf.dir/Libraries/canopenlibrary/CANopenNode/301/CO_fifo.c.obj
                0x08009c88                CO_fifo_read
 .text.CO_fifo_altBegin
                0x08009ce4       0x34 CMakeFiles/h723.elf.dir/Libraries/canopenlibrary/CANopenNode/301/CO_fifo.c.obj
                0x08009ce4                CO_fifo_altBegin
 .text.CO_fifo_altFinish
                0x08009d18       0x40 CMakeFiles/h723.elf.dir/Libraries/canopenlibrary/CANopenNode/301/CO_fifo.c.obj
                0x08009d18                CO_fifo_altFinish
 .text.CO_fifo_altRead
                0x08009d58       0x40 CMakeFiles/h723.elf.dir/Libraries/canopenlibrary/CANopenNode/301/CO_fifo.c.obj
                0x08009d58                CO_fifo_altRead
 .text.crc16_ccitt_single
                0x08009d98       0x18 CMakeFiles/h723.elf.dir/Libraries/canopenlibrary/CANopenNode/301/crc16-ccitt.c.obj
                0x08009d98                crc16_ccitt_single
 .text.crc16_ccitt
                0x08009db0       0x30 CMakeFiles/h723.elf.dir/Libraries/canopenlibrary/CANopenNode/301/crc16-ccitt.c.obj
                0x08009db0                crc16_ccitt
 .text.CO_delete
                0x08009de0       0x52 CMakeFiles/h723.elf.dir/Libraries/canopenlibrary/CANopenNode/CANopen.c.obj
                0x08009de0                CO_delete
 .text.CO_new   0x08009e32      0x2f2 CMakeFiles/h723.elf.dir/Libraries/canopenlibrary/CANopenNode/CANopen.c.obj
                0x08009e32                CO_new
 .text.CO_CANinit
                0x0800a124       0x38 CMakeFiles/h723.elf.dir/Libraries/canopenlibrary/CANopenNode/CANopen.c.obj
                0x0800a124                CO_CANinit
 .text.CO_CANopenInit
                0x0800a15c      0x1b4 CMakeFiles/h723.elf.dir/Libraries/canopenlibrary/CANopenNode/CANopen.c.obj
                0x0800a15c                CO_CANopenInit
 .text.CO_CANopenInitPDO
                0x0800a310      0x126 CMakeFiles/h723.elf.dir/Libraries/canopenlibrary/CANopenNode/CANopen.c.obj
                0x0800a310                CO_CANopenInitPDO
 .text.CO_process
                0x0800a436       0xb4 CMakeFiles/h723.elf.dir/Libraries/canopenlibrary/CANopenNode/CANopen.c.obj
                0x0800a436                CO_process
 .text.CO_process_RPDO
                0x0800a4ea       0x5c CMakeFiles/h723.elf.dir/Libraries/canopenlibrary/CANopenNode/CANopen.c.obj
                0x0800a4ea                CO_process_RPDO
 .text.CO_process_TPDO
                0x0800a546       0x5c CMakeFiles/h723.elf.dir/Libraries/canopenlibrary/CANopenNode/CANopen.c.obj
                0x0800a546                CO_process_TPDO
 *fill*         0x0800a5a2        0x2 
 .text.readCanReceivedMsg
                0x0800a5a4      0x168 CMakeFiles/h723.elf.dir/Libraries/canopenlibrary/CO_FDCan_Driver.c.obj
 .text.CO_CANsetConfigurationMode
                0x0800a70c        0x8 CMakeFiles/h723.elf.dir/Libraries/canopenlibrary/CO_FDCan_Driver.c.obj
                0x0800a70c                CO_CANsetConfigurationMode
 .text.CO_CANsetNormalMode
                0x0800a714       0x10 CMakeFiles/h723.elf.dir/Libraries/canopenlibrary/CO_FDCan_Driver.c.obj
                0x0800a714                CO_CANsetNormalMode
 .text.CO_CANmodule_init
                0x0800a724       0xc4 CMakeFiles/h723.elf.dir/Libraries/canopenlibrary/CO_FDCan_Driver.c.obj
                0x0800a724                CO_CANmodule_init
 .text.CO_CANmodule_disable
                0x0800a7e8        0xe CMakeFiles/h723.elf.dir/Libraries/canopenlibrary/CO_FDCan_Driver.c.obj
                0x0800a7e8                CO_CANmodule_disable
 .text.CO_CANrxBufferInit
                0x0800a7f6       0x92 CMakeFiles/h723.elf.dir/Libraries/canopenlibrary/CO_FDCan_Driver.c.obj
                0x0800a7f6                CO_CANrxBufferInit
 .text.CO_CANtxBufferInit
                0x0800a888       0x4a CMakeFiles/h723.elf.dir/Libraries/canopenlibrary/CO_FDCan_Driver.c.obj
                0x0800a888                CO_CANtxBufferInit
 .text.sendCanMessage
                0x0800a8d2       0x7e CMakeFiles/h723.elf.dir/Libraries/canopenlibrary/CO_FDCan_Driver.c.obj
                0x0800a8d2                sendCanMessage
 .text.CO_CANsend
                0x0800a950       0x5c CMakeFiles/h723.elf.dir/Libraries/canopenlibrary/CO_FDCan_Driver.c.obj
                0x0800a950                CO_CANsend
 .text.CO_CANmodule_process
                0x0800a9ac       0x80 CMakeFiles/h723.elf.dir/Libraries/canopenlibrary/CO_FDCan_Driver.c.obj
                0x0800a9ac                CO_CANmodule_process
 .text.HAL_FDCAN_RxFifo0Callback
                0x0800aa2c       0x14 CMakeFiles/h723.elf.dir/Libraries/canopenlibrary/CO_FDCan_Driver.c.obj
                0x0800aa2c                HAL_FDCAN_RxFifo0Callback
 .text.HAL_FDCAN_RxFifo1Callback
                0x0800aa40       0x14 CMakeFiles/h723.elf.dir/Libraries/canopenlibrary/CO_FDCan_Driver.c.obj
                0x0800aa40                HAL_FDCAN_RxFifo1Callback
 .text.CO_System_reset
                0x0800aa54        0x8 CMakeFiles/h723.elf.dir/Libraries/canopenlibrary/CO_FDCan_Driver.c.obj
                0x0800aa54                CO_System_reset
 .text.CO_legacyTxCpltCallback
                0x0800aa5c      0x13c CMakeFiles/h723.elf.dir/Libraries/canopenlibrary/CO_FDCan_Driver.c.obj
                0x0800aa5c                CO_legacyTxCpltCallback
 .text.HAL_FDCAN_TxBufferCompleteCallback
                0x0800ab98       0xf8 CMakeFiles/h723.elf.dir/Libraries/canopenlibrary/CO_FDCan_Driver.c.obj
                0x0800ab98                HAL_FDCAN_TxBufferCompleteCallback
 .text.CANOpenInit
                0x0800ac90       0xac CMakeFiles/h723.elf.dir/Libraries/canopenlibrary/Canopen_Main.c.obj
                0x0800ac90                CANOpenInit
 .text.CANOpenProcess
                0x0800ad3c      0x150 CMakeFiles/h723.elf.dir/Libraries/canopenlibrary/Canopen_Main.c.obj
                0x0800ad3c                CANOpenProcess
 .text.mg_base64_encode_single
                0x0800ae8c       0x24 CMakeFiles/h723.elf.dir/Libraries/mongoose/mongoose.c.obj
 .text.mg_base64_decode_single
                0x0800aeb0       0x76 CMakeFiles/h723.elf.dir/Libraries/mongoose/mongoose.c.obj
 .text.is_digit
                0x0800af26        0xc CMakeFiles/h723.elf.dir/Libraries/mongoose/mongoose.c.obj
 *fill*         0x0800af32        0x2 
 .text.addexp   0x0800af34       0x74 CMakeFiles/h723.elf.dir/Libraries/mongoose/mongoose.c.obj
 .text.xisinf   0x0800afa8       0x1c CMakeFiles/h723.elf.dir/Libraries/mongoose/mongoose.c.obj
 .text.xisnan   0x0800afc4       0x1c CMakeFiles/h723.elf.dir/Libraries/mongoose/mongoose.c.obj
 .text.mg_lld   0x0800afe0      0x124 CMakeFiles/h723.elf.dir/Libraries/mongoose/mongoose.c.obj
 .text.scpy     0x0800b104       0x26 CMakeFiles/h723.elf.dir/Libraries/mongoose/mongoose.c.obj
 .text.packed_write
                0x0800b12a        0x4 CMakeFiles/h723.elf.dir/Libraries/mongoose/mongoose.c.obj
 .text.packed_seek
                0x0800b12e        0xe CMakeFiles/h723.elf.dir/Libraries/mongoose/mongoose.c.obj
 .text.packed_rename
                0x0800b13c        0x4 CMakeFiles/h723.elf.dir/Libraries/mongoose/mongoose.c.obj
 .text.packed_remove
                0x0800b140        0x4 CMakeFiles/h723.elf.dir/Libraries/mongoose/mongoose.c.obj
 .text.packed_mkdir
                0x0800b144        0x4 CMakeFiles/h723.elf.dir/Libraries/mongoose/mongoose.c.obj
 .text.p_stat   0x0800b148        0x4 CMakeFiles/h723.elf.dir/Libraries/mongoose/mongoose.c.obj
 .text.p_list   0x0800b14c        0x2 CMakeFiles/h723.elf.dir/Libraries/mongoose/mongoose.c.obj
 .text.p_open   0x0800b14e        0x4 CMakeFiles/h723.elf.dir/Libraries/mongoose/mongoose.c.obj
 .text.p_close  0x0800b152        0x2 CMakeFiles/h723.elf.dir/Libraries/mongoose/mongoose.c.obj
 .text.p_read   0x0800b154        0x4 CMakeFiles/h723.elf.dir/Libraries/mongoose/mongoose.c.obj
 .text.p_write  0x0800b158        0x4 CMakeFiles/h723.elf.dir/Libraries/mongoose/mongoose.c.obj
 .text.p_seek   0x0800b15c        0x6 CMakeFiles/h723.elf.dir/Libraries/mongoose/mongoose.c.obj
 .text.p_rename
                0x0800b162        0x4 CMakeFiles/h723.elf.dir/Libraries/mongoose/mongoose.c.obj
 .text.p_remove
                0x0800b166        0x4 CMakeFiles/h723.elf.dir/Libraries/mongoose/mongoose.c.obj
 .text.p_mkdir  0x0800b16a        0x4 CMakeFiles/h723.elf.dir/Libraries/mongoose/mongoose.c.obj
 .text.mg_ncasecmp
                0x0800b16e       0x44 CMakeFiles/h723.elf.dir/Libraries/mongoose/mongoose.c.obj
 .text.isx      0x0800b1b2       0x22 CMakeFiles/h723.elf.dir/Libraries/mongoose/mongoose.c.obj
 .text.isok     0x0800b1d4       0x22 CMakeFiles/h723.elf.dir/Libraries/mongoose/mongoose.c.obj
 .text.vcb      0x0800b1f6        0xe CMakeFiles/h723.elf.dir/Libraries/mongoose/mongoose.c.obj
 .text.clen     0x0800b204       0x8e CMakeFiles/h723.elf.dir/Libraries/mongoose/mongoose.c.obj
 .text.skiptorn
                0x0800b292       0x50 CMakeFiles/h723.elf.dir/Libraries/mongoose/mongoose.c.obj
 .text.mg_http_parse_headers
                0x0800b2e2       0xd0 CMakeFiles/h723.elf.dir/Libraries/mongoose/mongoose.c.obj
 *fill*         0x0800b3b2        0x2 
 .text.mg_http_status_code_str
                0x0800b3b4      0x5f8 CMakeFiles/h723.elf.dir/Libraries/mongoose/mongoose.c.obj
 .text.is_hex_digit
                0x0800b9ac       0x22 CMakeFiles/h723.elf.dir/Libraries/mongoose/mongoose.c.obj
 .text.roundup  0x0800b9ce       0x10 CMakeFiles/h723.elf.dir/Libraries/mongoose/mongoose.c.obj
 *fill*         0x0800b9de        0x2 
 .text.escapeseq
                0x0800b9e0       0x14 CMakeFiles/h723.elf.dir/Libraries/mongoose/mongoose.c.obj
 .text.json_esc
                0x0800b9f4       0x2e CMakeFiles/h723.elf.dir/Libraries/mongoose/mongoose.c.obj
 .text.mg_pass_string
                0x0800ba22       0x48 CMakeFiles/h723.elf.dir/Libraries/mongoose/mongoose.c.obj
 *fill*         0x0800ba6a        0x6 
 .text.mg_atod  0x0800ba70      0x1e4 CMakeFiles/h723.elf.dir/Libraries/mongoose/mongoose.c.obj
 .text.logc     0x0800bc54       0x18 CMakeFiles/h723.elf.dir/Libraries/mongoose/mongoose.c.obj
 .text.logs     0x0800bc6c       0x18 CMakeFiles/h723.elf.dir/Libraries/mongoose/mongoose.c.obj
 .text.nibble   0x0800bc84       0x14 CMakeFiles/h723.elf.dir/Libraries/mongoose/mongoose.c.obj
 .text.mg_aton4
                0x0800bc98       0xa4 CMakeFiles/h723.elf.dir/Libraries/mongoose/mongoose.c.obj
 .text.mg_tcpip_call
                0x0800bd3c        0xa CMakeFiles/h723.elf.dir/Libraries/mongoose/mongoose.c.obj
 .text.csumup   0x0800bd46       0x22 CMakeFiles/h723.elf.dir/Libraries/mongoose/mongoose.c.obj
 .text.ether_output
                0x0800bd68       0x1e CMakeFiles/h723.elf.dir/Libraries/mongoose/mongoose.c.obj
 .text.can_write
                0x0800bd86       0x24 CMakeFiles/h723.elf.dir/Libraries/mongoose/mongoose.c.obj
 *fill*         0x0800bdaa        0x2 
 .text.mg_esc   0x0800bdac       0x3c CMakeFiles/h723.elf.dir/Libraries/mongoose/mongoose.c.obj
 .text.mg_escape
                0x0800bde8        0xa CMakeFiles/h723.elf.dir/Libraries/mongoose/mongoose.c.obj
 .text.qcpy     0x0800bdf2       0x4c CMakeFiles/h723.elf.dir/Libraries/mongoose/mongoose.c.obj
 *fill*         0x0800be3e        0x2 
 .text.mg_print_hex
                0x0800be40       0x50 CMakeFiles/h723.elf.dir/Libraries/mongoose/mongoose.c.obj
                0x0800be40                mg_print_hex
 .text.blk0     0x0800be90       0x20 CMakeFiles/h723.elf.dir/Libraries/mongoose/mongoose.c.obj
 .text.mg_sha256_chunk
                0x0800beb0      0x18c CMakeFiles/h723.elf.dir/Libraries/mongoose/mongoose.c.obj
 .text.mg_sha384_transform
                0x0800c03c      0x38c CMakeFiles/h723.elf.dir/Libraries/mongoose/mongoose.c.obj
 .text.mg_tolc  0x0800c3c8        0xe CMakeFiles/h723.elf.dir/Libraries/mongoose/mongoose.c.obj
 .text.mg_der_parse
                0x0800c3d6       0x6a CMakeFiles/h723.elf.dir/Libraries/mongoose/mongoose.c.obj
 .text.mg_der_next
                0x0800c440       0x2e CMakeFiles/h723.elf.dir/Libraries/mongoose/mongoose.c.obj
 .text.mg_der_to_tlv
                0x0800c46e       0x56 CMakeFiles/h723.elf.dir/Libraries/mongoose/mongoose.c.obj
 .text.mg_tls_got_record
                0x0800c4c4       0x22 CMakeFiles/h723.elf.dir/Libraries/mongoose/mongoose.c.obj
 *fill*         0x0800c4e6        0x2 
 .text.initialize_state
                0x0800c4e8       0x78 CMakeFiles/h723.elf.dir/Libraries/mongoose/mongoose.c.obj
 .text.core_block
                0x0800c560      0x260 CMakeFiles/h723.elf.dir/Libraries/mongoose/mongoose.c.obj
 .text.xor_block
                0x0800c7c0       0x8c CMakeFiles/h723.elf.dir/Libraries/mongoose/mongoose.c.obj
 .text.chacha20_xor_stream
                0x0800c84c       0x72 CMakeFiles/h723.elf.dir/Libraries/mongoose/mongoose.c.obj
 .text.U8TO32   0x0800c8be       0x16 CMakeFiles/h723.elf.dir/Libraries/mongoose/mongoose.c.obj
 .text.U32TO8   0x0800c8d4       0x14 CMakeFiles/h723.elf.dir/Libraries/mongoose/mongoose.c.obj
 .text.poly1305_init
                0x0800c8e8       0x94 CMakeFiles/h723.elf.dir/Libraries/mongoose/mongoose.c.obj
 .text.poly1305_blocks
                0x0800c97c      0x270 CMakeFiles/h723.elf.dir/Libraries/mongoose/mongoose.c.obj
 .text.poly1305_finish
                0x0800cbec      0x164 CMakeFiles/h723.elf.dir/Libraries/mongoose/mongoose.c.obj
 .text.poly1305_update
                0x0800cd50       0x82 CMakeFiles/h723.elf.dir/Libraries/mongoose/mongoose.c.obj
 *fill*         0x0800cdd2        0x2 
 .text.pad_if_needed
                0x0800cdd4       0x1c CMakeFiles/h723.elf.dir/Libraries/mongoose/mongoose.c.obj
 .text.write_64bit_int
                0x0800cdf0       0x46 CMakeFiles/h723.elf.dir/Libraries/mongoose/mongoose.c.obj
 *fill*         0x0800ce36        0x2 
 .text.bi_copy  0x0800ce38       0x14 CMakeFiles/h723.elf.dir/Libraries/mongoose/mongoose.c.obj
 .text.bi_compare
                0x0800ce4c       0x42 CMakeFiles/h723.elf.dir/Libraries/mongoose/mongoose.c.obj
 .text.find_max_exp_index
                0x0800ce8e       0x36 CMakeFiles/h723.elf.dir/Libraries/mongoose/mongoose.c.obj
 .text.exp_bit_is_one
                0x0800cec4       0x3a CMakeFiles/h723.elf.dir/Libraries/mongoose/mongoose.c.obj
 .text.trim     0x0800cefe       0x1e CMakeFiles/h723.elf.dir/Libraries/mongoose/mongoose.c.obj
 .text.bi_int_divide
                0x0800cf1c       0x46 CMakeFiles/h723.elf.dir/Libraries/mongoose/mongoose.c.obj
 .text.mg_uecc_vli_clear
                0x0800cf62       0x14 CMakeFiles/h723.elf.dir/Libraries/mongoose/mongoose.c.obj
 .text.mg_uecc_vli_isZero
                0x0800cf76       0x2a CMakeFiles/h723.elf.dir/Libraries/mongoose/mongoose.c.obj
 .text.mg_uecc_vli_testBit
                0x0800cfa0       0x12 CMakeFiles/h723.elf.dir/Libraries/mongoose/mongoose.c.obj
 .text.vli_numDigits
                0x0800cfb2       0x1c CMakeFiles/h723.elf.dir/Libraries/mongoose/mongoose.c.obj
 .text.mg_uecc_vli_numBits
                0x0800cfce       0x34 CMakeFiles/h723.elf.dir/Libraries/mongoose/mongoose.c.obj
 .text.mg_uecc_vli_set
                0x0800d002       0x16 CMakeFiles/h723.elf.dir/Libraries/mongoose/mongoose.c.obj
 .text.mg_uecc_vli_cmp_unsafe
                0x0800d018       0x34 CMakeFiles/h723.elf.dir/Libraries/mongoose/mongoose.c.obj
 .text.mg_uecc_vli_equal
                0x0800d04c       0x36 CMakeFiles/h723.elf.dir/Libraries/mongoose/mongoose.c.obj
 .text.mg_uecc_vli_rshift1
                0x0800d082       0x22 CMakeFiles/h723.elf.dir/Libraries/mongoose/mongoose.c.obj
 .text.mg_uecc_vli_add
                0x0800d0a4       0x3c CMakeFiles/h723.elf.dir/Libraries/mongoose/mongoose.c.obj
 .text.mg_uecc_vli_sub
                0x0800d0e0       0x3c CMakeFiles/h723.elf.dir/Libraries/mongoose/mongoose.c.obj
 .text.mg_uecc_vli_cmp
                0x0800d11c       0x30 CMakeFiles/h723.elf.dir/Libraries/mongoose/mongoose.c.obj
 .text.muladd   0x0800d14c       0x2c CMakeFiles/h723.elf.dir/Libraries/mongoose/mongoose.c.obj
 .text.mg_uecc_vli_mult
                0x0800d178       0xc2 CMakeFiles/h723.elf.dir/Libraries/mongoose/mongoose.c.obj
 .text.mg_uecc_vli_modAdd
                0x0800d23a       0x2e CMakeFiles/h723.elf.dir/Libraries/mongoose/mongoose.c.obj
 .text.mg_uecc_vli_modSub
                0x0800d268       0x22 CMakeFiles/h723.elf.dir/Libraries/mongoose/mongoose.c.obj
 .text.mg_uecc_vli_mmod
                0x0800d28a      0x13c CMakeFiles/h723.elf.dir/Libraries/mongoose/mongoose.c.obj
 .text.mg_uecc_vli_modMult
                0x0800d3c6       0x24 CMakeFiles/h723.elf.dir/Libraries/mongoose/mongoose.c.obj
 .text.mg_uecc_vli_modMult_fast
                0x0800d3ea       0x20 CMakeFiles/h723.elf.dir/Libraries/mongoose/mongoose.c.obj
 .text.mg_uecc_vli_modSquare_fast
                0x0800d40a        0xc CMakeFiles/h723.elf.dir/Libraries/mongoose/mongoose.c.obj
 .text.vli_modInv_update
                0x0800d416       0x3c CMakeFiles/h723.elf.dir/Libraries/mongoose/mongoose.c.obj
 .text.mg_uecc_vli_modInv
                0x0800d452      0x138 CMakeFiles/h723.elf.dir/Libraries/mongoose/mongoose.c.obj
 .text.double_jacobian_default
                0x0800d58a      0x164 CMakeFiles/h723.elf.dir/Libraries/mongoose/mongoose.c.obj
 .text.x_side_default
                0x0800d6ee       0x62 CMakeFiles/h723.elf.dir/Libraries/mongoose/mongoose.c.obj
 .text.mod_sqrt_default
                0x0800d750       0x86 CMakeFiles/h723.elf.dir/Libraries/mongoose/mongoose.c.obj
 *fill*         0x0800d7d6        0x2 
 .text.vli_mmod_fast_secp256r1
                0x0800d7d8      0x1b0 CMakeFiles/h723.elf.dir/Libraries/mongoose/mongoose.c.obj
 .text.apply_z  0x0800d988       0x42 CMakeFiles/h723.elf.dir/Libraries/mongoose/mongoose.c.obj
 .text.XYcZ_initial_double
                0x0800d9ca       0x6e CMakeFiles/h723.elf.dir/Libraries/mongoose/mongoose.c.obj
 .text.XYcZ_add
                0x0800da38       0xe8 CMakeFiles/h723.elf.dir/Libraries/mongoose/mongoose.c.obj
 .text.XYcZ_addC
                0x0800db20      0x134 CMakeFiles/h723.elf.dir/Libraries/mongoose/mongoose.c.obj
 .text.EccPoint_mult
                0x0800dc54      0x15e CMakeFiles/h723.elf.dir/Libraries/mongoose/mongoose.c.obj
 .text.regularize_k
                0x0800ddb2       0x64 CMakeFiles/h723.elf.dir/Libraries/mongoose/mongoose.c.obj
 *fill*         0x0800de16        0x2 
 .text.mg_uecc_generate_random_int
                0x0800de18       0x7c CMakeFiles/h723.elf.dir/Libraries/mongoose/mongoose.c.obj
 .text.mg_uecc_vli_nativeToBytes
                0x0800de94       0x32 CMakeFiles/h723.elf.dir/Libraries/mongoose/mongoose.c.obj
 .text.mg_uecc_vli_bytesToNative
                0x0800dec6       0x48 CMakeFiles/h723.elf.dir/Libraries/mongoose/mongoose.c.obj
 .text.bits2int
                0x0800df0e       0x9a CMakeFiles/h723.elf.dir/Libraries/mongoose/mongoose.c.obj
 .text.mg_uecc_sign_with_k_internal
                0x0800dfa8      0x1b0 CMakeFiles/h723.elf.dir/Libraries/mongoose/mongoose.c.obj
 .text.HMAC_init
                0x0800e158       0x40 CMakeFiles/h723.elf.dir/Libraries/mongoose/mongoose.c.obj
 .text.HMAC_update
                0x0800e198        0x8 CMakeFiles/h723.elf.dir/Libraries/mongoose/mongoose.c.obj
 .text.HMAC_finish
                0x0800e1a0       0x5c CMakeFiles/h723.elf.dir/Libraries/mongoose/mongoose.c.obj
 .text.update_V
                0x0800e1fc       0x22 CMakeFiles/h723.elf.dir/Libraries/mongoose/mongoose.c.obj
 .text.smax     0x0800e21e        0x8 CMakeFiles/h723.elf.dir/Libraries/mongoose/mongoose.c.obj
 .text.umaal    0x0800e226       0x1a CMakeFiles/h723.elf.dir/Libraries/mongoose/mongoose.c.obj
 .text.adc      0x0800e240       0x16 CMakeFiles/h723.elf.dir/Libraries/mongoose/mongoose.c.obj
 .text.adc0     0x0800e256       0x12 CMakeFiles/h723.elf.dir/Libraries/mongoose/mongoose.c.obj
 .text.propagate
                0x0800e268       0x3a CMakeFiles/h723.elf.dir/Libraries/mongoose/mongoose.c.obj
 .text.add      0x0800e2a2       0x34 CMakeFiles/h723.elf.dir/Libraries/mongoose/mongoose.c.obj
 .text.sub      0x0800e2d6       0x40 CMakeFiles/h723.elf.dir/Libraries/mongoose/mongoose.c.obj
 .text.mul      0x0800e316       0x9a CMakeFiles/h723.elf.dir/Libraries/mongoose/mongoose.c.obj
 .text.sqr      0x0800e3b0        0xc CMakeFiles/h723.elf.dir/Libraries/mongoose/mongoose.c.obj
 .text.mul1     0x0800e3bc        0xc CMakeFiles/h723.elf.dir/Libraries/mongoose/mongoose.c.obj
 .text.sqr1     0x0800e3c8        0xa CMakeFiles/h723.elf.dir/Libraries/mongoose/mongoose.c.obj
 .text.condswap
                0x0800e3d2       0x38 CMakeFiles/h723.elf.dir/Libraries/mongoose/mongoose.c.obj
 .text.canon    0x0800e40a       0x5c CMakeFiles/h723.elf.dir/Libraries/mongoose/mongoose.c.obj
 *fill*         0x0800e466        0x2 
 .text.ladder_part1
                0x0800e468       0x98 CMakeFiles/h723.elf.dir/Libraries/mongoose/mongoose.c.obj
 .text.ladder_part2
                0x0800e500       0x4a CMakeFiles/h723.elf.dir/Libraries/mongoose/mongoose.c.obj
 .text.be32     0x0800e54a       0x16 CMakeFiles/h723.elf.dir/Libraries/mongoose/mongoose.c.obj
 .text.mg_ws_mask
                0x0800e560       0x36 CMakeFiles/h723.elf.dir/Libraries/mongoose/mongoose.c.obj
 *fill*         0x0800e596        0x2 
 .text.mg_phy_id_to_str
                0x0800e598       0x70 CMakeFiles/h723.elf.dir/Libraries/mongoose/mongoose.c.obj
 .text.eth_read_phy
                0x0800e608       0x48 CMakeFiles/h723.elf.dir/Libraries/mongoose/mongoose.c.obj
 .text.eth_write_phy
                0x0800e650       0x44 CMakeFiles/h723.elf.dir/Libraries/mongoose/mongoose.c.obj
 .text.mg_tcpip_driver_stm32h_update_hash_table
                0x0800e694       0x40 CMakeFiles/h723.elf.dir/Libraries/mongoose/mongoose.c.obj
 .text.mg_dns_free
                0x0800e6d4       0x1a CMakeFiles/h723.elf.dir/Libraries/mongoose/mongoose.c.obj
 .text.packed_close
                0x0800e6ee        0xc CMakeFiles/h723.elf.dir/Libraries/mongoose/mongoose.c.obj
 .text.mg_atone
                0x0800e6fa       0x1e CMakeFiles/h723.elf.dir/Libraries/mongoose/mongoose.c.obj
 .text.x25519_core
                0x0800e718       0xc4 CMakeFiles/h723.elf.dir/Libraries/mongoose/mongoose.c.obj
 .text.urlparse
                0x0800e7dc       0xb6 CMakeFiles/h723.elf.dir/Libraries/mongoose/mongoose.c.obj
 .text.ws_process
                0x0800e892       0xaa CMakeFiles/h723.elf.dir/Libraries/mongoose/mongoose.c.obj
 .text.packed_read
                0x0800e93c       0x28 CMakeFiles/h723.elf.dir/Libraries/mongoose/mongoose.c.obj
 .text.mg_sha1_transform
                0x0800e964     0x10a4 CMakeFiles/h723.elf.dir/Libraries/mongoose/mongoose.c.obj
 .text.rfc8439_keygen
                0x0800fa08       0x36 CMakeFiles/h723.elf.dir/Libraries/mongoose/mongoose.c.obj
 .text.poly1305_calculate_mac
                0x0800fa3e       0x8e CMakeFiles/h723.elf.dir/Libraries/mongoose/mongoose.c.obj
 .text.more_comps
                0x0800facc       0x64 CMakeFiles/h723.elf.dir/Libraries/mongoose/mongoose.c.obj
 .text.mg_print_esc
                0x0800fb30       0x2e CMakeFiles/h723.elf.dir/Libraries/mongoose/mongoose.c.obj
                0x0800fb30                mg_print_esc
 .text.packed_open
                0x0800fb5e       0x32 CMakeFiles/h723.elf.dir/Libraries/mongoose/mongoose.c.obj
 .text.is_dir_prefix
                0x0800fb90       0x44 CMakeFiles/h723.elf.dir/Libraries/mongoose/mongoose.c.obj
 .text.packed_stat
                0x0800fbd4       0x3e CMakeFiles/h723.elf.dir/Libraries/mongoose/mongoose.c.obj
 .text.getpeer  0x0800fc12       0x6c CMakeFiles/h723.elf.dir/Libraries/mongoose/mongoose.c.obj
 .text.mg_der_find_oid
                0x0800fc7e       0x72 CMakeFiles/h723.elf.dir/Libraries/mongoose/mongoose.c.obj
 .text.mg_pfn_stdout
                0x0800fcf0        0x8 CMakeFiles/h723.elf.dir/Libraries/mongoose/mongoose.c.obj
                0x0800fcf0                mg_pfn_stdout
 .text.mg_queue_write_len
                0x0800fcf8        0xc CMakeFiles/h723.elf.dir/Libraries/mongoose/mongoose.c.obj
 .text.mg_queue_read_len
                0x0800fd04        0xc CMakeFiles/h723.elf.dir/Libraries/mongoose/mongoose.c.obj
 .text.alloc    0x0800fd10       0x4e CMakeFiles/h723.elf.dir/Libraries/mongoose/mongoose.c.obj
 .text.bi_import
                0x0800fd5e       0x5e CMakeFiles/h723.elf.dir/Libraries/mongoose/mongoose.c.obj
 .text.int_to_bi
                0x0800fdbc       0x10 CMakeFiles/h723.elf.dir/Libraries/mongoose/mongoose.c.obj
 .text.bi_clone
                0x0800fdcc       0x20 CMakeFiles/h723.elf.dir/Libraries/mongoose/mongoose.c.obj
 .text.bi_permanent
                0x0800fdec       0x18 CMakeFiles/h723.elf.dir/Libraries/mongoose/mongoose.c.obj
 .text.bi_initialize
                0x0800fe04       0x2c CMakeFiles/h723.elf.dir/Libraries/mongoose/mongoose.c.obj
 .text.bi_depermanent
                0x0800fe30       0x18 CMakeFiles/h723.elf.dir/Libraries/mongoose/mongoose.c.obj
 .text.bi_free  0x0800fe48       0x34 CMakeFiles/h723.elf.dir/Libraries/mongoose/mongoose.c.obj
 .text.bi_int_multiply
                0x0800fe7c       0x68 CMakeFiles/h723.elf.dir/Libraries/mongoose/mongoose.c.obj
 .text.bi_set_mod
                0x0800fee4       0x4a CMakeFiles/h723.elf.dir/Libraries/mongoose/mongoose.c.obj
 .text.regular_multiply
                0x0800ff2e       0xe2 CMakeFiles/h723.elf.dir/Libraries/mongoose/mongoose.c.obj
 .text.bi_multiply
                0x08010010       0x12 CMakeFiles/h723.elf.dir/Libraries/mongoose/mongoose.c.obj
 .text.bi_subtract
                0x08010022       0x66 CMakeFiles/h723.elf.dir/Libraries/mongoose/mongoose.c.obj
 .text.bi_add   0x08010088       0x68 CMakeFiles/h723.elf.dir/Libraries/mongoose/mongoose.c.obj
 .text.bi_divide
                0x080100f0      0x2a0 CMakeFiles/h723.elf.dir/Libraries/mongoose/mongoose.c.obj
 .text.bi_mod_power
                0x08010390      0x156 CMakeFiles/h723.elf.dir/Libraries/mongoose/mongoose.c.obj
 .text.bi_export
                0x080104e6       0x54 CMakeFiles/h723.elf.dir/Libraries/mongoose/mongoose.c.obj
 *fill*         0x0801053a        0x2 
 .text.mg_base64_update
                0x0801053c       0x70 CMakeFiles/h723.elf.dir/Libraries/mongoose/mongoose.c.obj
                0x0801053c                mg_base64_update
 .text.mg_base64_final
                0x080105ac       0x30 CMakeFiles/h723.elf.dir/Libraries/mongoose/mongoose.c.obj
                0x080105ac                mg_base64_final
 .text.mg_base64_encode
                0x080105dc       0x58 CMakeFiles/h723.elf.dir/Libraries/mongoose/mongoose.c.obj
                0x080105dc                mg_base64_encode
 .text.mg_base64_decode
                0x08010634       0xc8 CMakeFiles/h723.elf.dir/Libraries/mongoose/mongoose.c.obj
                0x08010634                mg_base64_decode
 .text.mg_resolve_cancel
                0x080106fc       0x24 CMakeFiles/h723.elf.dir/Libraries/mongoose/mongoose.c.obj
                0x080106fc                mg_resolve_cancel
 .text.mg_call  0x08010720       0x1e CMakeFiles/h723.elf.dir/Libraries/mongoose/mongoose.c.obj
                0x08010720                mg_call
 .text.mg_fs_open
                0x0801073e       0x32 CMakeFiles/h723.elf.dir/Libraries/mongoose/mongoose.c.obj
                0x0801073e                mg_fs_open
 .text.mg_fs_close
                0x08010770       0x18 CMakeFiles/h723.elf.dir/Libraries/mongoose/mongoose.c.obj
                0x08010770                mg_fs_close
 .text.restore_http_cb
                0x08010788       0x2c CMakeFiles/h723.elf.dir/Libraries/mongoose/mongoose.c.obj
 .text.mg_to_size_t
                0x080107b4       0xa4 CMakeFiles/h723.elf.dir/Libraries/mongoose/mongoose.c.obj
                0x080107b4                mg_to_size_t
 .text.mg_http_get_request_len
                0x08010858       0x58 CMakeFiles/h723.elf.dir/Libraries/mongoose/mongoose.c.obj
                0x08010858                mg_http_get_request_len
 .text.mg_http_get_header
                0x080108b0       0x54 CMakeFiles/h723.elf.dir/Libraries/mongoose/mongoose.c.obj
                0x080108b0                mg_http_get_header
 .text.mg_http_status
                0x08010904        0xa CMakeFiles/h723.elf.dir/Libraries/mongoose/mongoose.c.obj
                0x08010904                mg_http_status
 *fill*         0x0801090e        0x2 
 .text.mg_json_get
                0x08010910      0x4ec CMakeFiles/h723.elf.dir/Libraries/mongoose/mongoose.c.obj
                0x08010910                mg_json_get
 .text.mg_json_get_num
                0x08010dfc       0x4c CMakeFiles/h723.elf.dir/Libraries/mongoose/mongoose.c.obj
                0x08010dfc                mg_json_get_num
 .text.mg_json_get_bool
                0x08010e48       0x46 CMakeFiles/h723.elf.dir/Libraries/mongoose/mongoose.c.obj
                0x08010e48                mg_json_get_bool
 *fill*         0x08010e8e        0x2 
 .text.mg_hexdump
                0x08010e90       0xf0 CMakeFiles/h723.elf.dir/Libraries/mongoose/mongoose.c.obj
                0x08010e90                mg_hexdump
 .text.mg_alloc_conn
                0x08010f80       0x2a CMakeFiles/h723.elf.dir/Libraries/mongoose/mongoose.c.obj
                0x08010f80                mg_alloc_conn
 .text.mg_snprintf
                0x08010faa       0x1e CMakeFiles/h723.elf.dir/Libraries/mongoose/mongoose.c.obj
                0x08010faa                mg_snprintf
 .text.mg_dtoa  0x08010fc8      0x474 CMakeFiles/h723.elf.dir/Libraries/mongoose/mongoose.c.obj
 .text.mg_vxprintf
                0x0801143c      0x45c CMakeFiles/h723.elf.dir/Libraries/mongoose/mongoose.c.obj
                0x0801143c                mg_vxprintf
 .text.mg_xprintf
                0x08011898       0x1e CMakeFiles/h723.elf.dir/Libraries/mongoose/mongoose.c.obj
                0x08011898                mg_xprintf
 *fill*         0x080118b6        0x2 
 .text.print_ip4
                0x080118b8       0x20 CMakeFiles/h723.elf.dir/Libraries/mongoose/mongoose.c.obj
 .text.mg_print_ip4
                0x080118d8       0x10 CMakeFiles/h723.elf.dir/Libraries/mongoose/mongoose.c.obj
                0x080118d8                mg_print_ip4
 .text.mg_print_mac
                0x080118e8       0x30 CMakeFiles/h723.elf.dir/Libraries/mongoose/mongoose.c.obj
                0x080118e8                mg_print_mac
 .text.mg_log   0x08011918       0x3c CMakeFiles/h723.elf.dir/Libraries/mongoose/mongoose.c.obj
                0x08011918                mg_log
 .text.mg_vprintf
                0x08011954       0x20 CMakeFiles/h723.elf.dir/Libraries/mongoose/mongoose.c.obj
                0x08011954                mg_vprintf
 .text.mg_printf
                0x08011974       0x1e CMakeFiles/h723.elf.dir/Libraries/mongoose/mongoose.c.obj
                0x08011974                mg_printf
 *fill*         0x08011992        0x2 
 .text.mg_vsnprintf
                0x08011994       0x2c CMakeFiles/h723.elf.dir/Libraries/mongoose/mongoose.c.obj
                0x08011994                mg_vsnprintf
 .text.packed_list
                0x080119c0       0x90 CMakeFiles/h723.elf.dir/Libraries/mongoose/mongoose.c.obj
 .text.mg_http_reply
                0x08011a50       0x84 CMakeFiles/h723.elf.dir/Libraries/mongoose/mongoose.c.obj
                0x08011a50                mg_http_reply
 .text.mg_http_etag
                0x08011ad4       0x24 CMakeFiles/h723.elf.dir/Libraries/mongoose/mongoose.c.obj
                0x08011ad4                mg_http_etag
 .text.mg_log_prefix
                0x08011af8       0x78 CMakeFiles/h723.elf.dir/Libraries/mongoose/mongoose.c.obj
                0x08011af8                mg_log_prefix
 .text.mg_error
                0x08011b70       0x70 CMakeFiles/h723.elf.dir/Libraries/mongoose/mongoose.c.obj
                0x08011b70                mg_error
 .text.mg_save_file_flash_begin
                0x08011be0       0xe8 CMakeFiles/h723.elf.dir/Libraries/mongoose/mongoose.c.obj
                0x08011be0                mg_save_file_flash_begin
 .text.mg_save_file_begin
                0x08011cc8       0x1c CMakeFiles/h723.elf.dir/Libraries/mongoose/mongoose.c.obj
                0x08011cc8                mg_save_file_begin
 .text.trim_len
                0x08011ce4       0xbc CMakeFiles/h723.elf.dir/Libraries/mongoose/mongoose.c.obj
 .text.settmout
                0x08011da0       0x90 CMakeFiles/h723.elf.dir/Libraries/mongoose/mongoose.c.obj
 .text.mg_tcpip_init
                0x08011e30      0x13c CMakeFiles/h723.elf.dir/Libraries/mongoose/mongoose.c.obj
                0x08011e30                mg_tcpip_init
 .text.handle_opt
                0x08011f6c       0x7c CMakeFiles/h723.elf.dir/Libraries/mongoose/mongoose.c.obj
 .text.mg_stm32h7_save_data_write
                0x08011fe8       0xd8 CMakeFiles/h723.elf.dir/Libraries/mongoose/mongoose.c.obj
                0x08011fe8                mg_stm32h7_save_data_write
 .text.mg_tls_hexdump
                0x080120c0       0x48 CMakeFiles/h723.elf.dir/Libraries/mongoose/mongoose.c.obj
 .text.mg_tcpip_driver_stm32h_tx
                0x08012108      0x13c CMakeFiles/h723.elf.dir/Libraries/mongoose/mongoose.c.obj
 .text.mg_vmprintf
                0x08012244       0x28 CMakeFiles/h723.elf.dir/Libraries/mongoose/mongoose.c.obj
                0x08012244                mg_vmprintf
 .text.mg_mprintf
                0x0801226c       0x1e CMakeFiles/h723.elf.dir/Libraries/mongoose/mongoose.c.obj
                0x0801226c                mg_mprintf
 .text.mg_queue_book
                0x0801228a       0x68 CMakeFiles/h723.elf.dir/Libraries/mongoose/mongoose.c.obj
                0x0801228a                mg_queue_book
 .text.mg_queue_next
                0x080122f2       0x38 CMakeFiles/h723.elf.dir/Libraries/mongoose/mongoose.c.obj
                0x080122f2                mg_queue_next
 .text.mg_queue_add
                0x0801232a       0x14 CMakeFiles/h723.elf.dir/Libraries/mongoose/mongoose.c.obj
                0x0801232a                mg_queue_add
 .text.mg_tcpip_qwrite
                0x0801233e       0x40 CMakeFiles/h723.elf.dir/Libraries/mongoose/mongoose.c.obj
                0x0801233e                mg_tcpip_qwrite
 .text.mg_queue_del
                0x0801237e        0xa CMakeFiles/h723.elf.dir/Libraries/mongoose/mongoose.c.obj
                0x0801237e                mg_queue_del
 .text.mg_sha1_init
                0x08012388       0x34 CMakeFiles/h723.elf.dir/Libraries/mongoose/mongoose.c.obj
                0x08012388                mg_sha1_init
 .text.mg_sha1_update
                0x080123bc       0x74 CMakeFiles/h723.elf.dir/Libraries/mongoose/mongoose.c.obj
                0x080123bc                mg_sha1_update
 .text.mg_sha1_final
                0x08012430       0xa8 CMakeFiles/h723.elf.dir/Libraries/mongoose/mongoose.c.obj
                0x08012430                mg_sha1_final
 .text.mg_sha256_init
                0x080124d8       0x54 CMakeFiles/h723.elf.dir/Libraries/mongoose/mongoose.c.obj
                0x080124d8                mg_sha256_init
 .text.init_SHA256
                0x0801252c        0xa CMakeFiles/h723.elf.dir/Libraries/mongoose/mongoose.c.obj
 .text.mg_sha256_update
                0x08012536       0x44 CMakeFiles/h723.elf.dir/Libraries/mongoose/mongoose.c.obj
                0x08012536                mg_sha256_update
 .text.update_SHA256
                0x0801257a        0xa CMakeFiles/h723.elf.dir/Libraries/mongoose/mongoose.c.obj
 .text.mg_sha256_final
                0x08012584       0xfc CMakeFiles/h723.elf.dir/Libraries/mongoose/mongoose.c.obj
                0x08012584                mg_sha256_final
 .text.mg_tls_calc_cert_verify_hash
                0x08012680       0xa4 CMakeFiles/h723.elf.dir/Libraries/mongoose/mongoose.c.obj
 .text.finish_SHA256
                0x08012724       0x10 CMakeFiles/h723.elf.dir/Libraries/mongoose/mongoose.c.obj
 .text.mg_sha256
                0x08012734       0x26 CMakeFiles/h723.elf.dir/Libraries/mongoose/mongoose.c.obj
                0x08012734                mg_sha256
 .text.mg_hmac_sha256
                0x0801275a       0xda CMakeFiles/h723.elf.dir/Libraries/mongoose/mongoose.c.obj
                0x0801275a                mg_hmac_sha256
 .text.mg_tls_derive_secret
                0x08012834       0x82 CMakeFiles/h723.elf.dir/Libraries/mongoose/mongoose.c.obj
 *fill*         0x080128b6        0x2 
 .text.mg_tls_generate_handshake_keys
                0x080128b8      0x1d8 CMakeFiles/h723.elf.dir/Libraries/mongoose/mongoose.c.obj
 .text.mg_tls_generate_application_keys
                0x08012a90      0x180 CMakeFiles/h723.elf.dir/Libraries/mongoose/mongoose.c.obj
 .text.mg_sha384_init
                0x08012c10       0xa8 CMakeFiles/h723.elf.dir/Libraries/mongoose/mongoose.c.obj
                0x08012c10                mg_sha384_init
 .text.mg_sha384_update
                0x08012cb8       0x76 CMakeFiles/h723.elf.dir/Libraries/mongoose/mongoose.c.obj
                0x08012cb8                mg_sha384_update
 .text.mg_sha384_final
                0x08012d2e      0x16a CMakeFiles/h723.elf.dir/Libraries/mongoose/mongoose.c.obj
                0x08012d2e                mg_sha384_final
 .text.mg_sha384
                0x08012e98       0x26 CMakeFiles/h723.elf.dir/Libraries/mongoose/mongoose.c.obj
                0x08012e98                mg_sha384
 *fill*         0x08012ebe        0x2 
 .text.mg_now   0x08012ec0       0x18 CMakeFiles/h723.elf.dir/Libraries/mongoose/mongoose.c.obj
                0x08012ec0                mg_now
 .text.mg_http_serve_ssi
                0x08012ed8       0x14 CMakeFiles/h723.elf.dir/Libraries/mongoose/mongoose.c.obj
                0x08012ed8                mg_http_serve_ssi
 .text.mg_str_s
                0x08012eec       0x18 CMakeFiles/h723.elf.dir/Libraries/mongoose/mongoose.c.obj
                0x08012eec                mg_str_s
 .text.mg_str_n
                0x08012f04        0x6 CMakeFiles/h723.elf.dir/Libraries/mongoose/mongoose.c.obj
                0x08012f04                mg_str_n
 .text.stripquotes
                0x08012f0a       0x3a CMakeFiles/h723.elf.dir/Libraries/mongoose/mongoose.c.obj
 .text.mg_http_get_header_var
                0x08012f44       0xa2 CMakeFiles/h723.elf.dir/Libraries/mongoose/mongoose.c.obj
                0x08012f44                mg_http_get_header_var