Archive member included to satisfy reference by file (symbol)

C:/PROGRA~2/ARMGNU~1/14EFD8~1.2RE/bin/../lib/gcc/arm-none-eabi/14.2.1/thumb/v7e-m/nofp\libgcc.a(_arm_mulsf3.o)
                              CMakeFiles/bootloader_g4.elf.dir/Drivers/canopenlibrary/CANopenNode/301/CO_PDO.c.obj (__aeabi_fmul)
C:/PROGRA~2/ARMGNU~1/14EFD8~1.2RE/bin/../lib/gcc/arm-none-eabi/14.2.1/thumb/v7e-m/nofp\libgcc.a(_arm_addsubsf3.o)
                              CMakeFiles/bootloader_g4.elf.dir/Drivers/canopenlibrary/CANopenNode/301/CO_PDO.c.obj (__aeabi_i2f)
C:/PROGRA~2/ARMGNU~1/14EFD8~1.2RE/bin/../lib/gcc/arm-none-eabi/14.2.1/thumb/v7e-m/nofp\libgcc.a(_arm_muldivsf3.o)
                              CMakeFiles/bootloader_g4.elf.dir/Drivers/canopenlibrary/CANopenNode/301/CO_PDO.c.obj (__aeabi_fdiv)
C:/PROGRA~2/ARMGNU~1/14EFD8~1.2RE/bin/../lib/gcc/arm-none-eabi/14.2.1/thumb/v7e-m/nofp\libgcc.a(_arm_fixsfsi.o)
                              CMakeFiles/bootloader_g4.elf.dir/Drivers/canopenlibrary/CANopenNode/301/CO_PDO.c.obj (__aeabi_f2iz)
C:/PROGRA~2/ARMGNU~1/14EFD8~1.2RE/bin/../lib/gcc/arm-none-eabi/14.2.1/thumb/v7e-m/nofp\libg.a(libc_a-calloc.o)
                              CMakeFiles/bootloader_g4.elf.dir/Drivers/canopenlibrary/CANopenNode/CANopen.c.obj (calloc)
C:/PROGRA~2/ARMGNU~1/14EFD8~1.2RE/bin/../lib/gcc/arm-none-eabi/14.2.1/thumb/v7e-m/nofp\libg.a(libc_a-callocr.o)
                              C:/PROGRA~2/ARMGNU~1/14EFD8~1.2RE/bin/../lib/gcc/arm-none-eabi/14.2.1/thumb/v7e-m/nofp\libg.a(libc_a-calloc.o) (_calloc_r)
C:/PROGRA~2/ARMGNU~1/14EFD8~1.2RE/bin/../lib/gcc/arm-none-eabi/14.2.1/thumb/v7e-m/nofp\libg.a(libc_a-exit.o)
                              C:/PROGRA~2/ARMGNU~1/14EFD8~1.2RE/bin/../lib/gcc/arm-none-eabi/14.2.1/thumb/v7e-m/nofp/crt0.o (exit)
C:/PROGRA~2/ARMGNU~1/14EFD8~1.2RE/bin/../lib/gcc/arm-none-eabi/14.2.1/thumb/v7e-m/nofp\libg.a(libc_a-malloc.o)
                              CMakeFiles/bootloader_g4.elf.dir/Core/canopen_bootloader.c.obj (malloc)
C:/PROGRA~2/ARMGNU~1/14EFD8~1.2RE/bin/../lib/gcc/arm-none-eabi/14.2.1/thumb/v7e-m/nofp\libg.a(libc_a-mallocr.o)
                              C:/PROGRA~2/ARMGNU~1/14EFD8~1.2RE/bin/../lib/gcc/arm-none-eabi/14.2.1/thumb/v7e-m/nofp\libg.a(libc_a-callocr.o) (_malloc_r)
C:/PROGRA~2/ARMGNU~1/14EFD8~1.2RE/bin/../lib/gcc/arm-none-eabi/14.2.1/thumb/v7e-m/nofp\libg.a(libc_a-mlock.o)
                              C:/PROGRA~2/ARMGNU~1/14EFD8~1.2RE/bin/../lib/gcc/arm-none-eabi/14.2.1/thumb/v7e-m/nofp\libg.a(libc_a-mallocr.o) (__malloc_lock)
C:/PROGRA~2/ARMGNU~1/14EFD8~1.2RE/bin/../lib/gcc/arm-none-eabi/14.2.1/thumb/v7e-m/nofp\libg.a(libc_a-findfp.o)
                              C:/PROGRA~2/ARMGNU~1/14EFD8~1.2RE/bin/../lib/gcc/arm-none-eabi/14.2.1/thumb/v7e-m/nofp\libg.a(libc_a-exit.o) (__stdio_exit_handler)
C:/PROGRA~2/ARMGNU~1/14EFD8~1.2RE/bin/../lib/gcc/arm-none-eabi/14.2.1/thumb/v7e-m/nofp\libg.a(libc_a-fwalk.o)
                              C:/PROGRA~2/ARMGNU~1/14EFD8~1.2RE/bin/../lib/gcc/arm-none-eabi/14.2.1/thumb/v7e-m/nofp\libg.a(libc_a-findfp.o) (_fwalk_sglue)
C:/PROGRA~2/ARMGNU~1/14EFD8~1.2RE/bin/../lib/gcc/arm-none-eabi/14.2.1/thumb/v7e-m/nofp\libg.a(libc_a-stdio.o)
                              C:/PROGRA~2/ARMGNU~1/14EFD8~1.2RE/bin/../lib/gcc/arm-none-eabi/14.2.1/thumb/v7e-m/nofp\libg.a(libc_a-findfp.o) (__sread)
C:/PROGRA~2/ARMGNU~1/14EFD8~1.2RE/bin/../lib/gcc/arm-none-eabi/14.2.1/thumb/v7e-m/nofp\libg.a(libc_a-memmove.o)
                              CMakeFiles/bootloader_g4.elf.dir/Drivers/canopenlibrary/CANopenNode/301/CO_SDOserver.c.obj (memmove)
C:/PROGRA~2/ARMGNU~1/14EFD8~1.2RE/bin/../lib/gcc/arm-none-eabi/14.2.1/thumb/v7e-m/nofp\libg.a(libc_a-memset.o)
                              C:/PROGRA~2/ARMGNU~1/14EFD8~1.2RE/bin/../lib/gcc/arm-none-eabi/14.2.1/thumb/v7e-m/nofp/crt0.o (memset)
C:/PROGRA~2/ARMGNU~1/14EFD8~1.2RE/bin/../lib/gcc/arm-none-eabi/14.2.1/thumb/v7e-m/nofp\libg.a(libc_a-closer.o)
                              C:/PROGRA~2/ARMGNU~1/14EFD8~1.2RE/bin/../lib/gcc/arm-none-eabi/14.2.1/thumb/v7e-m/nofp\libg.a(libc_a-stdio.o) (_close_r)
C:/PROGRA~2/ARMGNU~1/14EFD8~1.2RE/bin/../lib/gcc/arm-none-eabi/14.2.1/thumb/v7e-m/nofp\libg.a(libc_a-reent.o)
                              C:/PROGRA~2/ARMGNU~1/14EFD8~1.2RE/bin/../lib/gcc/arm-none-eabi/14.2.1/thumb/v7e-m/nofp\libg.a(libc_a-closer.o) (errno)
C:/PROGRA~2/ARMGNU~1/14EFD8~1.2RE/bin/../lib/gcc/arm-none-eabi/14.2.1/thumb/v7e-m/nofp\libg.a(libc_a-impure.o)
                              C:/PROGRA~2/ARMGNU~1/14EFD8~1.2RE/bin/../lib/gcc/arm-none-eabi/14.2.1/thumb/v7e-m/nofp\libg.a(libc_a-calloc.o) (_impure_ptr)
C:/PROGRA~2/ARMGNU~1/14EFD8~1.2RE/bin/../lib/gcc/arm-none-eabi/14.2.1/thumb/v7e-m/nofp\libg.a(libc_a-lseekr.o)
                              C:/PROGRA~2/ARMGNU~1/14EFD8~1.2RE/bin/../lib/gcc/arm-none-eabi/14.2.1/thumb/v7e-m/nofp\libg.a(libc_a-stdio.o) (_lseek_r)
C:/PROGRA~2/ARMGNU~1/14EFD8~1.2RE/bin/../lib/gcc/arm-none-eabi/14.2.1/thumb/v7e-m/nofp\libg.a(libc_a-readr.o)
[...]
Memory Configuration

Name             Origin             Length             Attributes
RAM              0x20000000         0x00020000         xrw
FLASH            0x08000000         0x00040000         xr
*default*        0x00000000         0xffffffff

Linker script and memory map

LOAD C:/PROGRA~2/ARMGNU~1/14EFD8~1.2RE/bin/../lib/gcc/arm-none-eabi/14.2.1/thumb/v7e-m/nofp/crti.o
LOAD C:/PROGRA~2/ARMGNU~1/14EFD8~1.2RE/bin/../lib/gcc/arm-none-eabi/14.2.1/thumb/v7e-m/nofp/crtbegin.o
LOAD C:/PROGRA~2/ARMGNU~1/14EFD8~1.2RE/bin/../lib/gcc/arm-none-eabi/14.2.1/thumb/v7e-m/nofp/crt0.o
LOAD CMakeFiles/bootloader_g4.elf.dir/Core/ODBootloader.c.obj
LOAD CMakeFiles/bootloader_g4.elf.dir/Core/Src/fdcan.c.obj
LOAD CMakeFiles/bootloader_g4.elf.dir/Core/Src/gpio.c.obj
LOAD CMakeFiles/bootloader_g4.elf.dir/Core/Src/main.c.obj
LOAD CMakeFiles/bootloader_g4.elf.dir/Core/Src/stm32g4xx_hal_msp.c.obj
LOAD CMakeFiles/bootloader_g4.elf.dir/Core/Src/stm32g4xx_it.c.obj
LOAD CMakeFiles/bootloader_g4.elf.dir/Core/Src/syscalls.c.obj
LOAD CMakeFiles/bootloader_g4.elf.dir/Core/Src/sysmem.c.obj
LOAD CMakeFiles/bootloader_g4.elf.dir/Core/Src/system_stm32g4xx.c.obj
LOAD CMakeFiles/bootloader_g4.elf.dir/Core/Startup/startup_stm32g473cctx.s.obj
LOAD CMakeFiles/bootloader_g4.elf.dir/Core/canopen_bootloader.c.obj
LOAD CMakeFiles/bootloader_g4.elf.dir/Core/flash_g4.c.obj
LOAD CMakeFiles/bootloader_g4.elf.dir/Drivers/STM32G4xx_HAL_Driver/Src/stm32g4xx_hal.c.obj
LOAD CMakeFiles/bootloader_g4.elf.dir/Drivers/STM32G4xx_HAL_Driver/Src/stm32g4xx_hal_cortex.c.obj
LOAD CMakeFiles/bootloader_g4.elf.dir/Drivers/STM32G4xx_HAL_Driver/Src/stm32g4xx_hal_dma.c.obj
LOAD CMakeFiles/bootloader_g4.elf.dir/Drivers/STM32G4xx_HAL_Driver/Src/stm32g4xx_hal_dma_ex.c.obj
LOAD CMakeFiles/bootloader_g4.elf.dir/Drivers/STM32G4xx_HAL_Driver/Src/stm32g4xx_hal_exti.c.obj
LOAD CMakeFiles/bootloader_g4.elf.dir/Drivers/STM32G4xx_HAL_Driver/Src/stm32g4xx_hal_fdcan.c.obj
LOAD CMakeFiles/bootloader_g4.elf.dir/Drivers/STM32G4xx_HAL_Driver/Src/stm32g4xx_hal_flash.c.obj
LOAD CMakeFiles/bootloader_g4.elf.dir/Drivers/STM32G4xx_HAL_Driver/Src/stm32g4xx_hal_flash_ex.c.obj
LOAD CMakeFiles/bootloader_g4.elf.dir/Drivers/STM32G4xx_HAL_Driver/Src/stm32g4xx_hal_flash_ramfunc.c.obj
LOAD CMakeFiles/bootloader_g4.elf.dir/Drivers/STM32G4xx_HAL_Driver/Src/stm32g4xx_hal_gpio.c.obj
LOAD CMakeFiles/bootloader_g4.elf.dir/Drivers/STM32G4xx_HAL_Driver/Src/stm32g4xx_hal_pwr.c.obj
LOAD CMakeFiles/bootloader_g4.elf.dir/Drivers/STM32G4xx_HAL_Driver/Src/stm32g4xx_hal_pwr_ex.c.obj
LOAD CMakeFiles/bootloader_g4.elf.dir/Drivers/STM32G4xx_HAL_Driver/Src/stm32g4xx_hal_rcc.c.obj
LOAD CMakeFiles/bootloader_g4.elf.dir/Drivers/STM32G4xx_HAL_Driver/Src/stm32g4xx_hal_rcc_ex.c.obj
LOAD CMakeFiles/bootloader_g4.elf.dir/Drivers/STM32G4xx_HAL_Driver/Src/stm32g4xx_hal_tim.c.obj
LOAD CMakeFiles/bootloader_g4.elf.dir/Drivers/STM32G4xx_HAL_Driver/Src/stm32g4xx_hal_tim_ex.c.obj
LOAD CMakeFiles/bootloader_g4.elf.dir/Drivers/canopenlibrary/CANopenNode/301/CO_Emergency.c.obj
LOAD CMakeFiles/bootloader_g4.elf.dir/Drivers/canopenlibrary/CANopenNode/301/CO_HBconsumer.c.obj
LOAD CMakeFiles/bootloader_g4.elf.dir/Drivers/canopenlibrary/CANopenNode/301/CO_NMT_Heartbeat.c.obj
LOAD CMakeFiles/bootloader_g4.elf.dir/Drivers/canopenlibrary/CANopenNode/301/CO_ODinterface.c.obj
LOAD CMakeFiles/bootloader_g4.elf.dir/Drivers/canopenlibrary/CANopenNode/301/CO_PDO.c.obj
LOAD CMakeFiles/bootloader_g4.elf.dir/Drivers/canopenlibrary/CANopenNode/301/CO_SDOclient.c.obj
LOAD CMakeFiles/bootloader_g4.elf.dir/Drivers/canopenlibrary/CANopenNode/301/CO_SDOserver.c.obj
LOAD CMakeFiles/bootloader_g4.elf.dir/Drivers/canopenlibrary/CANopenNode/301/CO_SYNC.c.obj
LOAD CMakeFiles/bootloader_g4.elf.dir/Drivers/canopenlibrary/CANopenNode/301/CO_TIME.c.obj
LOAD CMakeFiles/bootloader_g4.elf.dir/Drivers/canopenlibrary/CANopenNode/301/CO_fifo.c.obj
LOAD CMakeFiles/bootloader_g4.elf.dir/Drivers/canopenlibrary/CANopenNode/301/crc16-ccitt.c.obj
LOAD CMakeFiles/bootloader_g4.elf.dir/Drivers/canopenlibrary/CANopenNode/303/CO_LEDs.c.obj
LOAD CMakeFiles/bootloader_g4.elf.dir/Drivers/canopenlibrary/CANopenNode/304/CO_GFC.c.obj
LOAD CMakeFiles/bootloader_g4.elf.dir/Drivers/canopenlibrary/CANopenNode/304/CO_SRDO.c.obj
LOAD CMakeFiles/bootloader_g4.elf.dir/Drivers/canopenlibrary/CANopenNode/305/CO_LSSmaster.c.obj
LOAD CMakeFiles/bootloader_g4.elf.dir/Drivers/canopenlibrary/CANopenNode/305/CO_LSSslave.c.obj
LOAD CMakeFiles/bootloader_g4.elf.dir/Drivers/canopenlibrary/CANopenNode/309/CO_gateway_ascii.c.obj
LOAD CMakeFiles/bootloader_g4.elf.dir/Drivers/canopenlibrary/CANopenNode/CANopen.c.obj
LOAD CMakeFiles/bootloader_g4.elf.dir/Drivers/canopenlibrary/CANopenNode/extra/CO_trace.c.obj
LOAD CMakeFiles/bootloader_g4.elf.dir/Drivers/canopenlibrary/CANopenNode/storage/CO_storage.c.obj
LOAD CMakeFiles/bootloader_g4.elf.dir/Drivers/canopenlibrary/CANopenNode/storage/CO_storageEeprom.c.obj
LOAD CMakeFiles/bootloader_g4.elf.dir/Drivers/canopenlibrary/CO_Can_Driver.c.obj
LOAD CMakeFiles/bootloader_g4.elf.dir/Drivers/canopenlibrary/CO_FDCan_Driver.c.obj
LOAD CMakeFiles/bootloader_g4.elf.dir/Drivers/canopenlibrary/Canopen_EEPROM.c.obj
LOAD CMakeFiles/bootloader_g4.elf.dir/Drivers/canopenlibrary/Canopen_Main.c.obj
START GROUP
LOAD C:/PROGRA~2/ARMGNU~1/14EFD8~1.2RE/bin/../lib/gcc/arm-none-eabi/14.2.1/thumb/v7e-m/nofp\libgcc.a
LOAD C:/PROGRA~2/ARMGNU~1/14EFD8~1.2RE/bin/../lib/gcc/arm-none-eabi/14.2.1/thumb/v7e-m/nofp\libg.a
LOAD C:/PROGRA~2/ARMGNU~1/14EFD8~1.2RE/bin/../lib/gcc/arm-none-eabi/14.2.1/thumb/v7e-m/nofp\libc.a
END GROUP
LOAD C:/PROGRA~2/ARMGNU~1/14EFD8~1.2RE/bin/../lib/gcc/arm-none-eabi/14.2.1/thumb/v7e-m/nofp/crtend.o
LOAD C:/PROGRA~2/ARMGNU~1/14EFD8~1.2RE/bin/../lib/gcc/arm-none-eabi/14.2.1/thumb/v7e-m/nofp/crtn.o
                0x20020000                        _estack = (ORIGIN (RAM) + LENGTH (RAM))
                0x00000200                        _Min_Heap_Size = 0x200
                0x00000400                        _Min_Stack_Size = 0x400

.isr_vector     0x08000000      0x1d8
                0x08000000                        . = ALIGN (0x4)
 *(.isr_vector)
 .isr_vector    0x08000000      0x1d8 CMakeFiles/bootloader_g4.elf.dir/Core/Startup/startup_stm32g473cctx.s.obj
                0x08000000                g_pfnVectors
                0x080001d8                        . = ALIGN (0x4)

.text           0x08000200     0x6600
                0x08000200                        . = ALIGN (0x4)
 *(.text)
 .text          0x08000200      0x21c C:/PROGRA~2/ARMGNU~1/14EFD8~1.2RE/bin/../lib/gcc/arm-none-eabi/14.2.1/thumb/v7e-m/nofp\libgcc.a(_arm_addsubsf3.o)
                0x08000200                __aeabi_frsub
                0x08000208                __subsf3
                0x08000208                __aeabi_fsub
                0x0800020c                __aeabi_fadd
                0x0800020c                __addsf3
                0x0800036c                __aeabi_ui2f
                0x0800036c                __floatunsisf
                0x08000374                __aeabi_i2f
                0x08000374                __floatsisf
                0x08000390                __aeabi_ul2f
                0x08000390                __floatundisf
                0x080003a0                __aeabi_l2f
                0x080003a0                __floatdisf
 .text          0x0800041c      0x2a0 C:/PROGRA~2/ARMGNU~1/14EFD8~1.2RE/bin/../lib/gcc/arm-none-eabi/14.2.1/thumb/v7e-m/nofp\libgcc.a(_arm_muldivsf3.o)
                0x0800041c                __mulsf3
                0x0800041c                __aeabi_fmul
                0x08000584                __aeabi_fdiv
                0x08000584                __divsf3
 .text          0x080006bc       0x4c C:/PROGRA~2/ARMGNU~1/14EFD8~1.2RE/bin/../lib/gcc/arm-none-eabi/14.2.1/thumb/v7e-m/nofp\libgcc.a(_arm_fixsfsi.o)
                0x080006bc                __aeabi_f2iz
                0x080006bc                __fixsfsi
 .text          0x08000708      0x134 C:/PROGRA~2/ARMGNU~1/14EFD8~1.2RE/bin/../lib/gcc/arm-none-eabi/14.2.1/thumb/v7e-m/nofp\libg.a(libc_a-memcpy.o)
                0x08000708                memcpy
 *fill*         0x0800083c        0x4 
 .text          0x08000840       0xd8 C:/PROGRA~2/ARMGNU~1/14EFD8~1.2RE/bin/../lib/gcc/arm-none-eabi/14.2.1/thumb/v7e-m/nofp\libg.a(libc_a-strlen.o)
                0x08000840                strlen
 *(.text*)
 .text.deregister_tm_clones
                0x08000918       0x1c C:/PROGRA~2/ARMGNU~1/14EFD8~1.2RE/bin/../lib/gcc/arm-none-eabi/14.2.1/thumb/v7e-m/nofp/crtbegin.o
 .text.register_tm_clones
                0x08000934       0x24 C:/PROGRA~2/ARMGNU~1/14EFD8~1.2RE/bin/../lib/gcc/arm-none-eabi/14.2.1/thumb/v7e-m/nofp/crtbegin.o
 .text.__do_global_dtors_aux
                0x08000958       0x28 C:/PROGRA~2/ARMGNU~1/14EFD8~1.2RE/bin/../lib/gcc/arm-none-eabi/14.2.1/thumb/v7e-m/nofp/crtbegin.o
 .text.frame_dummy
                0x08000980       0x24 C:/PROGRA~2/ARMGNU~1/14EFD8~1.2RE/bin/../lib/gcc/arm-none-eabi/14.2.1/thumb/v7e-m/nofp/crtbegin.o
 .text.MX_FDCAN1_Init
                0x080009a4       0x50 CMakeFiles/bootloader_g4.elf.dir/Core/Src/fdcan.c.obj
                0x080009a4                MX_FDCAN1_Init
 .text.MX_FDCAN2_Init
                0x080009f4       0x4c CMakeFiles/bootloader_g4.elf.dir/Core/Src/fdcan.c.obj
                0x080009f4                MX_FDCAN2_Init
 .text.HAL_FDCAN_MspInit
                0x08000a40      0x13c CMakeFiles/bootloader_g4.elf.dir/Core/Src/fdcan.c.obj
                0x08000a40                HAL_FDCAN_MspInit
 .text.Error_Handler
                0x08000b7c        0x4 CMakeFiles/bootloader_g4.elf.dir/Core/Src/main.c.obj
                0x08000b7c                Error_Handler
 .text.SystemClock_Config
                0x08000b80       0x60 CMakeFiles/bootloader_g4.elf.dir/Core/Src/main.c.obj
                0x08000b80                SystemClock_Config
 .text.main     0x08000be0       0x16 CMakeFiles/bootloader_g4.elf.dir/Core/Src/main.c.obj
                0x08000be0                main
 *fill*         0x08000bf6        0x2 
 .text.HAL_MspInit
                0x08000bf8       0x38 CMakeFiles/bootloader_g4.elf.dir/Core/Src/stm32g4xx_hal_msp.c.obj
                0x08000bf8                HAL_MspInit
 .text.NMI_Handler
                0x08000c30        0x2 CMakeFiles/bootloader_g4.elf.dir/Core/Src/stm32g4xx_it.c.obj
                0x08000c30                NMI_Handler
 .text.HardFault_Handler
                0x08000c32        0x2 CMakeFiles/bootloader_g4.elf.dir/Core/Src/stm32g4xx_it.c.obj
                0x08000c32                HardFault_Handler
 .text.MemManage_Handler
                0x08000c34        0x2 CMakeFiles/bootloader_g4.elf.dir/Core/Src/stm32g4xx_it.c.obj
                0x08000c34                MemManage_Handler
 .text.BusFault_Handler
                0x08000c36        0x2 CMakeFiles/bootloader_g4.elf.dir/Core/Src/stm32g4xx_it.c.obj
                0x08000c36                BusFault_Handler
 .text.UsageFault_Handler
                0x08000c38        0x2 CMakeFiles/bootloader_g4.elf.dir/Core/Src/stm32g4xx_it.c.obj
                0x08000c38                UsageFault_Handler
 .text.SVC_Handler
                0x08000c3a        0x2 CMakeFiles/bootloader_g4.elf.dir/Core/Src/stm32g4xx_it.c.obj
                0x08000c3a                SVC_Handler
 .text.DebugMon_Handler
                0x08000c3c        0x2 CMakeFiles/bootloader_g4.elf.dir/Core/Src/stm32g4xx_it.c.obj
                0x08000c3c                DebugMon_Handler
 .text.PendSV_Handler
                0x08000c3e        0x2 CMakeFiles/bootloader_g4.elf.dir/Core/Src/stm32g4xx_it.c.obj
                0x08000c3e                PendSV_Handler
 .text.SysTick_Handler
                0x08000c40        0x8 CMakeFiles/bootloader_g4.elf.dir/Core/Src/stm32g4xx_it.c.obj
                0x08000c40                SysTick_Handler
 .text.FDCAN1_IT0_IRQHandler
                0x08000c48       0x10 CMakeFiles/bootloader_g4.elf.dir/Core/Src/stm32g4xx_it.c.obj
                0x08000c48                FDCAN1_IT0_IRQHandler
 .text.FDCAN1_IT1_IRQHandler
                0x08000c58       0x10 CMakeFiles/bootloader_g4.elf.dir/Core/Src/stm32g4xx_it.c.obj
                0x08000c58                FDCAN1_IT1_IRQHandler
 .text._sbrk    0x08000c68       0x48 CMakeFiles/bootloader_g4.elf.dir/Core/Src/sysmem.c.obj
                0x08000c68                _sbrk
 .text.SystemInit
                0x08000cb0        0x2 CMakeFiles/bootloader_g4.elf.dir/Core/Src/system_stm32g4xx.c.obj
                0x08000cb0                SystemInit
 *fill*         0x08000cb2        0x2 
 .text.Reset_Handler
                0x08000cb4       0x50 CMakeFiles/bootloader_g4.elf.dir/Core/Startup/startup_stm32g473cctx.s.obj
                0x08000cb4                Reset_Handler
 .text.Default_Handler
                0x08000d04        0x2 CMakeFiles/bootloader_g4.elf.dir/Core/Startup/startup_stm32g473cctx.s.obj
                0x08000d04                RTC_Alarm_IRQHandler
                0x08000d04                EXTI2_IRQHandler
                0x08000d04                TIM8_TRG_COM_IRQHandler
                0x08000d04                TIM8_CC_IRQHandler
                0x08000d04                SPI4_IRQHandler
                0x08000d04                FDCAN3_IT0_IRQHandler
                0x08000d04                TIM1_CC_IRQHandler
                0x08000d04                USB_HP_IRQHandler
                0x08000d04                CORDIC_IRQHandler
                0x08000d04                DMA2_Channel8_IRQHandler
                0x08000d04                EXTI3_IRQHandler
                0x08000d04                I2C3_ER_IRQHandler
                0x08000d04                EXTI0_IRQHandler
                0x08000d04                I2C2_EV_IRQHandler
                0x08000d04                FPU_IRQHandler
                0x08000d04                TIM1_UP_TIM16_IRQHandler
                0x08000d04                ADC1_2_IRQHandler
                0x08000d04                SPI1_IRQHandler
                0x08000d04                TIM6_DAC_IRQHandler
                0x08000d04                TIM8_UP_IRQHandler
                0x08000d04                DMA2_Channel2_IRQHandler
                0x08000d04                DMA1_Channel4_IRQHandler
                0x08000d04                TIM20_TRG_COM_IRQHandler
                0x08000d04                USART3_IRQHandler
                0x08000d04                DMA1_Channel7_IRQHandler
                0x08000d04                UART5_IRQHandler
                0x08000d04                ADC3_IRQHandler
                0x08000d04                TIM4_IRQHandler
                0x08000d04                DMA2_Channel1_IRQHandler
                0x08000d04                QUADSPI_IRQHandler
                0x08000d04                I2C1_EV_IRQHandler
                0x08000d04                DMA1_Channel6_IRQHandler
                0x08000d04                UART4_IRQHandler
                0x08000d04                DMA2_Channel4_IRQHandler
                0x08000d04                TIM3_IRQHandler
                0x08000d04                RCC_IRQHandler
                0x08000d04                TIM20_UP_IRQHandler
                0x08000d04                DMA1_Channel1_IRQHandler
                0x08000d04                Default_Handler
                0x08000d04                DMA2_Channel7_IRQHandler
                0x08000d04                RTC_TAMP_LSECSS_IRQHandler
                0x08000d04                FMAC_IRQHandler
                0x08000d04                EXTI15_10_IRQHandler
                0x08000d04                DMA1_Channel8_IRQHandler
                0x08000d04                TIM7_DAC_IRQHandler
                0x08000d04                FDCAN3_IT1_IRQHandler
                0x08000d04                TIM5_IRQHandler
                0x08000d04                UCPD1_IRQHandler
                0x08000d04                I2C3_EV_IRQHandler
                0x08000d04                EXTI9_5_IRQHandler
                0x08000d04                RTC_WKUP_IRQHandler
                0x08000d04                PVD_PVM_IRQHandler
                0x08000d04                SPI2_IRQHandler
                0x08000d04                ADC5_IRQHandler
                0x08000d04                DMA2_Channel5_IRQHandler
                0x08000d04                CRS_IRQHandler
                0x08000d04                DMA1_Channel5_IRQHandler
                0x08000d04                USB_LP_IRQHandler
                0x08000d04                EXTI4_IRQHandler
                0x08000d04                RNG_IRQHandler
                0x08000d04                TIM1_TRG_COM_TIM17_IRQHandler
                0x08000d04                FDCAN2_IT1_IRQHandler
                0x08000d04                DMA1_Channel3_IRQHandler
                0x08000d04                ADC4_IRQHandler
                0x08000d04                WWDG_IRQHandler
                0x08000d04                I2C4_EV_IRQHandler
                0x08000d04                FDCAN2_IT0_IRQHandler
                0x08000d04                LPUART1_IRQHandler
                0x08000d04                DMA2_Channel6_IRQHandler
                0x08000d04                TIM2_IRQHandler
                0x08000d04                COMP7_IRQHandler
                0x08000d04                COMP1_2_3_IRQHandler
                0x08000d04                EXTI1_IRQHandler
                0x08000d04                USART2_IRQHandler
                0x08000d04                COMP4_5_6_IRQHandler
                0x08000d04                TIM20_BRK_IRQHandler
                0x08000d04                I2C2_ER_IRQHandler
                0x08000d04                DMA1_Channel2_IRQHandler
                0x08000d04                TIM8_BRK_IRQHandler
                0x08000d04                FLASH_IRQHandler
                0x08000d04                TIM20_CC_IRQHandler
                0x08000d04                USART1_IRQHandler
                0x08000d04                SPI3_IRQHandler
                0x08000d04                I2C1_ER_IRQHandler
                0x08000d04                FMC_IRQHandler
                0x08000d04                LPTIM1_IRQHandler
                0x08000d04                DMAMUX_OVR_IRQHandler
                0x08000d04                I2C4_ER_IRQHandler
                0x08000d04                USBWakeUp_IRQHandler
                0x08000d04                SAI1_IRQHandler
                0x08000d04                DMA2_Channel3_IRQHandler
                0x08000d04                TIM1_BRK_TIM15_IRQHandler
 .text.loop_10Hz
                0x08000d06        0x2 CMakeFiles/bootloader_g4.elf.dir/Core/canopen_bootloader.c.obj
                0x08000d06                loop_10Hz
 .text.save_sdo_incoming_data_to_buffer_callback
                0x08000d08       0x78 CMakeFiles/bootloader_g4.elf.dir/Core/canopen_bootloader.c.obj
                0x08000d08                save_sdo_incoming_data_to_buffer_callback
 .text.main_loop
                0x08000d80       0x44 CMakeFiles/bootloader_g4.elf.dir/Core/canopen_bootloader.c.obj
                0x08000d80                main_loop
 .text.canopen_init
                0x08000dc4      0x104 CMakeFiles/bootloader_g4.elf.dir/Core/canopen_bootloader.c.obj
                0x08000dc4                canopen_init
 .text.jump_to_firmware
                0x08000ec8       0x58 CMakeFiles/bootloader_g4.elf.dir/Core/canopen_bootloader.c.obj
                0x08000ec8                jump_to_firmware
 .text.save_buffer_data_to_flash
                0x08000f20       0x8c CMakeFiles/bootloader_g4.elf.dir/Core/canopen_bootloader.c.obj
                0x08000f20                save_buffer_data_to_flash
 .text.is_firmware_in_flash
                0x08000fac       0x10 CMakeFiles/bootloader_g4.elf.dir/Core/canopen_bootloader.c.obj
                0x08000fac                is_firmware_in_flash
 .text.mg_crc32
                0x08000fbc       0x48 CMakeFiles/bootloader_g4.elf.dir/Core/canopen_bootloader.c.obj
                0x08000fbc                mg_crc32
 .text.is_firmware_crc_ok
                0x08001004       0x30 CMakeFiles/bootloader_g4.elf.dir/Core/canopen_bootloader.c.obj
                0x08001004                is_firmware_crc_ok
 .text.loop_1000hz_bootloader
                0x08001034       0xac CMakeFiles/bootloader_g4.elf.dir/Core/canopen_bootloader.c.obj
                0x08001034                loop_1000hz_bootloader
 .text.canopen_bootloader_run
                0x080010e0        0xc CMakeFiles/bootloader_g4.elf.dir/Core/canopen_bootloader.c.obj
                0x080010e0                canopen_bootloader_run
 .text.GetPage  0x080010ec       0x34 CMakeFiles/bootloader_g4.elf.dir/Core/flash_g4.c.obj
 .text.flash_init
                0x08001120       0x98 CMakeFiles/bootloader_g4.elf.dir/Core/flash_g4.c.obj
                0x08001120                flash_init
 .text.Flash_Erase
                0x080011b8       0xb0 CMakeFiles/bootloader_g4.elf.dir/Core/flash_g4.c.obj
                0x080011b8                Flash_Erase
 .text.Flash_Write_Data_DWORD
                0x08001268       0x3a CMakeFiles/bootloader_g4.elf.dir/Core/flash_g4.c.obj
                0x08001268                Flash_Write_Data_DWORD
 .text.HAL_MspDeInit
                0x080012a2        0x2 CMakeFiles/bootloader_g4.elf.dir/Drivers/STM32G4xx_HAL_Driver/Src/stm32g4xx_hal.c.obj
                0x080012a2                HAL_MspDeInit
 .text.HAL_DeInit
                0x080012a4       0x2c CMakeFiles/bootloader_g4.elf.dir/Drivers/STM32G4xx_HAL_Driver/Src/stm32g4xx_hal.c.obj
                0x080012a4                HAL_DeInit
 .text.HAL_InitTick
                0x080012d0       0x50 CMakeFiles/bootloader_g4.elf.dir/Drivers/STM32G4xx_HAL_Driver/Src/stm32g4xx_hal.c.obj
                0x080012d0                HAL_InitTick
 .text.HAL_Init
                0x08001320       0x1e CMakeFiles/bootloader_g4.elf.dir/Drivers/STM32G4xx_HAL_Driver/Src/stm32g4xx_hal.c.obj
                0x08001320                HAL_Init
 *fill*         0x0800133e        0x2 
 .text.HAL_IncTick
                0x08001340       0x18 CMakeFiles/bootloader_g4.elf.dir/Drivers/STM32G4xx_HAL_Driver/Src/stm32g4xx_hal.c.obj
                0x08001340                HAL_IncTick
 .text.HAL_GetTick
                0x08001358        0xc CMakeFiles/bootloader_g4.elf.dir/Drivers/STM32G4xx_HAL_Driver/Src/stm32g4xx_hal.c.obj
                0x08001358                HAL_GetTick
 .text.__NVIC_EnableIRQ
                0x08001364       0x1c CMakeFiles/bootloader_g4.elf.dir/Drivers/STM32G4xx_HAL_Driver/Src/stm32g4xx_hal_cortex.c.obj
 .text.__NVIC_SetPriority
                0x08001380       0x28 CMakeFiles/bootloader_g4.elf.dir/Drivers/STM32G4xx_HAL_Driver/Src/stm32g4xx_hal_cortex.c.obj
 .text.NVIC_EncodePriority
                0x080013a8       0x3e CMakeFiles/bootloader_g4.elf.dir/Drivers/STM32G4xx_HAL_Driver/Src/stm32g4xx_hal_cortex.c.obj
 *fill*         0x080013e6        0x2 
 .text.__NVIC_SystemReset
                0x080013e8       0x24 CMakeFiles/bootloader_g4.elf.dir/Drivers/STM32G4xx_HAL_Driver/Src/stm32g4xx_hal_cortex.c.obj
 .text.HAL_NVIC_SetPriorityGrouping
                0x0800140c       0x24 CMakeFiles/bootloader_g4.elf.dir/Drivers/STM32G4xx_HAL_Driver/Src/stm32g4xx_hal_cortex.c.obj
                0x0800140c                HAL_NVIC_SetPriorityGrouping
 .text.HAL_NVIC_SetPriority
                0x08001430       0x20 CMakeFiles/bootloader_g4.elf.dir/Drivers/STM32G4xx_HAL_Driver/Src/stm32g4xx_hal_cortex.c.obj
                0x08001430                HAL_NVIC_SetPriority
 .text.HAL_NVIC_EnableIRQ
                0x08001450        0x8 CMakeFiles/bootloader_g4.elf.dir/Drivers/STM32G4xx_HAL_Driver/Src/stm32g4xx_hal_cortex.c.obj
                0x08001450                HAL_NVIC_EnableIRQ
 .text.HAL_NVIC_SystemReset
                0x08001458        0x6 CMakeFiles/bootloader_g4.elf.dir/Drivers/STM32G4xx_HAL_Driver/Src/stm32g4xx_hal_cortex.c.obj
                0x08001458                HAL_NVIC_SystemReset
 *fill*         0x0800145e        0x2 
 .text.HAL_SYSTICK_Config
                0x08001460       0x28 CMakeFiles/bootloader_g4.elf.dir/Drivers/STM32G4xx_HAL_Driver/Src/stm32g4xx_hal_cortex.c.obj
                0x08001460                HAL_SYSTICK_Config
 .text.FDCAN_CalcultateRamBlockAddresses
                0x08001488       0x88 CMakeFiles/bootloader_g4.elf.dir/Drivers/STM32G4xx_HAL_Driver/Src/stm32g4xx_hal_fdcan.c.obj
 .text.FDCAN_CopyMessageToRAM
                0x08001510       0x88 CMakeFiles/bootloader_g4.elf.dir/Drivers/STM32G4xx_HAL_Driver/Src/stm32g4xx_hal_fdcan.c.obj
 .text.HAL_FDCAN_Init
                0x08001598      0x1d4 CMakeFiles/bootloader_g4.elf.dir/Drivers/STM32G4xx_HAL_Driver/Src/stm32g4xx_hal_fdcan.c.obj
                0x08001598                HAL_FDCAN_Init
 .text.HAL_FDCAN_ConfigFilter
                0x0800176c       0x60 CMakeFiles/bootloader_g4.elf.dir/Drivers/STM32G4xx_HAL_Driver/Src/stm32g4xx_hal_fdcan.c.obj
                0x0800176c                HAL_FDCAN_ConfigFilter
 .text.HAL_FDCAN_ConfigGlobalFilter
                0x080017cc       0x3c CMakeFiles/bootloader_g4.elf.dir/Drivers/STM32G4xx_HAL_Driver/Src/stm32g4xx_hal_fdcan.c.obj
                0x080017cc                HAL_FDCAN_ConfigGlobalFilter
 .text.HAL_FDCAN_Start
                0x08001808       0x2c CMakeFiles/bootloader_g4.elf.dir/Drivers/STM32G4xx_HAL_Driver/Src/stm32g4xx_hal_fdcan.c.obj
                0x08001808                HAL_FDCAN_Start
 .text.HAL_FDCAN_Stop
                0x08001834       0x88 CMakeFiles/bootloader_g4.elf.dir/Drivers/STM32G4xx_HAL_Driver/Src/stm32g4xx_hal_fdcan.c.obj
                0x08001834                HAL_FDCAN_Stop
 .text.HAL_FDCAN_AddMessageToTxFifoQ
                0x080018bc       0x50 CMakeFiles/bootloader_g4.elf.dir/Drivers/STM32G4xx_HAL_Driver/Src/stm32g4xx_hal_fdcan.c.obj
                0x080018bc                HAL_FDCAN_AddMessageToTxFifoQ
 .text.HAL_FDCAN_GetRxMessage
                0x0800190c      0x148 CMakeFiles/bootloader_g4.elf.dir/Drivers/STM32G4xx_HAL_Driver/Src/stm32g4xx_hal_fdcan.c.obj
                0x0800190c                HAL_FDCAN_GetRxMessage
 .text.HAL_FDCAN_GetErrorCounters
                0x08001a54       0x1e CMakeFiles/bootloader_g4.elf.dir/Drivers/STM32G4xx_HAL_Driver/Src/stm32g4xx_hal_fdcan.c.obj
                0x08001a54                HAL_FDCAN_GetErrorCounters
 .text.HAL_FDCAN_ActivateNotification
                0x08001a72      0x106 CMakeFiles/bootloader_g4.elf.dir/Drivers/STM32G4xx_HAL_Driver/Src/stm32g4xx_hal_fdcan.c.obj
                0x08001a72                HAL_FDCAN_ActivateNotification
 .text.HAL_FDCAN_TxEventFifoCallback
                0x08001b78        0x2 CMakeFiles/bootloader_g4.elf.dir/Drivers/STM32G4xx_HAL_Driver/Src/stm32g4xx_hal_fdcan.c.obj
                0x08001b78                HAL_FDCAN_TxEventFifoCallback
 .text.HAL_FDCAN_TxFifoEmptyCallback
                0x08001b7a        0x2 CMakeFiles/bootloader_g4.elf.dir/Drivers/STM32G4xx_HAL_Driver/Src/stm32g4xx_hal_fdcan.c.obj
                0x08001b7a                HAL_FDCAN_TxFifoEmptyCallback
 .text.HAL_FDCAN_TxBufferAbortCallback
                0x08001b7c        0x2 CMakeFiles/bootloader_g4.elf.dir/Drivers/STM32G4xx_HAL_Driver/Src/stm32g4xx_hal_fdcan.c.obj
                0x08001b7c                HAL_FDCAN_TxBufferAbortCallback
 .text.HAL_FDCAN_TimestampWraparoundCallback
                0x08001b7e        0x2 CMakeFiles/bootloader_g4.elf.dir/Drivers/STM32G4xx_HAL_Driver/Src/stm32g4xx_hal_fdcan.c.obj
                0x08001b7e                HAL_FDCAN_TimestampWraparoundCallback
 .text.HAL_FDCAN_TimeoutOccurredCallback
                0x08001b80        0x2 CMakeFiles/bootloader_g4.elf.dir/Drivers/STM32G4xx_HAL_Driver/Src/stm32g4xx_hal_fdcan.c.obj
                0x08001b80                HAL_FDCAN_TimeoutOccurredCallback
 .text.HAL_FDCAN_HighPriorityMessageCallback
                0x08001b82        0x2 CMakeFiles/bootloader_g4.elf.dir/Drivers/STM32G4xx_HAL_Driver/Src/stm32g4xx_hal_fdcan.c.obj
                0x08001b82                HAL_FDCAN_HighPriorityMessageCallback
 .text.HAL_FDCAN_ErrorCallback
                0x08001b84        0x2 CMakeFiles/bootloader_g4.elf.dir/Drivers/STM32G4xx_HAL_Driver/Src/stm32g4xx_hal_fdcan.c.obj
                0x08001b84                HAL_FDCAN_ErrorCallback
 .text.HAL_FDCAN_ErrorStatusCallback
                0x08001b86        0x2 CMakeFiles/bootloader_g4.elf.dir/Drivers/STM32G4xx_HAL_Driver/Src/stm32g4xx_hal_fdcan.c.obj
                0x08001b86                HAL_FDCAN_ErrorStatusCallback
 .text.HAL_FDCAN_IRQHandler
                0x08001b88      0x188 CMakeFiles/bootloader_g4.elf.dir/Drivers/STM32G4xx_HAL_Driver/Src/stm32g4xx_hal_fdcan.c.obj
                0x08001b88                HAL_FDCAN_IRQHandler
 .text.FLASH_Program_DoubleWord
                0x08001d10       0x1c CMakeFiles/bootloader_g4.elf.dir/Drivers/STM32G4xx_HAL_Driver/Src/stm32g4xx_hal_flash.c.obj
 .text.FLASH_Program_Fast
                0x08001d2c       0x2c CMakeFiles/bootloader_g4.elf.dir/Drivers/STM32G4xx_HAL_Driver/Src/stm32g4xx_hal_flash.c.obj
 .text.HAL_FLASH_Unlock
                0x08001d58       0x30 CMakeFiles/bootloader_g4.elf.dir/Drivers/STM32G4xx_HAL_Driver/Src/stm32g4xx_hal_flash.c.obj
                0x08001d58                HAL_FLASH_Unlock
 .text.HAL_FLASH_Lock
                0x08001d88       0x1c CMakeFiles/bootloader_g4.elf.dir/Drivers/STM32G4xx_HAL_Driver/Src/stm32g4xx_hal_flash.c.obj
                0x08001d88                HAL_FLASH_Lock
 .text.HAL_FLASH_GetError
                0x08001da4        0xc CMakeFiles/bootloader_g4.elf.dir/Drivers/STM32G4xx_HAL_Driver/Src/stm32g4xx_hal_flash.c.obj
                0x08001da4                HAL_FLASH_GetError
 .text.FLASH_WaitForLastOperation
                0x08001db0       0x60 CMakeFiles/bootloader_g4.elf.dir/Drivers/STM32G4xx_HAL_Driver/Src/stm32g4xx_hal_flash.c.obj
                0x08001db0                FLASH_WaitForLastOperation
 .text.HAL_FLASH_Program
                0x08001e10       0xb0 CMakeFiles/bootloader_g4.elf.dir/Drivers/STM32G4xx_HAL_Driver/Src/stm32g4xx_hal_flash.c.obj
                0x08001e10                HAL_FLASH_Program
 .text.FLASH_MassErase
                0x08001ec0       0x4c CMakeFiles/bootloader_g4.elf.dir/Drivers/STM32G4xx_HAL_Driver/Src/stm32g4xx_hal_flash_ex.c.obj
 .text.FLASH_PageErase
                0x08001f0c       0x5c CMakeFiles/bootloader_g4.elf.dir/Drivers/STM32G4xx_HAL_Driver/Src/stm32g4xx_hal_flash_ex.c.obj
                0x08001f0c                FLASH_PageErase
 .text.FLASH_FlushCaches
                0x08001f68       0x64 CMakeFiles/bootloader_g4.elf.dir/Drivers/STM32G4xx_HAL_Driver/Src/stm32g4xx_hal_flash_ex.c.obj
                0x08001f68                FLASH_FlushCaches
 .text.HAL_FLASHEx_Erase
                0x08001fcc       0xf4 CMakeFiles/bootloader_g4.elf.dir/Drivers/STM32G4xx_HAL_Driver/Src/stm32g4xx_hal_flash_ex.c.obj
                0x08001fcc                HAL_FLASHEx_Erase
 .text.HAL_GPIO_Init
                0x080020c0      0x1dc CMakeFiles/bootloader_g4.elf.dir/Drivers/STM32G4xx_HAL_Driver/Src/stm32g4xx_hal_gpio.c.obj
                0x080020c0                HAL_GPIO_Init
 .text.HAL_PWREx_ControlVoltageScaling
                0x0800229c      0x10c CMakeFiles/bootloader_g4.elf.dir/Drivers/STM32G4xx_HAL_Driver/Src/stm32g4xx_hal_pwr_ex.c.obj
                0x0800229c                HAL_PWREx_ControlVoltageScaling
 .text.HAL_PWREx_DisableUCPDDeadBattery
                0x080023a8       0x10 CMakeFiles/bootloader_g4.elf.dir/Drivers/STM32G4xx_HAL_Driver/Src/stm32g4xx_hal_pwr_ex.c.obj
                0x080023a8                HAL_PWREx_DisableUCPDDeadBattery
 .text.RCC_GetSysClockFreqFromPLLSource
                0x080023b8       0x58 CMakeFiles/bootloader_g4.elf.dir/Drivers/STM32G4xx_HAL_Driver/Src/stm32g4xx_hal_rcc.c.obj
 .text.HAL_RCC_DeInit
                0x08002410       0xcc CMakeFiles/bootloader_g4.elf.dir/Drivers/STM32G4xx_HAL_Driver/Src/stm32g4xx_hal_rcc.c.obj
                0x08002410                HAL_RCC_DeInit
 .text.HAL_RCC_OscConfig
                0x080024dc      0x4e4 CMakeFiles/bootloader_g4.elf.dir/Drivers/STM32G4xx_HAL_Driver/Src/stm32g4xx_hal_rcc.c.obj
                0x080024dc                HAL_RCC_OscConfig
 .text.HAL_RCC_GetSysClockFreq
                0x080029c0       0x88 CMakeFiles/bootloader_g4.elf.dir/Drivers/STM32G4xx_HAL_Driver/Src/stm32g4xx_hal_rcc.c.obj
                0x080029c0                HAL_RCC_GetSysClockFreq
 .text.HAL_RCC_ClockConfig
                0x08002a48      0x1f8 CMakeFiles/bootloader_g4.elf.dir/Drivers/STM32G4xx_HAL_Driver/Src/stm32g4xx_hal_rcc.c.obj
                0x08002a48                HAL_RCC_ClockConfig
 .text.HAL_RCCEx_PeriphCLKConfig
                0x08002c40      0x378 CMakeFiles/bootloader_g4.elf.dir/Drivers/STM32G4xx_HAL_Driver/Src/stm32g4xx_hal_rcc_ex.c.obj
                0x08002c40                HAL_RCCEx_PeriphCLKConfig
 .text.OD_read_1014_default
                0x08002fb8       0x46 CMakeFiles/bootloader_g4.elf.dir/Drivers/canopenlibrary/CANopenNode/301/CO_Emergency.c.obj
 .text.OD_read_1003
                0x08002ffe       0x84 CMakeFiles/bootloader_g4.elf.dir/Drivers/canopenlibrary/CANopenNode/301/CO_Emergency.c.obj
 .text.OD_write_1003
                0x08003082       0x3a CMakeFiles/bootloader_g4.elf.dir/Drivers/canopenlibrary/CANopenNode/301/CO_Emergency.c.obj
 .text.CO_EM_init
                0x080030bc      0x150 CMakeFiles/bootloader_g4.elf.dir/Drivers/canopenlibrary/CANopenNode/301/CO_Emergency.c.obj
                0x080030bc                CO_EM_init
 .text.CO_error
                0x0800320c       0xac CMakeFiles/bootloader_g4.elf.dir/Drivers/canopenlibrary/CANopenNode/301/CO_Emergency.c.obj
                0x0800320c                CO_error
 .text.CO_EM_process
                0x080032b8      0x198 CMakeFiles/bootloader_g4.elf.dir/Drivers/canopenlibrary/CANopenNode/301/CO_Emergency.c.obj
                0x080032b8                CO_EM_process
 .text.CO_NMT_receive
                0x08003450       0x28 CMakeFiles/bootloader_g4.elf.dir/Drivers/canopenlibrary/CANopenNode/301/CO_NMT_Heartbeat.c.obj
 .text.OD_write_1017
                0x08003478       0x42 CMakeFiles/bootloader_g4.elf.dir/Drivers/canopenlibrary/CANopenNode/301/CO_NMT_Heartbeat.c.obj
 *fill*         0x080034ba        0x2 
 .text.CO_NMT_init
                0x080034bc      0x114 CMakeFiles/bootloader_g4.elf.dir/Drivers/canopenlibrary/CANopenNode/301/CO_NMT_Heartbeat.c.obj
                0x080034bc                CO_NMT_init
 .text.CO_NMT_process
                0x080035d0      0x15a CMakeFiles/bootloader_g4.elf.dir/Drivers/canopenlibrary/CANopenNode/301/CO_NMT_Heartbeat.c.obj
                0x080035d0                CO_NMT_process
 .text.OD_readDisabled
                0x0800372a        0x4 CMakeFiles/bootloader_g4.elf.dir/Drivers/canopenlibrary/CANopenNode/301/CO_ODinterface.c.obj
 .text.OD_writeDisabled
                0x0800372e        0x4 CMakeFiles/bootloader_g4.elf.dir/Drivers/canopenlibrary/CANopenNode/301/CO_ODinterface.c.obj
 .text.OD_readOriginal
                0x08003732       0x5e CMakeFiles/bootloader_g4.elf.dir/Drivers/canopenlibrary/CANopenNode/301/CO_ODinterface.c.obj
                0x08003732                OD_readOriginal
 .text.OD_writeOriginal
                0x08003790       0x62 CMakeFiles/bootloader_g4.elf.dir/Drivers/canopenlibrary/CANopenNode/301/CO_ODinterface.c.obj
                0x08003790                OD_writeOriginal
 .text.OD_find  0x080037f2       0x66 CMakeFiles/bootloader_g4.elf.dir/Drivers/canopenlibrary/CANopenNode/301/CO_ODinterface.c.obj
                0x080037f2                OD_find
 .text.OD_getSub
                0x08003858      0x104 CMakeFiles/bootloader_g4.elf.dir/Drivers/canopenlibrary/CANopenNode/301/CO_ODinterface.c.obj
                0x08003858                OD_getSub
 .text.OD_getSDOabCode
                0x0800395c       0x1c CMakeFiles/bootloader_g4.elf.dir/Drivers/canopenlibrary/CANopenNode/301/CO_ODinterface.c.obj
                0x0800395c                OD_getSDOabCode
 .text.OD_get_value
                0x08003978       0x36 CMakeFiles/bootloader_g4.elf.dir/Drivers/canopenlibrary/CANopenNode/301/CO_ODinterface.c.obj
                0x08003978                OD_get_value
 .text.OD_set_value
                0x080039ae       0x30 CMakeFiles/bootloader_g4.elf.dir/Drivers/canopenlibrary/CANopenNode/301/CO_ODinterface.c.obj
                0x080039ae                OD_set_value
 .text.OD_getPtr
                0x080039de       0x3c CMakeFiles/bootloader_g4.elf.dir/Drivers/canopenlibrary/CANopenNode/301/CO_ODinterface.c.obj
                0x080039de                OD_getPtr
 .text.CO_PDO_receive
                0x08003a1a       0x4e CMakeFiles/bootloader_g4.elf.dir/Drivers/canopenlibrary/CANopenNode/301/CO_PDO.c.obj
 .text.PDO_initMapping
                0x08003a68      0x1b8 CMakeFiles/bootloader_g4.elf.dir/Drivers/canopenlibrary/CANopenNode/301/CO_PDO.c.obj
 .text.CO_TPDOsend
                0x08003c20       0xcc CMakeFiles/bootloader_g4.elf.dir/Drivers/canopenlibrary/CANopenNode/301/CO_PDO.c.obj
 .text.CO_RPDO_init
                0x08003cec      0x15c CMakeFiles/bootloader_g4.elf.dir/Drivers/canopenlibrary/CANopenNode/301/CO_PDO.c.obj
                0x08003cec                CO_RPDO_init
 .text.CO_RPDO_process
                0x08003e48      0x120 CMakeFiles/bootloader_g4.elf.dir/Drivers/canopenlibrary/CANopenNode/301/CO_PDO.c.obj
                0x08003e48                CO_RPDO_process
 .text.CO_TPDO_init
                0x08003f68      0x1d0 CMakeFiles/bootloader_g4.elf.dir/Drivers/canopenlibrary/CANopenNode/301/CO_PDO.c.obj
                0x08003f68                CO_TPDO_init
 .text.CO_TPDO_process
                0x08004138       0x92 CMakeFiles/bootloader_g4.elf.dir/Drivers/canopenlibrary/CANopenNode/301/CO_PDO.c.obj
                0x08004138                CO_TPDO_process
 *fill*         0x080041ca        0x2 
 .text.CO_SDOserver_init_canRxTx
                0x080041cc       0x7c CMakeFiles/bootloader_g4.elf.dir/Drivers/canopenlibrary/CANopenNode/301/CO_SDOserver.c.obj
 .text.CO_SDO_receive
                0x08004248       0x3c CMakeFiles/bootloader_g4.elf.dir/Drivers/canopenlibrary/CANopenNode/301/CO_SDOserver.c.obj
 .text.validateAndWriteToOD
                0x08004284      0x128 CMakeFiles/bootloader_g4.elf.dir/Drivers/canopenlibrary/CANopenNode/301/CO_SDOserver.c.obj
 .text.readFromOd
                0x080043ac       0xdc CMakeFiles/bootloader_g4.elf.dir/Drivers/canopenlibrary/CANopenNode/301/CO_SDOserver.c.obj
 .text.CO_SDOserver_init
                0x08004488      0x186 CMakeFiles/bootloader_g4.elf.dir/Drivers/canopenlibrary/CANopenNode/301/CO_SDOserver.c.obj
                0x08004488                CO_SDOserver_init
 .text.CO_SDOserver_initCallbackPre
                0x0800460e        0xc CMakeFiles/bootloader_g4.elf.dir/Drivers/canopenlibrary/CANopenNode/301/CO_SDOserver.c.obj
                0x0800460e                CO_SDOserver_initCallbackPre
 *fill*         0x0800461a        0x2 
 .text.CO_SDOserver_process
                0x0800461c      0x5c8 CMakeFiles/bootloader_g4.elf.dir/Drivers/canopenlibrary/CANopenNode/301/CO_SDOserver.c.obj
                0x0800461c                CO_SDOserver_process
 .text.CO_delete
                0x08004be4       0x4c CMakeFiles/bootloader_g4.elf.dir/Drivers/canopenlibrary/CANopenNode/CANopen.c.obj
                0x08004be4                CO_delete
 .text.CO_new   0x08004c30      0x2ac CMakeFiles/bootloader_g4.elf.dir/Drivers/canopenlibrary/CANopenNode/CANopen.c.obj
                0x08004c30                CO_new
 .text.CO_CANinit
                0x08004edc       0x38 CMakeFiles/bootloader_g4.elf.dir/Drivers/canopenlibrary/CANopenNode/CANopen.c.obj
                0x08004edc                CO_CANinit
 .text.CO_CANopenInit
                0x08004f14      0x152 CMakeFiles/bootloader_g4.elf.dir/Drivers/canopenlibrary/CANopenNode/CANopen.c.obj
                0x08004f14                CO_CANopenInit
 .text.CO_CANopenInitPDO
                0x08005066      0x124 CMakeFiles/bootloader_g4.elf.dir/Drivers/canopenlibrary/CANopenNode/CANopen.c.obj
                0x08005066                CO_CANopenInitPDO
 .text.CO_process
                0x0800518a       0xbe CMakeFiles/bootloader_g4.elf.dir/Drivers/canopenlibrary/CANopenNode/CANopen.c.obj
                0x0800518a                CO_process
 .text.CO_process_RPDO
                0x08005248       0x5c CMakeFiles/bootloader_g4.elf.dir/Drivers/canopenlibrary/CANopenNode/CANopen.c.obj
                0x08005248                CO_process_RPDO
 .text.CO_process_TPDO
                0x080052a4       0x5c CMakeFiles/bootloader_g4.elf.dir/Drivers/canopenlibrary/CANopenNode/CANopen.c.obj
                0x080052a4                CO_process_TPDO
 .text.readCanReceivedMsg
                0x08005300      0x160 CMakeFiles/bootloader_g4.elf.dir/Drivers/canopenlibrary/CO_FDCan_Driver.c.obj
 .text.CO_CANsetConfigurationMode
                0x08005460        0x8 CMakeFiles/bootloader_g4.elf.dir/Drivers/canopenlibrary/CO_FDCan_Driver.c.obj
                0x08005460                CO_CANsetConfigurationMode
 .text.CO_CANsetNormalMode
                0x08005468       0x10 CMakeFiles/bootloader_g4.elf.dir/Drivers/canopenlibrary/CO_FDCan_Driver.c.obj
                0x08005468                CO_CANsetNormalMode
 .text.CO_CANmodule_init
                0x08005478       0xc8 CMakeFiles/bootloader_g4.elf.dir/Drivers/canopenlibrary/CO_FDCan_Driver.c.obj
                0x08005478                CO_CANmodule_init
 .text.CO_CANmodule_disable
                0x08005540        0xe CMakeFiles/bootloader_g4.elf.dir/Drivers/canopenlibrary/CO_FDCan_Driver.c.obj
                0x08005540                CO_CANmodule_disable
 .text.CO_CANrxBufferInit
                0x0800554e       0x9a CMakeFiles/bootloader_g4.elf.dir/Drivers/canopenlibrary/CO_FDCan_Driver.c.obj
                0x0800554e                CO_CANrxBufferInit
 .text.CO_CANtxBufferInit
                0x080055e8       0x4a CMakeFiles/bootloader_g4.elf.dir/Drivers/canopenlibrary/CO_FDCan_Driver.c.obj
                0x080055e8                CO_CANtxBufferInit
 .text.sendCanMessage
                0x08005632       0x7e CMakeFiles/bootloader_g4.elf.dir/Drivers/canopenlibrary/CO_FDCan_Driver.c.obj
                0x08005632                sendCanMessage
 .text.CO_CANsend
                0x080056b0       0x5c CMakeFiles/bootloader_g4.elf.dir/Drivers/canopenlibrary/CO_FDCan_Driver.c.obj
                0x080056b0                CO_CANsend
 .text.CO_CANmodule_process
                0x0800570c       0x80 CMakeFiles/bootloader_g4.elf.dir/Drivers/canopenlibrary/CO_FDCan_Driver.c.obj
                0x0800570c                CO_CANmodule_process
 .text.HAL_FDCAN_RxFifo0Callback
                0x0800578c       0x14 CMakeFiles/bootloader_g4.elf.dir/Drivers/canopenlibrary/CO_FDCan_Driver.c.obj
                0x0800578c                HAL_FDCAN_RxFifo0Callback
 .text.HAL_FDCAN_RxFifo1Callback
                0x080057a0       0x14 CMakeFiles/bootloader_g4.elf.dir/Drivers/canopenlibrary/CO_FDCan_Driver.c.obj
                0x080057a0                HAL_FDCAN_RxFifo1Callback
 .text.CO_System_reset
                0x080057b4        0x8 CMakeFiles/bootloader_g4.elf.dir/Drivers/canopenlibrary/CO_FDCan_Driver.c.obj
                0x080057b4                CO_System_reset
 .text.CO_legacyTxCpltCallback
                0x080057bc      0x13c CMakeFiles/bootloader_g4.elf.dir/Drivers/canopenlibrary/CO_FDCan_Driver.c.obj
                0x080057bc                CO_legacyTxCpltCallback
 .text.HAL_FDCAN_TxBufferCompleteCallback
                0x080058f8       0xf8 CMakeFiles/bootloader_g4.elf.dir/Drivers/canopenlibrary/CO_FDCan_Driver.c.obj
                0x080058f8                HAL_FDCAN_TxBufferCompleteCallback
 .text.CANOpenInit
                0x080059f0       0xac CMakeFiles/bootloader_g4.elf.dir/Drivers/canopenlibrary/Canopen_Main.c.obj
                0x080059f0                CANOpenInit
 .text.CANOpenProcess
                0x08005a9c      0x150 CMakeFiles/bootloader_g4.elf.dir/Drivers/canopenlibrary/Canopen_Main.c.obj
                0x08005a9c                CANOpenProcess
 .text.calloc   0x08005bec       0x18 C:/PROGRA~2/ARMGNU~1/14EFD8~1.2RE/bin/../lib/gcc/arm-none-eabi/14.2.1/thumb/v7e-m/nofp\libg.a(libc_a-calloc.o)
                0x08005bec                calloc
 .text._calloc_r
                0x08005c04       0x6c C:/PROGRA~2/ARMGNU~1/14EFD8~1.2RE/bin/../lib/gcc/arm-none-eabi/14.2.1/thumb/v7e-m/nofp\libg.a(libc_a-callocr.o)
                0x08005c04                _calloc_r
 .text.malloc   0x08005c70       0x10 C:/PROGRA~2/ARMGNU~1/14EFD8~1.2RE/bin/../lib/gcc/arm-none-eabi/14.2.1/thumb/v7e-m/nofp\libg.a(libc_a-malloc.o)
                0x08005c70                malloc
 .text.free     0x08005c80       0x10 C:/PROGRA~2/ARMGNU~1/14EFD8~1.2RE/bin/../lib/gcc/arm-none-eabi/14.2.1/thumb/v7e-m/nofp\libg.a(libc_a-malloc.o)
                0x08005c80                free
 .text._malloc_r
                0x08005c90      0x598 C:/PROGRA~2/ARMGNU~1/14EFD8~1.2RE/bin/../lib/gcc/arm-none-eabi/14.2.1/thumb/v7e-m/nofp\libg.a(libc_a-mallocr.o)
                0x08005c90                _malloc_r
 .text.__malloc_lock
                0x08006228        0xc C:/PROGRA~2/ARMGNU~1/14EFD8~1.2RE/bin/../lib/gcc/arm-none-eabi/14.2.1/thumb/v7e-m/nofp\libg.a(libc_a-mlock.o)
                0x08006228                __malloc_lock
 .text.__malloc_unlock
                0x08006234        0xc C:/PROGRA~2/ARMGNU~1/14EFD8~1.2RE/bin/../lib/gcc/arm-none-eabi/14.2.1/thumb/v7e-m/nofp\libg.a(libc_a-mlock.o)
                0x08006234                __malloc_unlock
 .text.memmove  0x08006240       0xf8 C:/PROGRA~2/ARMGNU~1/14EFD8~1.2RE/bin/../lib/gcc/arm-none-eabi/14.2.1/thumb/v7e-m/nofp\libg.a(libc_a-memmove.o)
                0x08006240                memmove
 .text.memset   0x08006338       0x9c C:/PROGRA~2/ARMGNU~1/14EFD8~1.2RE/bin/../lib/gcc/arm-none-eabi/14.2.1/thumb/v7e-m/nofp\libg.a(libc_a-memset.o)
                0x08006338                memset
 .text._sbrk_r  0x080063d4       0x24 C:/PROGRA~2/ARMGNU~1/14EFD8~1.2RE/bin/../lib/gcc/arm-none-eabi/14.2.1/thumb/v7e-m/nofp\libg.a(libc_a-sbrkr.o)
                0x080063d4                _sbrk_r
 .text.__errno  0x080063f8        0xc C:/PROGRA~2/ARMGNU~1/14EFD8~1.2RE/bin/../lib/gcc/arm-none-eabi/14.2.1/thumb/v7e-m/nofp\libg.a(libc_a-errno.o)
                0x080063f8                __errno
 .text.__libc_init_array
                0x08006404       0x50 C:/PROGRA~2/ARMGNU~1/14EFD8~1.2RE/bin/../lib/gcc/arm-none-eabi/14.2.1/thumb/v7e-m/nofp\libg.a(libc_a-init.o)
                0x08006404                __libc_init_array
 .text.__retarget_lock_acquire_recursive
                0x08006454        0x4 C:/PROGRA~2/ARMGNU~1/14EFD8~1.2RE/bin/../lib/gcc/arm-none-eabi/14.2.1/thumb/v7e-m/nofp\libg.a(libc_a-lock.o)
                0x08006454                __retarget_lock_acquire_recursive
 .text.__retarget_lock_release_recursive
                0x08006458        0x4 C:/PROGRA~2/ARMGNU~1/14EFD8~1.2RE/bin/../lib/gcc/arm-none-eabi/14.2.1/thumb/v7e-m/nofp\libg.a(libc_a-lock.o)
                0x08006458                __retarget_lock_release_recursive
 .text.sysconf  0x0800645c       0x1c C:/PROGRA~2/ARMGNU~1/14EFD8~1.2RE/bin/../lib/gcc/arm-none-eabi/14.2.1/thumb/v7e-m/nofp\libg.a(libc_a-sysconf.o)
                0x0800645c                sysconf
 .text.startup.register_fini
                0x08006478       0x14 C:/PROGRA~2/ARMGNU~1/14EFD8~1.2RE/bin/../lib/gcc/arm-none-eabi/14.2.1/thumb/v7e-m/nofp\libg.a(libc_a-__call_atexit.o)
 .text.atexit   0x0800648c        0xc C:/PROGRA~2/ARMGNU~1/14EFD8~1.2RE/bin/../lib/gcc/arm-none-eabi/14.2.1/thumb/v7e-m/nofp\libg.a(libc_a-atexit.o)
                0x0800648c                atexit
 .text._malloc_trim_r
                0x08006498       0xb8 C:/PROGRA~2/ARMGNU~1/14EFD8~1.2RE/bin/../lib/gcc/arm-none-eabi/14.2.1/thumb/v7e-m/nofp\libg.a(libc_a-freer.o)
                0x08006498                _malloc_trim_r
 .text._free_r  0x08006550      0x1f0 C:/PROGRA~2/ARMGNU~1/14EFD8~1.2RE/bin/../lib/gcc/arm-none-eabi/14.2.1/thumb/v7e-m/nofp\libg.a(libc_a-freer.o)
                0x08006550                _free_r
 .text.__libc_fini_array
                0x08006740       0x28 C:/PROGRA~2/ARMGNU~1/14EFD8~1.2RE/bin/../lib/gcc/arm-none-eabi/14.2.1/thumb/v7e-m/nofp\libg.a(libc_a-fini.o)
                0x08006740                __libc_fini_array
 .text.__register_exitproc
                0x08006768       0x80 C:/PROGRA~2/ARMGNU~1/14EFD8~1.2RE/bin/../lib/gcc/arm-none-eabi/14.2.1/thumb/v7e-m/nofp\libg.a(libc_a-__atexit.o)
                0x08006768                __register_exitproc
 *(.glue_7)
 .glue_7        0x080067e8        0x0 linker stubs
 *(.glue_7t)
 .glue_7t       0x080067e8        0x0 linker stubs
 *(.eh_frame)
 .eh_frame      0x080067e8        0x0 C:/PROGRA~2/ARMGNU~1/14EFD8~1.2RE/bin/../lib/gcc/arm-none-eabi/14.2.1/thumb/v7e-m/nofp/crtbegin.o
 *(.init)
 .init          0x080067e8        0x4 C:/PROGRA~2/ARMGNU~1/14EFD8~1.2RE/bin/../lib/gcc/arm-none-eabi/14.2.1/thumb/v7e-m/nofp/crti.o
                0x080067e8                _init
 .init          0x080067ec        0x8 C:/PROGRA~2/ARMGNU~1/14EFD8~1.2RE/bin/../lib/gcc/arm-none-eabi/14.2.1/thumb/v7e-m/nofp/crtn.o
 *(.fini)
 .fini          0x080067f4        0x4 C:/PROGRA~2/ARMGNU~1/14EFD8~1.2RE/bin/../lib/gcc/arm-none-eabi/14.2.1/thumb/v7e-m/nofp/crti.o
                0x080067f4                _fini
 .fini          0x080067f8        0x8 C:/PROGRA~2/ARMGNU~1/14EFD8~1.2RE/bin/../lib/gcc/arm-none-eabi/14.2.1/thumb/v7e-m/nofp/crtn.o
                0x08006800                        . = ALIGN (0x4)
                0x08006800                        _etext = .

.vfp11_veneer   0x08006800        0x0
 .vfp11_veneer  0x08006800        0x0 linker stubs

.v4_bx          0x08006800        0x0
 .v4_bx         0x08006800        0x0 linker stubs

.iplt           0x08006800        0x0
 .iplt          0x08006800        0x0 C:/PROGRA~2/ARMGNU~1/14EFD8~1.2RE/bin/../lib/gcc/arm-none-eabi/14.2.1/thumb/v7e-m/nofp/crtbegin.o

.rodata         0x08006800      0x5e8
                0x08006800                        . = ALIGN (0x4)
 *(.rodata)
 *(.rodata*)
 .rodata.ODBootloaderObjs
                0x08006800      0x520 CMakeFiles/bootloader_g4.elf.dir/Core/ODBootloader.c.obj
 .rodata.AHBPrescTable
                0x08006d20       0x10 CMakeFiles/bootloader_g4.elf.dir/Core/Src/system_stm32g4xx.c.obj
                0x08006d20                AHBPrescTable
 .rodata.crclut.0
                0x08006d30       0x40 CMakeFiles/bootloader_g4.elf.dir/Core/canopen_bootloader.c.obj
 .rodata.DLCtoBytes
                0x08006d70       0x10 CMakeFiles/bootloader_g4.elf.dir/Drivers/STM32G4xx_HAL_Driver/Src/stm32g4xx_hal_fdcan.c.obj
 .rodata.abortCodes.0
                0x08006d80       0x68 CMakeFiles/bootloader_g4.elf.dir/Drivers/canopenlibrary/CANopenNode/301/CO_ODinterface.c.obj
                0x08006de8                        . = ALIGN (0x4)

.ARM.extab      0x08006de8        0x0
                0x08006de8                        . = ALIGN (0x4)
 *(.ARM.extab* .gnu.linkonce.armextab.*)
                0x08006de8                        . = ALIGN (0x4)

.ARM            0x08006de8        0x8
                0x08006de8                        . = ALIGN (0x4)
                0x08006de8                        __exidx_start = .
 *(.ARM.exidx*)
 .ARM.exidx     0x08006de8        0x8 C:/PROGRA~2/ARMGNU~1/14EFD8~1.2RE/bin/../lib/gcc/arm-none-eabi/14.2.1/thumb/v7e-m/nofp\libg.a(libc_a-memcpy.o)
 .ARM.exidx     0x08006df0        0x0 C:/PROGRA~2/ARMGNU~1/14EFD8~1.2RE/bin/../lib/gcc/arm-none-eabi/14.2.1/thumb/v7e-m/nofp\libg.a(libc_a-strlen.o)
                                  0x8 (size before relaxing)
                0x08006df0                        __exidx_end = .
                0x08006df0                        . = ALIGN (0x4)

.preinit_array  0x08006df0        0x0
                0x08006df0                        . = ALIGN (0x4)
                0x08006df0                        PROVIDE (__preinit_array_start = .)
 *(.preinit_array*)
                0x08006df0                        PROVIDE (__preinit_array_end = .)
                0x08006df0                        . = ALIGN (0x4)

.init_array     0x08006df0        0x8
                0x08006df0                        . = ALIGN (0x4)
                0x08006df0                        PROVIDE (__init_array_start = .)
 *(SORT_BY_NAME(.init_array.*))
 .init_array.00000
                0x08006df0        0x4 C:/PROGRA~2/ARMGNU~1/14EFD8~1.2RE/bin/../lib/gcc/arm-none-eabi/14.2.1/thumb/v7e-m/nofp\libg.a(libc_a-__call_atexit.o)
 *(.init_array*)
 .init_array    0x08006df4        0x4 C:/PROGRA~2/ARMGNU~1/14EFD8~1.2RE/bin/../lib/gcc/arm-none-eabi/14.2.1/thumb/v7e-m/nofp/crtbegin.o
                0x08006df8                        PROVIDE (__init_array_end = .)
                0x08006df8                        . = ALIGN (0x4)

.fini_array     0x08006df8        0x4
                0x08006df8                        . = ALIGN (0x4)
                0x08006df8                        PROVIDE (__fini_array_start = .)
 *(SORT_BY_NAME(.fini_array.*))
 *(.fini_array*)
 .fini_array    0x08006df8        0x4 C:/PROGRA~2/ARMGNU~1/14EFD8~1.2RE/bin/../lib/gcc/arm-none-eabi/14.2.1/thumb/v7e-m/nofp/crtbegin.o
                0x08006dfc                        PROVIDE (__fini_array_end = .)
                0x08006dfc                        . = ALIGN (0x4)
                0x08006dfc                        _sidata = LOADADDR (.data)

.rel.dyn        0x08006dfc        0x0
 .rel.iplt      0x08006dfc        0x0 C:/PROGRA~2/ARMGNU~1/14EFD8~1.2RE/bin/../lib/gcc/arm-none-eabi/14.2.1/thumb/v7e-m/nofp/crtbegin.o

.data           0x20000000      0x95c load address 0x08006dfc
                0x20000000                        . = ALIGN (0x4)
                0x20000000                        _sdata = .
 *(.data)
 *(.data*)
 .data.ODBootloader
                0x20000000        0x4 CMakeFiles/bootloader_g4.elf.dir/Core/ODBootloader.c.obj
                0x20000000                ODBootloader
 .data._ODBootloader
                0x20000004        0x8 CMakeFiles/bootloader_g4.elf.dir/Core/ODBootloader.c.obj
 .data.ODBootloaderList
                0x2000000c      0x21c CMakeFiles/bootloader_g4.elf.dir/Core/ODBootloader.c.obj
 .data.ODBootloader_RAM
                0x20000228      0x190 CMakeFiles/bootloader_g4.elf.dir/Core/ODBootloader.c.obj
                0x20000228                ODBootloader_RAM
 .data.SystemCoreClock
                0x200003b8        0x4 CMakeFiles/bootloader_g4.elf.dir/Core/Src/system_stm32g4xx.c.obj
                0x200003b8                SystemCoreClock
 .data.tasks    0x200003bc       0x18 CMakeFiles/bootloader_g4.elf.dir/Core/canopen_bootloader.c.obj
                0x200003bc                tasks
 .data.current_address
                0x200003d4        0x4 CMakeFiles/bootloader_g4.elf.dir/Core/canopen_bootloader.c.obj
                0x200003d4                current_address
 .data.uwTickFreq
                0x200003d8        0x4 CMakeFiles/bootloader_g4.elf.dir/Drivers/STM32G4xx_HAL_Driver/Src/stm32g4xx_hal.c.obj
                0x200003d8                uwTickFreq
 .data.uwTickPrio
                0x200003dc        0x4 CMakeFiles/bootloader_g4.elf.dir/Drivers/STM32G4xx_HAL_Driver/Src/stm32g4xx_hal.c.obj
                0x200003dc                uwTickPrio
 .data.pFlash   0x200003e0       0x20 CMakeFiles/bootloader_g4.elf.dir/Drivers/STM32G4xx_HAL_Driver/Src/stm32g4xx_hal_flash.c.obj
                0x200003e0                pFlash
 .data.__malloc_sbrk_base
                0x20000400        0x4 C:/PROGRA~2/ARMGNU~1/14EFD8~1.2RE/bin/../lib/gcc/arm-none-eabi/14.2.1/thumb/v7e-m/nofp\libg.a(libc_a-mallocr.o)
                0x20000400                __malloc_sbrk_base
 .data.__malloc_trim_threshold
                0x20000404        0x4 C:/PROGRA~2/ARMGNU~1/14EFD8~1.2RE/bin/../lib/gcc/arm-none-eabi/14.2.1/thumb/v7e-m/nofp\libg.a(libc_a-mallocr.o)
                0x20000404                __malloc_trim_threshold
 .data.__malloc_av_
                0x20000408      0x408 C:/PROGRA~2/ARMGNU~1/14EFD8~1.2RE/bin/../lib/gcc/arm-none-eabi/14.2.1/thumb/v7e-m/nofp\libg.a(libc_a-mallocr.o)
                0x20000408                __malloc_av_
 .data._impure_ptr
                0x20000810        0x4 C:/PROGRA~2/ARMGNU~1/14EFD8~1.2RE/bin/../lib/gcc/arm-none-eabi/14.2.1/thumb/v7e-m/nofp\libg.a(libc_a-impure.o)
                0x20000810                _impure_ptr
 *fill*         0x20000814        0x4 
 .data._impure_data
                0x20000818      0x140 C:/PROGRA~2/ARMGNU~1/14EFD8~1.2RE/bin/../lib/gcc/arm-none-eabi/14.2.1/thumb/v7e-m/nofp\libg.a(libc_a-impure.o)
                0x20000818                _impure_data
 .data.__atexit_recursive_mutex
                0x20000958        0x4 C:/PROGRA~2/ARMGNU~1/14EFD8~1.2RE/bin/../lib/gcc/arm-none-eabi/14.2.1/thumb/v7e-m/nofp\libg.a(libc_a-__call_atexit.o)
                0x20000958                __atexit_recursive_mutex
 *(.RamFunc)
 *(.RamFunc*)
                0x2000095c                        . = ALIGN (0x4)
                0x2000095c                        _edata = .

.tm_clone_table
                0x2000095c        0x0 load address 0x08007758
 .tm_clone_table
                0x2000095c        0x0 C:/PROGRA~2/ARMGNU~1/14EFD8~1.2RE/bin/../lib/gcc/arm-none-eabi/14.2.1/thumb/v7e-m/nofp/crtbegin.o
 .tm_clone_table
                0x2000095c        0x0 C:/PROGRA~2/ARMGNU~1/14EFD8~1.2RE/bin/../lib/gcc/arm-none-eabi/14.2.1/thumb/v7e-m/nofp/crtend.o

.igot.plt       0x2000095c        0x0 load address 0x08007758
 .igot.plt      0x2000095c        0x0 C:/PROGRA~2/ARMGNU~1/14EFD8~1.2RE/bin/../lib/gcc/arm-none-eabi/14.2.1/thumb/v7e-m/nofp/crtbegin.o
                0x2000095c                        . = ALIGN (0x4)

.bss            0x2000095c     0x1980 load address 0x08007758
                0x2000095c                        _sbss = .
                0x2000095c                        __bss_start__ = _sbss
 *(.bss)
 *(.bss*)
 .bss.completed.1
                0x2000095c        0x1 C:/PROGRA~2/ARMGNU~1/14EFD8~1.2RE/bin/../lib/gcc/arm-none-eabi/14.2.1/thumb/v7e-m/nofp/crtbegin.o
 *fill*         0x2000095d        0x3 
 .bss.object.0  0x20000960       0x18 C:/PROGRA~2/ARMGNU~1/14EFD8~1.2RE/bin/../lib/gcc/arm-none-eabi/14.2.1/thumb/v7e-m/nofp/crtbegin.o
 .bss.HAL_RCC_FDCAN_CLK_ENABLED
                0x20000978        0x4 CMakeFiles/bootloader_g4.elf.dir/Core/Src/fdcan.c.obj
 .bss.hfdcan2   0x2000097c       0x64 CMakeFiles/bootloader_g4.elf.dir/Core/Src/fdcan.c.obj
                0x2000097c                hfdcan2
 .bss.hfdcan1   0x200009e0       0x64 CMakeFiles/bootloader_g4.elf.dir/Core/Src/fdcan.c.obj
                0x200009e0                hfdcan1
 .bss.__sbrk_heap_end
                0x20000a44        0x4 CMakeFiles/bootloader_g4.elf.dir/Core/Src/sysmem.c.obj
 .bss.sector_buf_current_pos
                0x20000a48        0x4 CMakeFiles/bootloader_g4.elf.dir/Core/canopen_bootloader.c.obj
                0x20000a48                sector_buf_current_pos
 .bss.sector_buffer
                0x20000a4c      0x820 CMakeFiles/bootloader_g4.elf.dir/Core/canopen_bootloader.c.obj
                0x20000a4c                sector_buffer
 .bss.flash     0x2000126c        0xc CMakeFiles/bootloader_g4.elf.dir/Core/canopen_bootloader.c.obj
                0x2000126c                flash
 .bss.fw_uploading
                0x20001278        0x1 CMakeFiles/bootloader_g4.elf.dir/Core/canopen_bootloader.c.obj
                0x20001278                fw_uploading
 *fill*         0x20001279        0x3 
 .bss.CanOpen   0x2000127c        0x4 CMakeFiles/bootloader_g4.elf.dir/Core/canopen_bootloader.c.obj
                0x2000127c                CanOpen
 .bss.timer     0x20001280        0x4 CMakeFiles/bootloader_g4.elf.dir/Core/canopen_bootloader.c.obj
                0x20001280                timer
 .bss.offset    0x20001284        0x4 CMakeFiles/bootloader_g4.elf.dir/Core/canopen_bootloader.c.obj
                0x20001284                offset
 .bss.EraseInitStruct.0
                0x20001288       0x10 CMakeFiles/bootloader_g4.elf.dir/Core/flash_g4.c.obj
 .bss.uwTick    0x20001298        0x4 CMakeFiles/bootloader_g4.elf.dir/Drivers/STM32G4xx_HAL_Driver/Src/stm32g4xx_hal.c.obj
                0x20001298                uwTick
 .bss.dummyTX.0
                0x2000129c        0x1 CMakeFiles/bootloader_g4.elf.dir/Drivers/canopenlibrary/CANopenNode/301/CO_PDO.c.obj
 .bss.dummyRX.1
                0x2000129d        0x1 CMakeFiles/bootloader_g4.elf.dir/Drivers/canopenlibrary/CANopenNode/301/CO_PDO.c.obj
 *fill*         0x2000129e        0x2 
 .bss.rx_hdr.0  0x200012a0       0x28 CMakeFiles/bootloader_g4.elf.dir/Drivers/canopenlibrary/CO_FDCan_Driver.c.obj
 .bss.txErrors  0x200012c8        0x2 CMakeFiles/bootloader_g4.elf.dir/Drivers/canopenlibrary/CO_FDCan_Driver.c.obj
 .bss.rxErrors  0x200012ca        0x2 CMakeFiles/bootloader_g4.elf.dir/Drivers/canopenlibrary/CO_FDCan_Driver.c.obj
 .bss.COLegacyCanCallbackCnt
                0x200012cc        0x1 CMakeFiles/bootloader_g4.elf.dir/Drivers/canopenlibrary/Canopen_Main.c.obj
                0x200012cc                COLegacyCanCallbackCnt
 .bss.COInstanceCnt
                0x200012cd        0x1 CMakeFiles/bootloader_g4.elf.dir/Drivers/canopenlibrary/Canopen_Main.c.obj
                0x200012cd                COInstanceCnt
 *fill*         0x200012ce        0x2 
 .bss.COLegacyCallbackList
                0x200012d0      0xc60 CMakeFiles/bootloader_g4.elf.dir/Drivers/canopenlibrary/Canopen_Main.c.obj
                0x200012d0                COLegacyCallbackList
 .bss.COInstanceList
                0x20001f30       0xa0 CMakeFiles/bootloader_g4.elf.dir/Drivers/canopenlibrary/Canopen_Main.c.obj
                0x20001f30                COInstanceList
 .bss.__malloc_current_mallinfo
                0x20001fd0       0x28 C:/PROGRA~2/ARMGNU~1/14EFD8~1.2RE/bin/../lib/gcc/arm-none-eabi/14.2.1/thumb/v7e-m/nofp\libg.a(libc_a-mallocr.o)
                0x20001fd0                __malloc_current_mallinfo
 .bss.__malloc_max_total_mem
                0x20001ff8        0x4 C:/PROGRA~2/ARMGNU~1/14EFD8~1.2RE/bin/../lib/gcc/arm-none-eabi/14.2.1/thumb/v7e-m/nofp\libg.a(libc_a-mallocr.o)
                0x20001ff8                __malloc_max_total_mem
 .bss.__malloc_max_sbrked_mem
                0x20001ffc        0x4 C:/PROGRA~2/ARMGNU~1/14EFD8~1.2RE/bin/../lib/gcc/arm-none-eabi/14.2.1/thumb/v7e-m/nofp\libg.a(libc_a-mallocr.o)
                0x20001ffc                __malloc_max_sbrked_mem
 .bss.__malloc_top_pad
                0x20002000        0x4 C:/PROGRA~2/ARMGNU~1/14EFD8~1.2RE/bin/../lib/gcc/arm-none-eabi/14.2.1/thumb/v7e-m/nofp\libg.a(libc_a-mallocr.o)
                0x20002000                __malloc_top_pad
 .bss.__sf      0x20002004      0x138 C:/PROGRA~2/ARMGNU~1/14EFD8~1.2RE/bin/../lib/gcc/arm-none-eabi/14.2.1/thumb/v7e-m/nofp\libg.a(libc_a-findfp.o)
                0x20002004                __sf
 .bss.errno     0x2000213c        0x4 C:/PROGRA~2/ARMGNU~1/14EFD8~1.2RE/bin/../lib/gcc/arm-none-eabi/14.2.1/thumb/v7e-m/nofp\libg.a(libc_a-reent.o)
                0x2000213c                errno
 .bss.__lock___malloc_recursive_mutex
                0x20002140        0x1 C:/PROGRA~2/ARMGNU~1/14EFD8~1.2RE/bin/../lib/gcc/arm-none-eabi/14.2.1/thumb/v7e-m/nofp\libg.a(libc_a-lock.o)
                0x20002140                __lock___malloc_recursive_mutex
 *fill*         0x20002141        0x3 
 .bss.__lock___atexit_recursive_mutex
                0x20002144        0x1 C:/PROGRA~2/ARMGNU~1/14EFD8~1.2RE/bin/../lib/gcc/arm-none-eabi/14.2.1/thumb/v7e-m/nofp\libg.a(libc_a-lock.o)
                0x20002144                __lock___atexit_recursive_mutex
 *fill*         0x20002145        0x3 
 .bss.__atexit  0x20002148        0x4 C:/PROGRA~2/ARMGNU~1/14EFD8~1.2RE/bin/../lib/gcc/arm-none-eabi/14.2.1/thumb/v7e-m/nofp\libg.a(libc_a-__call_atexit.o)
                0x20002148                __atexit
 .bss.__atexit0
                0x2000214c      0x190 C:/PROGRA~2/ARMGNU~1/14EFD8~1.2RE/bin/../lib/gcc/arm-none-eabi/14.2.1/thumb/v7e-m/nofp\libg.a(libc_a-__atexit.o)
                0x2000214c                __atexit0
 *(COMMON)
                0x200022dc                        . = ALIGN (0x4)
                0x200022dc                        _ebss = .
                0x200022dc                        __bss_end__ = _ebss

._user_heap_stack
                0x200022dc      0x604 load address 0x08007758
                0x200022e0                        . = ALIGN (0x8)
 *fill*         0x200022dc        0x4 
                [!provide]                        PROVIDE (end = .)
                0x200022e0                        PROVIDE (_end = .)
                0x200024e0                        . = (. + _Min_Heap_Size)
 *fill*         0x200022e0      0x200 
                0x200028e0                        . = (. + _Min_Stack_Size)
 *fill*         0x200024e0      0x400 
                0x200028e0                        . = ALIGN (0x8)

/DISCARD/
 libc.a(*)
 libm.a(*)
 libgcc.a(*)

.ARM.attributes
                0x00000000       0x2a
 *(.ARM.attributes)
 .ARM.attributes
                0x00000000       0x1e C:/PROGRA~2/ARMGNU~1/14EFD8~1.2RE/bin/../lib/gcc/arm-none-eabi/14.2.1/thumb/v7e-m/nofp/crti.o
 .ARM.attributes
                0x0000001e       0x2e C:/PROGRA~2/ARMGNU~1/14EFD8~1.2RE/bin/../lib/gcc/arm-none-eabi/14.2.1/thumb/v7e-m/nofp/crtbegin.o
 .ARM.attributes
                0x0000004c       0x2e CMakeFiles/bootloader_g4.elf.dir/Core/ODBootloader.c.obj
 .ARM.attributes
                0x0000007a       0x2e CMakeFiles/bootloader_g4.elf.dir/Core/Src/fdcan.c.obj
 .ARM.attributes
                0x000000a8       0x2e CMakeFiles/bootloader_g4.elf.dir/Core/Src/main.c.obj
 .ARM.attributes
                0x000000d6       0x2e CMakeFiles/bootloader_g4.elf.dir/Core/Src/stm32g4xx_hal_msp.c.obj
 .ARM.attributes
                0x00000104       0x2e CMakeFiles/bootloader_g4.elf.dir/Core/Src/stm32g4xx_it.c.obj
 .ARM.attributes
                0x00000132       0x2e CMakeFiles/bootloader_g4.elf.dir/Core/Src/sysmem.c.obj
 .ARM.attributes
                0x00000160       0x2e CMakeFiles/bootloader_g4.elf.dir/Core/Src/system_stm32g4xx.c.obj
 .ARM.attributes
                0x0000018e       0x21 CMakeFiles/bootloader_g4.elf.dir/Core/Startup/startup_stm32g473cctx.s.obj
 .ARM.attributes
                0x000001af       0x2e CMakeFiles/bootloader_g4.elf.dir/Core/canopen_bootloader.c.obj
 .ARM.attributes
                0x000001dd       0x2e CMakeFiles/bootloader_g4.elf.dir/Core/flash_g4.c.obj
 .ARM.attributes
                0x0000020b       0x2e CMakeFiles/bootloader_g4.elf.dir/Drivers/STM32G4xx_HAL_Driver/Src/stm32g4xx_hal.c.obj
 .ARM.attributes
                0x00000239       0x2e CMakeFiles/bootloader_g4.elf.dir/Drivers/STM32G4xx_HAL_Driver/Src/stm32g4xx_hal_cortex.c.obj
 .ARM.attributes
                0x00000267       0x2e CMakeFiles/bootloader_g4.elf.dir/Drivers/STM32G4xx_HAL_Driver/Src/stm32g4xx_hal_fdcan.c.obj
 .ARM.attributes
                0x00000295       0x2e CMakeFiles/bootloader_g4.elf.dir/Drivers/STM32G4xx_HAL_Driver/Src/stm32g4xx_hal_flash.c.obj
 .ARM.attributes
                0x000002c3       0x2e CMakeFiles/bootloader_g4.elf.dir/Drivers/STM32G4xx_HAL_Driver/Src/stm32g4xx_hal_flash_ex.c.obj
 .ARM.attributes
                0x000002f1       0x2e CMakeFiles/bootloader_g4.elf.dir/Drivers/STM32G4xx_HAL_Driver/Src/stm32g4xx_hal_gpio.c.obj
 .ARM.attributes
                0x0000031f       0x2e CMakeFiles/bootloader_g4.elf.dir/Drivers/STM32G4xx_HAL_Driver/Src/stm32g4xx_hal_pwr_ex.c.obj
 .ARM.attributes
                0x0000034d       0x2e CMakeFiles/bootloader_g4.elf.dir/Drivers/STM32G4xx_HAL_Driver/Src/stm32g4xx_hal_rcc.c.obj
 .ARM.attributes
                0x0000037b       0x2e CMakeFiles/bootloader_g4.elf.dir/Drivers/STM32G4xx_HAL_Driver/Src/stm32g4xx_hal_rcc_ex.c.obj
 .ARM.attributes
                0x000003a9       0x2e CMakeFiles/bootloader_g4.elf.dir/Drivers/canopenlibrary/CANopenNode/301/CO_Emergency.c.obj
 .ARM.attributes
                0x000003d7       0x2e CMakeFiles/bootloader_g4.elf.dir/Drivers/canopenlibrary/CANopenNode/301/CO_NMT_Heartbeat.c.obj
 .ARM.attributes
                0x00000405       0x2e CMakeFiles/bootloader_g4.elf.dir/Drivers/canopenlibrary/CANopenNode/301/CO_ODinterface.c.obj
 .ARM.attributes
                0x00000433       0x2e CMakeFiles/bootloader_g4.elf.dir/Drivers/canopenlibrary/CANopenNode/301/CO_PDO.c.obj
 .ARM.attributes
                0x00000461       0x2e CMakeFiles/bootloader_g4.elf.dir/Drivers/canopenlibrary/CANopenNode/301/CO_SDOserver.c.obj
 .ARM.attributes
                0x0000048f       0x2e CMakeFiles/bootloader_g4.elf.dir/Drivers/canopenlibrary/CANopenNode/CANopen.c.obj
 .ARM.attributes
                0x000004bd       0x2e CMakeFiles/bootloader_g4.elf.dir/Drivers/canopenlibrary/CO_FDCan_Driver.c.obj
 .ARM.attributes
                0x000004eb       0x2e CMakeFiles/bootloader_g4.elf.dir/Drivers/canopenlibrary/Canopen_Main.c.obj
 .ARM.attributes
                0x00000519       0x1e C:/PROGRA~2/ARMGNU~1/14EFD8~1.2RE/bin/../lib/gcc/arm-none-eabi/14.2.1/thumb/v7e-m/nofp\libgcc.a(_arm_addsubsf3.o)
 .ARM.attributes
                0x00000537       0x1e C:/PROGRA~2/ARMGNU~1/14EFD8~1.2RE/bin/../lib/gcc/arm-none-eabi/14.2.1/thumb/v7e-m/nofp\libgcc.a(_arm_muldivsf3.o)
 .ARM.attributes
                0x00000555       0x1e C:/PROGRA~2/ARMGNU~1/14EFD8~1.2RE/bin/../lib/gcc/arm-none-eabi/14.2.1/thumb/v7e-m/nofp\libgcc.a(_arm_fixsfsi.o)
 .ARM.attributes
                0x00000573       0x2e C:/PROGRA~2/ARMGNU~1/14EFD8~1.2RE/bin/../lib/gcc/arm-none-eabi/14.2.1/thumb/v7e-m/nofp\libg.a(libc_a-calloc.o)
 .ARM.attributes
                0x000005a1       0x2e C:/PROGRA~2/ARMGNU~1/14EFD8~1.2RE/bin/../lib/gcc/arm-none-eabi/14.2.1/thumb/v7e-m/nofp\libg.a(libc_a-callocr.o)
 .ARM.attributes
                0x000005cf       0x2e C:/PROGRA~2/ARMGNU~1/14EFD8~1.2RE/bin/../lib/gcc/arm-none-eabi/14.2.1/thumb/v7e-m/nofp\libg.a(libc_a-malloc.o)
 .ARM.attributes
                0x000005fd       0x2e C:/PROGRA~2/ARMGNU~1/14EFD8~1.2RE/bin/../lib/gcc/arm-none-eabi/14.2.1/thumb/v7e-m/nofp\libg.a(libc_a-mallocr.o)
 .ARM.attributes
                0x0000062b       0x2e C:/PROGRA~2/ARMGNU~1/14EFD8~1.2RE/bin/../lib/gcc/arm-none-eabi/14.2.1/thumb/v7e-m/nofp\libg.a(libc_a-mlock.o)
 .ARM.attributes
                0x00000659       0x2e C:/PROGRA~2/ARMGNU~1/14EFD8~1.2RE/bin/../lib/gcc/arm-none-eabi/14.2.1/thumb/v7e-m/nofp\libg.a(libc_a-findfp.o)
 .ARM.attributes
                0x00000687       0x2e C:/PROGRA~2/ARMGNU~1/14EFD8~1.2RE/bin/../lib/gcc/arm-none-eabi/14.2.1/thumb/v7e-m/nofp\libg.a(libc_a-memmove.o)
 .ARM.attributes
                0x000006b5       0x2e C:/PROGRA~2/ARMGNU~1/14EFD8~1.2RE/bin/../lib/gcc/arm-none-eabi/14.2.1/thumb/v7e-m/nofp\libg.a(libc_a-memset.o)
 .ARM.attributes
                0x000006e3       0x2e C:/PROGRA~2/ARMGNU~1/14EFD8~1.2RE/bin/../lib/gcc/arm-none-eabi/14.2.1/thumb/v7e-m/nofp\libg.a(libc_a-reent.o)
 .ARM.attributes
                0x00000711       0x2e C:/PROGRA~2/ARMGNU~1/14EFD8~1.2RE/bin/../lib/gcc/arm-none-eabi/14.2.1/thumb/v7e-m/nofp\libg.a(libc_a-impure.o)
 .ARM.attributes
                0x0000073f       0x2e C:/PROGRA~2/ARMGNU~1/14EFD8~1.2RE/bin/../lib/gcc/arm-none-eabi/14.2.1/thumb/v7e-m/nofp\libg.a(libc_a-sbrkr.o)
 .ARM.attributes
                0x0000076d       0x2e C:/PROGRA~2/ARMGNU~1/14EFD8~1.2RE/bin/../lib/gcc/arm-none-eabi/14.2.1/thumb/v7e-m/nofp\libg.a(libc_a-errno.o)
 .ARM.attributes
                0x0000079b       0x2e C:/PROGRA~2/ARMGNU~1/14EFD8~1.2RE/bin/../lib/gcc/arm-none-eabi/14.2.1/thumb/v7e-m/nofp\libg.a(libc_a-init.o)
 .ARM.attributes
                0x000007c9       0x2e C:/PROGRA~2/ARMGNU~1/14EFD8~1.2RE/bin/../lib/gcc/arm-none-eabi/14.2.1/thumb/v7e-m/nofp\libg.a(libc_a-lock.o)
 .ARM.attributes
                0x000007f7       0x2e C:/PROGRA~2/ARMGNU~1/14EFD8~1.2RE/bin/../lib/gcc/arm-none-eabi/14.2.1/thumb/v7e-m/nofp\libg.a(libc_a-sysconf.o)
 .ARM.attributes
                0x00000825       0x1c C:/PROGRA~2/ARMGNU~1/14EFD8~1.2RE/bin/../lib/gcc/arm-none-eabi/14.2.1/thumb/v7e-m/nofp\libg.a(libc_a-memcpy.o)
 .ARM.attributes
                0x00000841       0x1c C:/PROGRA~2/ARMGNU~1/14EFD8~1.2RE/bin/../lib/gcc/arm-none-eabi/14.2.1/thumb/v7e-m/nofp\libg.a(libc_a-strlen.o)
 .ARM.attributes
                0x0000085d       0x2e C:/PROGRA~2/ARMGNU~1/14EFD8~1.2RE/bin/../lib/gcc/arm-none-eabi/14.2.1/thumb/v7e-m/nofp\libg.a(libc_a-__call_atexit.o)
 .ARM.attributes
                0x0000088b       0x2e C:/PROGRA~2/ARMGNU~1/14EFD8~1.2RE/bin/../lib/gcc/arm-none-eabi/14.2.1/thumb/v7e-m/nofp\libg.a(libc_a-atexit.o)
 .ARM.attributes
                0x000008b9       0x2e C:/PROGRA~2/ARMGNU~1/14EFD8~1.2RE/bin/../lib/gcc/arm-none-eabi/14.2.1/thumb/v7e-m/nofp\libg.a(libc_a-freer.o)
 .ARM.attributes
                0x000008e7       0x2e C:/PROGRA~2/ARMGNU~1/14EFD8~1.2RE/bin/../lib/gcc/arm-none-eabi/14.2.1/thumb/v7e-m/nofp\libg.a(libc_a-fini.o)
 .ARM.attributes
                0x00000915       0x2e C:/PROGRA~2/ARMGNU~1/14EFD8~1.2RE/bin/../lib/gcc/arm-none-eabi/14.2.1/thumb/v7e-m/nofp\libg.a(libc_a-__atexit.o)
 .ARM.attributes
                0x00000943       0x2e C:/PROGRA~2/ARMGNU~1/14EFD8~1.2RE/bin/../lib/gcc/arm-none-eabi/14.2.1/thumb/v7e-m/nofp/crtend.o
 .ARM.attributes
                0x00000971       0x1e C:/PROGRA~2/ARMGNU~1/14EFD8~1.2RE/bin/../lib/gcc/arm-none-eabi/14.2.1/thumb/v7e-m/nofp/crtn.o
OUTPUT(bootloader_g4.elf elf32-littlearm)
LOAD linker stubs
LOAD C:/PROGRA~2/ARMGNU~1/14EFD8~1.2RE/bin/../lib/gcc/arm-none-eabi/14.2.1/thumb/v7e-m/nofp\libc.a
LOAD C:/PROGRA~2/ARMGNU~1/14EFD8~1.2RE/bin/../lib/gcc/arm-none-eabi/14.2.1/thumb/v7e-m/nofp\libm.a
LOAD C:/PROGRA~2/ARMGNU~1/14EFD8~1.2RE/bin/../lib/gcc/arm-none-eabi/14.2.1/thumb/v7e-m/nofp\libgcc.a

.debug_info     0x00000000    0x1b007
 .debug_info    0x00000000      0xf6e CMakeFiles/bootloader_g4.elf.dir/Core/ODBootloader.c.obj
 .debug_info    0x00000f6e     0x103e CMakeFiles/bootloader_g4.elf.dir/Core/Src/fdcan.c.obj
 .debug_info    0x00001fac      0x3f4 CMakeFiles/bootloader_g4.elf.dir/Core/Src/main.c.obj
 .debug_info    0x000023a0      0x2e3 CMakeFiles/bootloader_g4.elf.dir/Core/Src/stm32g4xx_hal_msp.c.obj
 .debug_info    0x00002683      0x655 CMakeFiles/bootloader_g4.elf.dir/Core/Src/stm32g4xx_it.c.obj
 .debug_info    0x00002cd8      0x171 CMakeFiles/bootloader_g4.elf.dir/Core/Src/sysmem.c.obj
 .debug_info    0x00002e49      0x39c CMakeFiles/bootloader_g4.elf.dir/Core/Src/system_stm32g4xx.c.obj
 .debug_info    0x000031e5       0x30 CMakeFiles/bootloader_g4.elf.dir/Core/Startup/startup_stm32g473cctx.s.obj
 .debug_info    0x00003215     0x255c CMakeFiles/bootloader_g4.elf.dir/Core/canopen_bootloader.c.obj
 .debug_info    0x00005771      0x61f CMakeFiles/bootloader_g4.elf.dir/Core/flash_g4.c.obj
 .debug_info    0x00005d90      0xc1e CMakeFiles/bootloader_g4.elf.dir/Drivers/STM32G4xx_HAL_Driver/Src/stm32g4xx_hal.c.obj
 .debug_info    0x000069ae      0xfe8 CMakeFiles/bootloader_g4.elf.dir/Drivers/STM32G4xx_HAL_Driver/Src/stm32g4xx_hal_cortex.c.obj
 .debug_info    0x00007996     0x1c35 CMakeFiles/bootloader_g4.elf.dir/Drivers/STM32G4xx_HAL_Driver/Src/stm32g4xx_hal_fdcan.c.obj
 .debug_info    0x000095cb      0x8ce CMakeFiles/bootloader_g4.elf.dir/Drivers/STM32G4xx_HAL_Driver/Src/stm32g4xx_hal_flash.c.obj
 .debug_info    0x00009e99      0xc6c CMakeFiles/bootloader_g4.elf.dir/Drivers/STM32G4xx_HAL_Driver/Src/stm32g4xx_hal_flash_ex.c.obj
 .debug_info    0x0000ab05      0x795 CMakeFiles/bootloader_g4.elf.dir/Drivers/STM32G4xx_HAL_Driver/Src/stm32g4xx_hal_gpio.c.obj
 .debug_info    0x0000b29a      0x9bd CMakeFiles/bootloader_g4.elf.dir/Drivers/STM32G4xx_HAL_Driver/Src/stm32g4xx_hal_pwr_ex.c.obj
 .debug_info    0x0000bc57      0xe3f CMakeFiles/bootloader_g4.elf.dir/Drivers/STM32G4xx_HAL_Driver/Src/stm32g4xx_hal_rcc.c.obj
 .debug_info    0x0000ca96      0xe5a CMakeFiles/bootloader_g4.elf.dir/Drivers/STM32G4xx_HAL_Driver/Src/stm32g4xx_hal_rcc_ex.c.obj
 .debug_info    0x0000d8f0     0x15d3 CMakeFiles/bootloader_g4.elf.dir/Drivers/canopenlibrary/CANopenNode/301/CO_Emergency.c.obj
 .debug_info    0x0000eec3     0x13bd CMakeFiles/bootloader_g4.elf.dir/Drivers/canopenlibrary/CANopenNode/301/CO_NMT_Heartbeat.c.obj
 .debug_info    0x00010280      0xc3c CMakeFiles/bootloader_g4.elf.dir/Drivers/canopenlibrary/CANopenNode/301/CO_ODinterface.c.obj
 .debug_info    0x00010ebc     0x1f8f CMakeFiles/bootloader_g4.elf.dir/Drivers/canopenlibrary/CANopenNode/301/CO_PDO.c.obj
 .debug_info    0x00012e4b     0x1b23 CMakeFiles/bootloader_g4.elf.dir/Drivers/canopenlibrary/CANopenNode/301/CO_SDOserver.c.obj
 .debug_info    0x0001496e     0x1eba CMakeFiles/bootloader_g4.elf.dir/Drivers/canopenlibrary/CANopenNode/CANopen.c.obj
 .debug_info    0x00016828     0x25f2 CMakeFiles/bootloader_g4.elf.dir/Drivers/canopenlibrary/CO_FDCan_Driver.c.obj
 .debug_info    0x00018e1a     0x21ed CMakeFiles/bootloader_g4.elf.dir/Drivers/canopenlibrary/Canopen_Main.c.obj

.debug_abbrev   0x00000000     0x4399
 .debug_abbrev  0x00000000      0x17b CMakeFiles/bootloader_g4.elf.dir/Core/ODBootloader.c.obj
 .debug_abbrev  0x0000017b      0x1ec CMakeFiles/bootloader_g4.elf.dir/Core/Src/fdcan.c.obj
 .debug_abbrev  0x00000367      0x1d1 CMakeFiles/bootloader_g4.elf.dir/Core/Src/main.c.obj
 .debug_abbrev  0x00000538       0xd7 CMakeFiles/bootloader_g4.elf.dir/Core/Src/stm32g4xx_hal_msp.c.obj
 .debug_abbrev  0x0000060f      0x175 CMakeFiles/bootloader_g4.elf.dir/Core/Src/stm32g4xx_it.c.obj
 .debug_abbrev  0x00000784       0xea CMakeFiles/bootloader_g4.elf.dir/Core/Src/sysmem.c.obj
 .debug_abbrev  0x0000086e      0x120 CMakeFiles/bootloader_g4.elf.dir/Core/Src/system_stm32g4xx.c.obj
 .debug_abbrev  0x0000098e       0x24 CMakeFiles/bootloader_g4.elf.dir/Core/Startup/startup_stm32g473cctx.s.obj
 .debug_abbrev  0x000009b2      0x42e CMakeFiles/bootloader_g4.elf.dir/Core/canopen_bootloader.c.obj
 .debug_abbrev  0x00000de0      0x232 CMakeFiles/bootloader_g4.elf.dir/Core/flash_g4.c.obj
 .debug_abbrev  0x00001012      0x27d CMakeFiles/bootloader_g4.elf.dir/Drivers/STM32G4xx_HAL_Driver/Src/stm32g4xx_hal.c.obj
 .debug_abbrev  0x0000128f      0x390 CMakeFiles/bootloader_g4.elf.dir/Drivers/STM32G4xx_HAL_Driver/Src/stm32g4xx_hal_cortex.c.obj
 .debug_abbrev  0x0000161f      0x1f9 CMakeFiles/bootloader_g4.elf.dir/Drivers/STM32G4xx_HAL_Driver/Src/stm32g4xx_hal_fdcan.c.obj
 .debug_abbrev  0x00001818      0x323 CMakeFiles/bootloader_g4.elf.dir/Drivers/STM32G4xx_HAL_Driver/Src/stm32g4xx_hal_flash.c.obj
 .debug_abbrev  0x00001b3b      0x293 CMakeFiles/bootloader_g4.elf.dir/Drivers/STM32G4xx_HAL_Driver/Src/stm32g4xx_hal_flash_ex.c.obj
 .debug_abbrev  0x00001dce      0x1f9 CMakeFiles/bootloader_g4.elf.dir/Drivers/STM32G4xx_HAL_Driver/Src/stm32g4xx_hal_gpio.c.obj
 .debug_abbrev  0x00001fc7      0x249 CMakeFiles/bootloader_g4.elf.dir/Drivers/STM32G4xx_HAL_Driver/Src/stm32g4xx_hal_pwr_ex.c.obj
 .debug_abbrev  0x00002210      0x2ab CMakeFiles/bootloader_g4.elf.dir/Drivers/STM32G4xx_HAL_Driver/Src/stm32g4xx_hal_rcc.c.obj
 .debug_abbrev  0x000024bb      0x27f CMakeFiles/bootloader_g4.elf.dir/Drivers/STM32G4xx_HAL_Driver/Src/stm32g4xx_hal_rcc_ex.c.obj
 .debug_abbrev  0x0000273a      0x371 CMakeFiles/bootloader_g4.elf.dir/Drivers/canopenlibrary/CANopenNode/301/CO_Emergency.c.obj
 .debug_abbrev  0x00002aab      0x377 CMakeFiles/bootloader_g4.elf.dir/Drivers/canopenlibrary/CANopenNode/301/CO_NMT_Heartbeat.c.obj
 .debug_abbrev  0x00002e22      0x2cb CMakeFiles/bootloader_g4.elf.dir/Drivers/canopenlibrary/CANopenNode/301/CO_ODinterface.c.obj
 .debug_abbrev  0x000030ed      0x395 CMakeFiles/bootloader_g4.elf.dir/Drivers/canopenlibrary/CANopenNode/301/CO_PDO.c.obj
 .debug_abbrev  0x00003482      0x3db CMakeFiles/bootloader_g4.elf.dir/Drivers/canopenlibrary/CANopenNode/301/CO_SDOserver.c.obj
 .debug_abbrev  0x0000385d      0x303 CMakeFiles/bootloader_g4.elf.dir/Drivers/canopenlibrary/CANopenNode/CANopen.c.obj
 .debug_abbrev  0x00003b60      0x3fb CMakeFiles/bootloader_g4.elf.dir/Drivers/canopenlibrary/CO_FDCan_Driver.c.obj
 .debug_abbrev  0x00003f5b      0x43e CMakeFiles/bootloader_g4.elf.dir/Drivers/canopenlibrary/Canopen_Main.c.obj

.debug_aranges  0x00000000      0xdd8
 .debug_aranges
                0x00000000       0x18 CMakeFiles/bootloader_g4.elf.dir/Core/ODBootloader.c.obj
 .debug_aranges
                0x00000018       0x38 CMakeFiles/bootloader_g4.elf.dir/Core/Src/fdcan.c.obj
 .debug_aranges
                0x00000050       0x30 CMakeFiles/bootloader_g4.elf.dir/Core/Src/main.c.obj
 .debug_aranges
                0x00000080       0x20 CMakeFiles/bootloader_g4.elf.dir/Core/Src/stm32g4xx_hal_msp.c.obj
 .debug_aranges
                0x000000a0       0x70 CMakeFiles/bootloader_g4.elf.dir/Core/Src/stm32g4xx_it.c.obj
 .debug_aranges
                0x00000110       0x20 CMakeFiles/bootloader_g4.elf.dir/Core/Src/sysmem.c.obj
 .debug_aranges
                0x00000130       0x28 CMakeFiles/bootloader_g4.elf.dir/Core/Src/system_stm32g4xx.c.obj
 .debug_aranges
                0x00000158       0x28 CMakeFiles/bootloader_g4.elf.dir/Core/Startup/startup_stm32g473cctx.s.obj
 .debug_aranges
                0x00000180       0x70 CMakeFiles/bootloader_g4.elf.dir/Core/canopen_bootloader.c.obj
 .debug_aranges
                0x000001f0       0x40 CMakeFiles/bootloader_g4.elf.dir/Core/flash_g4.c.obj
 .debug_aranges
                0x00000230      0x148 CMakeFiles/bootloader_g4.elf.dir/Drivers/STM32G4xx_HAL_Driver/Src/stm32g4xx_hal.c.obj
 .debug_aranges
                0x00000378       0xe0 CMakeFiles/bootloader_g4.elf.dir/Drivers/STM32G4xx_HAL_Driver/Src/stm32g4xx_hal_cortex.c.obj
 .debug_aranges
                0x00000458      0x208 CMakeFiles/bootloader_g4.elf.dir/Drivers/STM32G4xx_HAL_Driver/Src/stm32g4xx_hal_fdcan.c.obj
 .debug_aranges
                0x00000660       0x88 CMakeFiles/bootloader_g4.elf.dir/Drivers/STM32G4xx_HAL_Driver/Src/stm32g4xx_hal_flash.c.obj
 .debug_aranges
                0x000006e8       0xc8 CMakeFiles/bootloader_g4.elf.dir/Drivers/STM32G4xx_HAL_Driver/Src/stm32g4xx_hal_flash_ex.c.obj
 .debug_aranges
                0x000007b0       0x58 CMakeFiles/bootloader_g4.elf.dir/Drivers/STM32G4xx_HAL_Driver/Src/stm32g4xx_hal_gpio.c.obj
 .debug_aranges
                0x00000808      0x140 CMakeFiles/bootloader_g4.elf.dir/Drivers/STM32G4xx_HAL_Driver/Src/stm32g4xx_hal_pwr_ex.c.obj
 .debug_aranges
                0x00000948       0x98 CMakeFiles/bootloader_g4.elf.dir/Drivers/STM32G4xx_HAL_Driver/Src/stm32g4xx_hal_rcc.c.obj
 .debug_aranges
                0x000009e0       0xb0 CMakeFiles/bootloader_g4.elf.dir/Drivers/STM32G4xx_HAL_Driver/Src/stm32g4xx_hal_rcc_ex.c.obj
 .debug_aranges
                0x00000a90       0x48 CMakeFiles/bootloader_g4.elf.dir/Drivers/canopenlibrary/CANopenNode/301/CO_Emergency.c.obj
 .debug_aranges
                0x00000ad8       0x48 CMakeFiles/bootloader_g4.elf.dir/Drivers/canopenlibrary/CANopenNode/301/CO_NMT_Heartbeat.c.obj
 .debug_aranges
                0x00000b20       0x68 CMakeFiles/bootloader_g4.elf.dir/Drivers/canopenlibrary/CANopenNode/301/CO_ODinterface.c.obj
 .debug_aranges
                0x00000b88       0x50 CMakeFiles/bootloader_g4.elf.dir/Drivers/canopenlibrary/CANopenNode/301/CO_PDO.c.obj
 .debug_aranges
                0x00000bd8       0x50 CMakeFiles/bootloader_g4.elf.dir/Drivers/canopenlibrary/CANopenNode/301/CO_SDOserver.c.obj
 .debug_aranges
                0x00000c28       0x60 CMakeFiles/bootloader_g4.elf.dir/Drivers/canopenlibrary/CANopenNode/CANopen.c.obj
 .debug_aranges
                0x00000c88       0xb0 CMakeFiles/bootloader_g4.elf.dir/Drivers/canopenlibrary/CO_FDCan_Driver.c.obj
 .debug_aranges
                0x00000d38       0xa0 CMakeFiles/bootloader_g4.elf.dir/Drivers/canopenlibrary/Canopen_Main.c.obj

.debug_line     0x00000000     0xf47d
 .debug_line    0x00000000      0x162 CMakeFiles/bootloader_g4.elf.dir/Core/ODBootloader.c.obj
 .debug_line    0x00000162      0x576 CMakeFiles/bootloader_g4.elf.dir/Core/Src/fdcan.c.obj
 .debug_line    0x000006d8      0x380 CMakeFiles/bootloader_g4.elf.dir/Core/Src/main.c.obj
 .debug_line    0x00000a58      0x1da CMakeFiles/bootloader_g4.elf.dir/Core/Src/stm32g4xx_hal_msp.c.obj
 .debug_line    0x00000c32      0x2ec CMakeFiles/bootloader_g4.elf.dir/Core/Src/stm32g4xx_it.c.obj
 .debug_line    0x00000f1e      0x1b5 CMakeFiles/bootloader_g4.elf.dir/Core/Src/sysmem.c.obj
 .debug_line    0x000010d3      0x238 CMakeFiles/bootloader_g4.elf.dir/Core/Src/system_stm32g4xx.c.obj
 .debug_line    0x0000130b       0x7b CMakeFiles/bootloader_g4.elf.dir/Core/Startup/startup_stm32g473cctx.s.obj
 .debug_line    0x00001386      0xa08 CMakeFiles/bootloader_g4.elf.dir/Core/canopen_bootloader.c.obj
 .debug_line    0x00001d8e      0x4db CMakeFiles/bootloader_g4.elf.dir/Core/flash_g4.c.obj
 .debug_line    0x00002269      0x73b CMakeFiles/bootloader_g4.elf.dir/Drivers/STM32G4xx_HAL_Driver/Src/stm32g4xx_hal.c.obj
 .debug_line    0x000029a4      0x83f CMakeFiles/bootloader_g4.elf.dir/Drivers/STM32G4xx_HAL_Driver/Src/stm32g4xx_hal_cortex.c.obj
 .debug_line    0x000031e3     0x1a79 CMakeFiles/bootloader_g4.elf.dir/Drivers/STM32G4xx_HAL_Driver/Src/stm32g4xx_hal_fdcan.c.obj
 .debug_line    0x00004c5c      0x81b CMakeFiles/bootloader_g4.elf.dir/Drivers/STM32G4xx_HAL_Driver/Src/stm32g4xx_hal_flash.c.obj
 .debug_line    0x00005477      0xe16 CMakeFiles/bootloader_g4.elf.dir/Drivers/STM32G4xx_HAL_Driver/Src/stm32g4xx_hal_flash_ex.c.obj
 .debug_line    0x0000628d      0x6f4 CMakeFiles/bootloader_g4.elf.dir/Drivers/STM32G4xx_HAL_Driver/Src/stm32g4xx_hal_gpio.c.obj
 .debug_line    0x00006981      0xaa7 CMakeFiles/bootloader_g4.elf.dir/Drivers/STM32G4xx_HAL_Driver/Src/stm32g4xx_hal_pwr_ex.c.obj
 .debug_line    0x00007428      0xee5 CMakeFiles/bootloader_g4.elf.dir/Drivers/STM32G4xx_HAL_Driver/Src/stm32g4xx_hal_rcc.c.obj
 .debug_line    0x0000830d     0x1267 CMakeFiles/bootloader_g4.elf.dir/Drivers/STM32G4xx_HAL_Driver/Src/stm32g4xx_hal_rcc_ex.c.obj
 .debug_line    0x00009574      0x8fa CMakeFiles/bootloader_g4.elf.dir/Drivers/canopenlibrary/CANopenNode/301/CO_Emergency.c.obj
 .debug_line    0x00009e6e      0x78f CMakeFiles/bootloader_g4.elf.dir/Drivers/canopenlibrary/CANopenNode/301/CO_NMT_Heartbeat.c.obj
 .debug_line    0x0000a5fd      0x804 CMakeFiles/bootloader_g4.elf.dir/Drivers/canopenlibrary/CANopenNode/301/CO_ODinterface.c.obj
 .debug_line    0x0000ae01      0xe97 CMakeFiles/bootloader_g4.elf.dir/Drivers/canopenlibrary/CANopenNode/301/CO_PDO.c.obj
 .debug_line    0x0000bc98     0x12a3 CMakeFiles/bootloader_g4.elf.dir/Drivers/canopenlibrary/CANopenNode/301/CO_SDOserver.c.obj
 .debug_line    0x0000cf3b      0xbfd CMakeFiles/bootloader_g4.elf.dir/Drivers/canopenlibrary/CANopenNode/CANopen.c.obj
 .debug_line    0x0000db38     0x10e9 CMakeFiles/bootloader_g4.elf.dir/Drivers/canopenlibrary/CO_FDCan_Driver.c.obj
 .debug_line    0x0000ec21      0x85c CMakeFiles/bootloader_g4.elf.dir/Drivers/canopenlibrary/Canopen_Main.c.obj

.debug_str      0x00000000     0x84f2
 .debug_str     0x00000000     0x84f2 CMakeFiles/bootloader_g4.elf.dir/Core/ODBootloader.c.obj
                               0x10c4 (size before relaxing)
 .debug_str     0x000084f2      0xfad CMakeFiles/bootloader_g4.elf.dir/Core/Src/fdcan.c.obj
 .debug_str     0x000084f2      0x441 CMakeFiles/bootloader_g4.elf.dir/Core/Src/main.c.obj
 .debug_str     0x000084f2      0x358 CMakeFiles/bootloader_g4.elf.dir/Core/Src/stm32g4xx_hal_msp.c.obj
 .debug_str     0x000084f2      0x625 CMakeFiles/bootloader_g4.elf.dir/Core/Src/stm32g4xx_it.c.obj
 .debug_str     0x000084f2      0x24b CMakeFiles/bootloader_g4.elf.dir/Core/Src/sysmem.c.obj
 .debug_str     0x000084f2      0x39d CMakeFiles/bootloader_g4.elf.dir/Core/Src/system_stm32g4xx.c.obj
 .debug_str     0x000084f2       0x97 CMakeFiles/bootloader_g4.elf.dir/Core/Startup/startup_stm32g473cctx.s.obj
 .debug_str     0x000084f2     0x1d5e CMakeFiles/bootloader_g4.elf.dir/Core/canopen_bootloader.c.obj
 .debug_str     0x000084f2      0x46d CMakeFiles/bootloader_g4.elf.dir/Core/flash_g4.c.obj
 .debug_str     0x000084f2      0xde0 CMakeFiles/bootloader_g4.elf.dir/Drivers/STM32G4xx_HAL_Driver/Src/stm32g4xx_hal.c.obj
 .debug_str     0x000084f2      0xcfe CMakeFiles/bootloader_g4.elf.dir/Drivers/STM32G4xx_HAL_Driver/Src/stm32g4xx_hal_cortex.c.obj
 .debug_str     0x000084f2     0x1257 CMakeFiles/bootloader_g4.elf.dir/Drivers/STM32G4xx_HAL_Driver/Src/stm32g4xx_hal_fdcan.c.obj
 .debug_str     0x000084f2      0x6a1 CMakeFiles/bootloader_g4.elf.dir/Drivers/STM32G4xx_HAL_Driver/Src/stm32g4xx_hal_flash.c.obj
 .debug_str     0x000084f2      0x811 CMakeFiles/bootloader_g4.elf.dir/Drivers/STM32G4xx_HAL_Driver/Src/stm32g4xx_hal_flash_ex.c.obj
 .debug_str     0x000084f2      0x56a CMakeFiles/bootloader_g4.elf.dir/Drivers/STM32G4xx_HAL_Driver/Src/stm32g4xx_hal_gpio.c.obj
 .debug_str     0x000084f2      0x80c CMakeFiles/bootloader_g4.elf.dir/Drivers/STM32G4xx_HAL_Driver/Src/stm32g4xx_hal_pwr_ex.c.obj
 .debug_str     0x000084f2      0x87f CMakeFiles/bootloader_g4.elf.dir/Drivers/STM32G4xx_HAL_Driver/Src/stm32g4xx_hal_rcc.c.obj
 .debug_str     0x000084f2      0xa8f CMakeFiles/bootloader_g4.elf.dir/Drivers/STM32G4xx_HAL_Driver/Src/stm32g4xx_hal_rcc_ex.c.obj
 .debug_str     0x000084f2     0x1756 CMakeFiles/bootloader_g4.elf.dir/Drivers/canopenlibrary/CANopenNode/301/CO_Emergency.c.obj
 .debug_str     0x000084f2     0x139c CMakeFiles/bootloader_g4.elf.dir/Drivers/canopenlibrary/CANopenNode/301/CO_NMT_Heartbeat.c.obj
 .debug_str     0x000084f2      0x648 CMakeFiles/bootloader_g4.elf.dir/Drivers/canopenlibrary/CANopenNode/301/CO_ODinterface.c.obj
 .debug_str     0x000084f2     0x1834 CMakeFiles/bootloader_g4.elf.dir/Drivers/canopenlibrary/CANopenNode/301/CO_PDO.c.obj
 .debug_str     0x000084f2     0x1891 CMakeFiles/bootloader_g4.elf.dir/Drivers/canopenlibrary/CANopenNode/301/CO_SDOserver.c.obj
 .debug_str     0x000084f2     0x1858 CMakeFiles/bootloader_g4.elf.dir/Drivers/canopenlibrary/CANopenNode/CANopen.c.obj
 .debug_str     0x000084f2     0x1cb5 CMakeFiles/bootloader_g4.elf.dir/Drivers/canopenlibrary/CO_FDCan_Driver.c.obj
 .debug_str     0x000084f2     0x21a3 CMakeFiles/bootloader_g4.elf.dir/Drivers/canopenlibrary/Canopen_Main.c.obj

.comment        0x00000000       0x45
 .comment       0x00000000       0x45 CMakeFiles/bootloader_g4.elf.dir/Core/ODBootloader.c.obj
                                 0x46 (size before relaxing)
 .comment       0x00000045       0x46 CMakeFiles/bootloader_g4.elf.dir/Core/Src/fdcan.c.obj
 .comment       0x00000045       0x46 CMakeFiles/bootloader_g4.elf.dir/Core/Src/main.c.obj
 .comment       0x00000045       0x46 CMakeFiles/bootloader_g4.elf.dir/Core/Src/stm32g4xx_hal_msp.c.obj
 .comment       0x00000045       0x46 CMakeFiles/bootloader_g4.elf.dir/Core/Src/stm32g4xx_it.c.obj
 .comment       0x00000045       0x46 CMakeFiles/bootloader_g4.elf.dir/Core/Src/sysmem.c.obj
 .comment       0x00000045       0x46 CMakeFiles/bootloader_g4.elf.dir/Core/Src/system_stm32g4xx.c.obj
 .comment       0x00000045       0x46 CMakeFiles/bootloader_g4.elf.dir/Core/canopen_bootloader.c.obj
 .comment       0x00000045       0x46 CMakeFiles/bootloader_g4.elf.dir/Core/flash_g4.c.obj
 .comment       0x00000045       0x46 CMakeFiles/bootloader_g4.elf.dir/Drivers/STM32G4xx_HAL_Driver/Src/stm32g4xx_hal.c.obj
 .comment       0x00000045       0x46 CMakeFiles/bootloader_g4.elf.dir/Drivers/STM32G4xx_HAL_Driver/Src/stm32g4xx_hal_cortex.c.obj
 .comment       0x00000045       0x46 CMakeFiles/bootloader_g4.elf.dir/Drivers/STM32G4xx_HAL_Driver/Src/stm32g4xx_hal_fdcan.c.obj
 .comment       0x00000045       0x46 CMakeFiles/bootloader_g4.elf.dir/Drivers/STM32G4xx_HAL_Driver/Src/stm32g4xx_hal_flash.c.obj
 .comment       0x00000045       0x46 CMakeFiles/bootloader_g4.elf.dir/Drivers/STM32G4xx_HAL_Driver/Src/stm32g4xx_hal_flash_ex.c.obj
 .comment       0x00000045       0x46 CMakeFiles/bootloader_g4.elf.dir/Drivers/STM32G4xx_HAL_Driver/Src/stm32g4xx_hal_gpio.c.obj
 .comment       0x00000045       0x46 CMakeFiles/bootloader_g4.elf.dir/Drivers/STM32G4xx_HAL_Driver/Src/stm32g4xx_hal_pwr_ex.c.obj
 .comment       0x00000045       0x46 CMakeFiles/bootloader_g4.elf.dir/Drivers/STM32G4xx_HAL_Driver/Src/stm32g4xx_hal_rcc.c.obj
 .comment       0x00000045       0x46 CMakeFiles/bootloader_g4.elf.dir/Drivers/STM32G4xx_HAL_Driver/Src/stm32g4xx_hal_rcc_ex.c.obj
 .comment       0x00000045       0x46 CMakeFiles/bootloader_g4.elf.dir/Drivers/canopenlibrary/CANopenNode/301/CO_Emergency.c.obj
 .comment       0x00000045       0x46 CMakeFiles/bootloader_g4.elf.dir/Drivers/canopenlibrary/CANopenNode/301/CO_NMT_Heartbeat.c.obj
 .comment       0x00000045       0x46 CMakeFiles/bootloader_g4.elf.dir/Drivers/canopenlibrary/CANopenNode/301/CO_ODinterface.c.obj
 .comment       0x00000045       0x46 CMakeFiles/bootloader_g4.elf.dir/Drivers/canopenlibrary/CANopenNode/301/CO_PDO.c.obj
 .comment       0x00000045       0x46 CMakeFiles/bootloader_g4.elf.dir/Drivers/canopenlibrary/CANopenNode/301/CO_SDOserver.c.obj
 .comment       0x00000045       0x46 CMakeFiles/bootloader_g4.elf.dir/Drivers/canopenlibrary/CANopenNode/CANopen.c.obj
 .comment       0x00000045       0x46 CMakeFiles/bootloader_g4.elf.dir/Drivers/canopenlibrary/CO_FDCan_Driver.c.obj
 .comment       0x00000045       0x46 CMakeFiles/bootloader_g4.elf.dir/Drivers/canopenlibrary/Canopen_Main.c.obj

.debug_loclists
                0x00000000     0x974d
 .debug_loclists
                0x00000000       0x9c CMakeFiles/bootloader_g4.elf.dir/Core/Src/fdcan.c.obj
 .debug_loclists
                0x0000009c       0x52 CMakeFiles/bootloader_g4.elf.dir/Core/Src/sysmem.c.obj
 .debug_loclists
                0x000000ee       0x65 CMakeFiles/bootloader_g4.elf.dir/Core/Src/system_stm32g4xx.c.obj
 .debug_loclists
                0x00000153      0x13a CMakeFiles/bootloader_g4.elf.dir/Core/canopen_bootloader.c.obj
 .debug_loclists
                0x0000028d      0x1ce CMakeFiles/bootloader_g4.elf.dir/Core/flash_g4.c.obj
 .debug_loclists
                0x0000045b      0x14d CMakeFiles/bootloader_g4.elf.dir/Drivers/STM32G4xx_HAL_Driver/Src/stm32g4xx_hal.c.obj
 .debug_loclists
                0x000005a8      0x545 CMakeFiles/bootloader_g4.elf.dir/Drivers/STM32G4xx_HAL_Driver/Src/stm32g4xx_hal_cortex.c.obj
 .debug_loclists
                0x00000aed      0xffa CMakeFiles/bootloader_g4.elf.dir/Drivers/STM32G4xx_HAL_Driver/Src/stm32g4xx_hal_fdcan.c.obj
 .debug_loclists
                0x00001ae7      0x3f8 CMakeFiles/bootloader_g4.elf.dir/Drivers/STM32G4xx_HAL_Driver/Src/stm32g4xx_hal_flash.c.obj
 .debug_loclists